Archive member included to satisfy reference by file (symbol)

/usr/local/Cellar/gcc-arm-none-eabi/20160926/bin/../lib/gcc/arm-none-eabi/5.4.1/../../../../arm-none-eabi/lib/armv7-m/libc_nano.a(lib_a-exit.o)
                              /usr/local/Cellar/gcc-arm-none-eabi/20160926/bin/../lib/gcc/arm-none-eabi/5.4.1/../../../../arm-none-eabi/lib/armv7-m/crt0.o (exit)
/usr/local/Cellar/gcc-arm-none-eabi/20160926/bin/../lib/gcc/arm-none-eabi/5.4.1/../../../../arm-none-eabi/lib/armv7-m/libc_nano.a(lib_a-impure.o)
                              /usr/local/Cellar/gcc-arm-none-eabi/20160926/bin/../lib/gcc/arm-none-eabi/5.4.1/../../../../arm-none-eabi/lib/armv7-m/libc_nano.a(lib_a-exit.o) (_global_impure_ptr)
/usr/local/Cellar/gcc-arm-none-eabi/20160926/bin/../lib/gcc/arm-none-eabi/5.4.1/../../../../arm-none-eabi/lib/armv7-m/libc_nano.a(lib_a-init.o)
                              /usr/local/Cellar/gcc-arm-none-eabi/20160926/bin/../lib/gcc/arm-none-eabi/5.4.1/../../../../arm-none-eabi/lib/armv7-m/crt0.o (__libc_init_array)
/usr/local/Cellar/gcc-arm-none-eabi/20160926/bin/../lib/gcc/arm-none-eabi/5.4.1/../../../../arm-none-eabi/lib/armv7-m/libc_nano.a(lib_a-memset.o)
                              /usr/local/Cellar/gcc-arm-none-eabi/20160926/bin/../lib/gcc/arm-none-eabi/5.4.1/../../../../arm-none-eabi/lib/armv7-m/crt0.o (memset)
/usr/local/Cellar/gcc-arm-none-eabi/20160926/bin/../lib/gcc/arm-none-eabi/5.4.1/../../../../arm-none-eabi/lib/armv7-m/libc_nano.a(lib_a-nano-vfprintf_float.o)
                              (_printf_float)
/usr/local/Cellar/gcc-arm-none-eabi/20160926/bin/../lib/gcc/arm-none-eabi/5.4.1/../../../../arm-none-eabi/lib/armv7-m/libc_nano.a(lib_a-nano-vfprintf_i.o)
                              /usr/local/Cellar/gcc-arm-none-eabi/20160926/bin/../lib/gcc/arm-none-eabi/5.4.1/../../../../arm-none-eabi/lib/armv7-m/libc_nano.a(lib_a-nano-vfprintf_float.o) (_printf_common)
/usr/local/Cellar/gcc-arm-none-eabi/20160926/bin/../lib/gcc/arm-none-eabi/5.4.1/../../../../arm-none-eabi/lib/armv7-m/libc_nano.a(lib_a-nano-vfscanf_float.o)
                              (_scanf_float)
/usr/local/Cellar/gcc-arm-none-eabi/20160926/bin/../lib/gcc/arm-none-eabi/5.4.1/../../../../arm-none-eabi/lib/armv7-m/libc_nano.a(lib_a-printf.o)
                              build/debug.o (printf)
/usr/local/Cellar/gcc-arm-none-eabi/20160926/bin/../lib/gcc/arm-none-eabi/5.4.1/../../../../arm-none-eabi/lib/armv7-m/libc_nano.a(lib_a-putchar.o)
                              build/main_menu.o (putchar)
/usr/local/Cellar/gcc-arm-none-eabi/20160926/bin/../lib/gcc/arm-none-eabi/5.4.1/../../../../arm-none-eabi/lib/armv7-m/libc_nano.a(lib_a-puts.o)
                              build/stm32f10x_it.o (puts)
/usr/local/Cellar/gcc-arm-none-eabi/20160926/bin/../lib/gcc/arm-none-eabi/5.4.1/../../../../arm-none-eabi/lib/armv7-m/libc_nano.a(lib_a-sf_nan.o)
                              /usr/local/Cellar/gcc-arm-none-eabi/20160926/bin/../lib/gcc/arm-none-eabi/5.4.1/../../../../arm-none-eabi/lib/armv7-m/libc_nano.a(lib_a-nano-vfscanf_float.o) (nanf)
/usr/local/Cellar/gcc-arm-none-eabi/20160926/bin/../lib/gcc/arm-none-eabi/5.4.1/../../../../arm-none-eabi/lib/armv7-m/libc_nano.a(lib_a-sprintf.o)
                              /usr/local/Cellar/gcc-arm-none-eabi/20160926/bin/../lib/gcc/arm-none-eabi/5.4.1/../../../../arm-none-eabi/lib/armv7-m/libc_nano.a(lib_a-nano-vfscanf_float.o) (sprintf)
/usr/local/Cellar/gcc-arm-none-eabi/20160926/bin/../lib/gcc/arm-none-eabi/5.4.1/../../../../arm-none-eabi/lib/armv7-m/libc_nano.a(lib_a-strlen.o)
                              /usr/local/Cellar/gcc-arm-none-eabi/20160926/bin/../lib/gcc/arm-none-eabi/5.4.1/../../../../arm-none-eabi/lib/armv7-m/libc_nano.a(lib_a-nano-vfprintf_float.o) (strlen)
/usr/local/Cellar/gcc-arm-none-eabi/20160926/bin/../lib/gcc/arm-none-eabi/5.4.1/../../../../arm-none-eabi/lib/armv7-m/libc_nano.a(lib_a-strtod.o)
                              /usr/local/Cellar/gcc-arm-none-eabi/20160926/bin/../lib/gcc/arm-none-eabi/5.4.1/../../../../arm-none-eabi/lib/armv7-m/libc_nano.a(lib_a-nano-vfscanf_float.o) (_strtod_r)
/usr/local/Cellar/gcc-arm-none-eabi/20160926/bin/../lib/gcc/arm-none-eabi/5.4.1/../../../../arm-none-eabi/lib/armv7-m/libc_nano.a(lib_a-strtol.o)
                              /usr/local/Cellar/gcc-arm-none-eabi/20160926/bin/../lib/gcc/arm-none-eabi/5.4.1/../../../../arm-none-eabi/lib/armv7-m/libc_nano.a(lib_a-nano-vfscanf_float.o) (_strtol_r)
/usr/local/Cellar/gcc-arm-none-eabi/20160926/bin/../lib/gcc/arm-none-eabi/5.4.1/../../../../arm-none-eabi/lib/armv7-m/libc_nano.a(lib_a-wbuf.o)
                              /usr/local/Cellar/gcc-arm-none-eabi/20160926/bin/../lib/gcc/arm-none-eabi/5.4.1/../../../../arm-none-eabi/lib/armv7-m/libc_nano.a(lib_a-puts.o) (__swbuf_r)
/usr/local/Cellar/gcc-arm-none-eabi/20160926/bin/../lib/gcc/arm-none-eabi/5.4.1/../../../../arm-none-eabi/lib/armv7-m/libc_nano.a(lib_a-wsetup.o)
[...]
Memory Configuration

Name             Origin             Length             Attributes
RAM              0x0000000020000000 0x0000000000005000 xrw
FLASH            0x0000000008000000 0x0000000000020000 xr
*default*        0x0000000000000000 0xffffffffffffffff

Linker script and memory map

LOAD /usr/local/Cellar/gcc-arm-none-eabi/20160926/bin/../lib/gcc/arm-none-eabi/5.4.1/armv7-m/crti.o
LOAD /usr/local/Cellar/gcc-arm-none-eabi/20160926/bin/../lib/gcc/arm-none-eabi/5.4.1/armv7-m/crtbegin.o
LOAD /usr/local/Cellar/gcc-arm-none-eabi/20160926/bin/../lib/gcc/arm-none-eabi/5.4.1/../../../../arm-none-eabi/lib/armv7-m/crt0.o
LOAD build/main.o
LOAD build/stm32f10x_it.o
LOAD build/hw_config.o
LOAD build/debug.o
LOAD build/key.o
LOAD build/led.o
LOAD build/seven_segment.o
LOAD build/usb_desc.o
LOAD build/usb_endp.o
LOAD build/usb_istr.o
LOAD build/usb_prop.o
LOAD build/usb_pwr.o
LOAD build/zigbee_test.o
LOAD build/syscalls.o
LOAD build/misc.o
LOAD build/stm32f10x_adc.o
LOAD build/stm32f10x_bkp.o
LOAD build/stm32f10x_can.o
LOAD build/stm32f10x_crc.o
LOAD build/stm32f10x_dac.o
LOAD build/stm32f10x_dbgmcu.o
LOAD build/stm32f10x_dma.o
LOAD build/stm32f10x_exti.o
LOAD build/stm32f10x_flash.o
LOAD build/stm32f10x_fsmc.o
LOAD build/stm32f10x_gpio.o
LOAD build/stm32f10x_i2c.o
LOAD build/stm32f10x_iwdg.o
LOAD build/stm32f10x_pwr.o
LOAD build/stm32f10x_rcc.o
LOAD build/stm32f10x_rtc.o
LOAD build/stm32f10x_sdio.o
LOAD build/stm32f10x_spi.o
LOAD build/stm32f10x_tim.o
LOAD build/stm32f10x_usart.o
LOAD build/stm32f10x_wwdg.o
LOAD build/usb_core.o
LOAD build/usb_init.o
LOAD build/usb_int.o
LOAD build/usb_mem.o
LOAD build/usb_regs.o
LOAD build/system_stm32f10x.o
LOAD build/core_cm3.o
LOAD build/main_menu.o
LOAD build/led_menu.o
LOAD build/key_menu.o
LOAD build/startup_stm32f10x_md.o
LOAD /usr/local/Cellar/gcc-arm-none-eabi/20160926/bin/../lib/gcc/arm-none-eabi/5.4.1/../../../../arm-none-eabi/lib/armv7-m/libc_nano.a
LOAD /usr/local/Cellar/gcc-arm-none-eabi/20160926/bin/../lib/gcc/arm-none-eabi/5.4.1/../../../../arm-none-eabi/lib/armv7-m/libm.a
LOAD /usr/local/Cellar/gcc-arm-none-eabi/20160926/bin/../lib/gcc/arm-none-eabi/5.4.1/../../../../arm-none-eabi/lib/armv7-m/libnosys.a
START GROUP
LOAD /usr/local/Cellar/gcc-arm-none-eabi/20160926/bin/../lib/gcc/arm-none-eabi/5.4.1/armv7-m/libgcc.a
LOAD /usr/local/Cellar/gcc-arm-none-eabi/20160926/bin/../lib/gcc/arm-none-eabi/5.4.1/../../../../arm-none-eabi/lib/armv7-m/libc_nano.a
END GROUP
START GROUP
LOAD /usr/local/Cellar/gcc-arm-none-eabi/20160926/bin/../lib/gcc/arm-none-eabi/5.4.1/armv7-m/libgcc.a
LOAD /usr/local/Cellar/gcc-arm-none-eabi/20160926/bin/../lib/gcc/arm-none-eabi/5.4.1/../../../../arm-none-eabi/lib/armv7-m/libc_nano.a
END GROUP
LOAD /usr/local/Cellar/gcc-arm-none-eabi/20160926/bin/../lib/gcc/arm-none-eabi/5.4.1/armv7-m/crtend.o
LOAD /usr/local/Cellar/gcc-arm-none-eabi/20160926/bin/../lib/gcc/arm-none-eabi/5.4.1/armv7-m/crtn.o
                0x0000000020005000                _estack = 0x20005000
                0x0000000000000200                _Min_Heap_Size = 0x200
                0x0000000000000400                _Min_Stack_Size = 0x400

.isr_vector     0x0000000008000000      0x10c
                0x0000000008000000                . = ALIGN (0x4)
 *(.isr_vector)
 .isr_vector    0x0000000008000000      0x10c build/startup_stm32f10x_md.o
                0x0000000008000000                g_pfnVectors
                0x000000000800010c                . = ALIGN (0x4)

.text           0x0000000008000110     0x7d48
                0x0000000008000110                . = ALIGN (0x4)
 *(.text)
 .text          0x0000000008000110       0x5c /usr/local/Cellar/gcc-arm-none-eabi/20160926/bin/../lib/gcc/arm-none-eabi/5.4.1/armv7-m/crtbegin.o
 .text          0x000000000800016c       0x10 /usr/local/Cellar/gcc-arm-none-eabi/20160926/bin/../lib/gcc/arm-none-eabi/5.4.1/../../../../arm-none-eabi/lib/armv7-m/libc_nano.a(lib_a-strlen.o)
                0x000000000800016c                strlen
 .text          0x000000000800017c      0x370 /usr/local/Cellar/gcc-arm-none-eabi/20160926/bin/../lib/gcc/arm-none-eabi/5.4.1/armv7-m/libgcc.a(_arm_addsubdf3.o)
                0x000000000800017c                __aeabi_drsub
                0x0000000008000184                __subdf3
                0x0000000008000184                __aeabi_dsub
                0x0000000008000188                __aeabi_dadd
                0x0000000008000188                __adddf3
                0x0000000008000400                __aeabi_ui2d
                0x0000000008000400                __floatunsidf
                0x0000000008000420                __floatsidf
                0x0000000008000420                __aeabi_i2d
                0x0000000008000444                __extendsfdf2
                0x0000000008000444                __aeabi_f2d
                0x0000000008000480                __aeabi_ul2d
                0x0000000008000480                __floatundidf
                0x0000000008000490                __aeabi_l2d
                0x0000000008000490                __floatdidf
 .text          0x00000000080004ec      0x424 /usr/local/Cellar/gcc-arm-none-eabi/20160926/bin/../lib/gcc/arm-none-eabi/5.4.1/armv7-m/libgcc.a(_arm_muldivdf3.o)
                0x00000000080004ec                __aeabi_dmul
                0x00000000080004ec                __muldf3
                0x0000000008000740                __aeabi_ddiv
                0x0000000008000740                __divdf3
 .text          0x0000000008000910      0x110 /usr/local/Cellar/gcc-arm-none-eabi/20160926/bin/../lib/gcc/arm-none-eabi/5.4.1/armv7-m/libgcc.a(_arm_cmpdf2.o)
                0x0000000008000910                __gedf2
                0x0000000008000910                __gtdf2
                0x0000000008000918                __ledf2
                0x0000000008000918                __ltdf2
                0x0000000008000920                __cmpdf2
                0x0000000008000920                __eqdf2
                0x0000000008000920                __nedf2
                0x000000000800099c                __aeabi_cdrcmple
                0x00000000080009ac                __aeabi_cdcmple
                0x00000000080009ac                __aeabi_cdcmpeq
                0x00000000080009bc                __aeabi_dcmpeq
                0x00000000080009d0                __aeabi_dcmplt
                0x00000000080009e4                __aeabi_dcmple
                0x00000000080009f8                __aeabi_dcmpge
                0x0000000008000a0c                __aeabi_dcmpgt
 .text          0x0000000008000a20       0x2c /usr/local/Cellar/gcc-arm-none-eabi/20160926/bin/../lib/gcc/arm-none-eabi/5.4.1/armv7-m/libgcc.a(_arm_unorddf2.o)
                0x0000000008000a20                __aeabi_dcmpun
                0x0000000008000a20                __unorddf2
 .text          0x0000000008000a4c       0x50 /usr/local/Cellar/gcc-arm-none-eabi/20160926/bin/../lib/gcc/arm-none-eabi/5.4.1/armv7-m/libgcc.a(_arm_fixdfsi.o)
                0x0000000008000a4c                __fixdfsi
                0x0000000008000a4c                __aeabi_d2iz
 .text          0x0000000008000a9c       0x40 /usr/local/Cellar/gcc-arm-none-eabi/20160926/bin/../lib/gcc/arm-none-eabi/5.4.1/armv7-m/libgcc.a(_arm_fixunsdfsi.o)
                0x0000000008000a9c                __fixunsdfsi
                0x0000000008000a9c                __aeabi_d2uiz
 .text          0x0000000008000adc       0xa0 /usr/local/Cellar/gcc-arm-none-eabi/20160926/bin/../lib/gcc/arm-none-eabi/5.4.1/armv7-m/libgcc.a(_arm_truncdfsf2.o)
                0x0000000008000adc                __aeabi_d2f
                0x0000000008000adc                __truncdfsf2
 *(.text*)
 .text.main     0x0000000008000b7c       0x64 build/main.o
                0x0000000008000b7c                main
 .text.NMI_Handler
                0x0000000008000be0        0x4 build/stm32f10x_it.o
                0x0000000008000be0                NMI_Handler
 .text.HardFault_Handler
                0x0000000008000be4        0x4 build/stm32f10x_it.o
                0x0000000008000be4                HardFault_Handler
 .text.MemManage_Handler
                0x0000000008000be8        0x4 build/stm32f10x_it.o
                0x0000000008000be8                MemManage_Handler
 .text.BusFault_Handler
                0x0000000008000bec        0x4 build/stm32f10x_it.o
                0x0000000008000bec                BusFault_Handler
 .text.UsageFault_Handler
                0x0000000008000bf0        0x4 build/stm32f10x_it.o
                0x0000000008000bf0                UsageFault_Handler
 .text.SVC_Handler
                0x0000000008000bf4        0x4 build/stm32f10x_it.o
                0x0000000008000bf4                SVC_Handler
 .text.DebugMon_Handler
                0x0000000008000bf8        0x4 build/stm32f10x_it.o
                0x0000000008000bf8                DebugMon_Handler
 .text.PendSV_Handler
                0x0000000008000bfc        0x4 build/stm32f10x_it.o
                0x0000000008000bfc                PendSV_Handler
 .text.SysTick_Handler
                0x0000000008000c00        0x8 build/stm32f10x_it.o
                0x0000000008000c00                SysTick_Handler
 .text.WWDG_IRQHandler
                0x0000000008000c08        0x4 build/stm32f10x_it.o
                0x0000000008000c08                WWDG_IRQHandler
 .text.PVD_IRQHandler
                0x0000000008000c0c        0x4 build/stm32f10x_it.o
                0x0000000008000c0c                PVD_IRQHandler
 .text.TAMPER_IRQHandler
                0x0000000008000c10        0x4 build/stm32f10x_it.o
                0x0000000008000c10                TAMPER_IRQHandler
 .text.RTC_IRQHandler
                0x0000000008000c14        0x4 build/stm32f10x_it.o
                0x0000000008000c14                RTC_IRQHandler
 .text.FLASH_IRQHandler
                0x0000000008000c18        0x4 build/stm32f10x_it.o
                0x0000000008000c18                FLASH_IRQHandler
 .text.RCC_IRQHandler
                0x0000000008000c1c        0x4 build/stm32f10x_it.o
                0x0000000008000c1c                RCC_IRQHandler
 .text.EXTI0_IRQHandler
                0x0000000008000c20       0x70 build/stm32f10x_it.o
                0x0000000008000c20                EXTI0_IRQHandler
 .text.EXTI1_IRQHandler
                0x0000000008000c90       0x70 build/stm32f10x_it.o
                0x0000000008000c90                EXTI1_IRQHandler
 .text.EXTI2_IRQHandler
                0x0000000008000d00        0x4 build/stm32f10x_it.o
                0x0000000008000d00                EXTI2_IRQHandler
 .text.EXTI3_IRQHandler
                0x0000000008000d04        0x4 build/stm32f10x_it.o
                0x0000000008000d04                EXTI3_IRQHandler
 .text.EXTI4_IRQHandler
                0x0000000008000d08        0x4 build/stm32f10x_it.o
                0x0000000008000d08                EXTI4_IRQHandler
 .text.DMA1_Channel1_IRQHandler
                0x0000000008000d0c       0x54 build/stm32f10x_it.o
                0x0000000008000d0c                DMA1_Channel1_IRQHandler
 .text.DMA1_Channel2_IRQHandler
                0x0000000008000d60        0x4 build/stm32f10x_it.o
                0x0000000008000d60                DMA1_Channel2_IRQHandler
 .text.DMA1_Channel3_IRQHandler
                0x0000000008000d64        0x4 build/stm32f10x_it.o
                0x0000000008000d64                DMA1_Channel3_IRQHandler
 .text.DMA1_Channel4_IRQHandler
                0x0000000008000d68        0x4 build/stm32f10x_it.o
                0x0000000008000d68                DMA1_Channel4_IRQHandler
 .text.DMA1_Channel5_IRQHandler
                0x0000000008000d6c        0x4 build/stm32f10x_it.o
                0x0000000008000d6c                DMA1_Channel5_IRQHandler
 .text.DMA1_Channel6_IRQHandler
                0x0000000008000d70        0x4 build/stm32f10x_it.o
                0x0000000008000d70                DMA1_Channel6_IRQHandler
 .text.DMA1_Channel7_IRQHandler
                0x0000000008000d74        0x4 build/stm32f10x_it.o
                0x0000000008000d74                DMA1_Channel7_IRQHandler
 .text.ADC1_2_IRQHandler
                0x0000000008000d78        0x4 build/stm32f10x_it.o
                0x0000000008000d78                ADC1_2_IRQHandler
 .text.USB_HP_CAN1_TX_IRQHandler
                0x0000000008000d7c        0x4 build/stm32f10x_it.o
                0x0000000008000d7c                USB_HP_CAN1_TX_IRQHandler
 .text.USB_LP_CAN1_RX0_IRQHandler
                0x0000000008000d80        0x8 build/stm32f10x_it.o
                0x0000000008000d80                USB_LP_CAN1_RX0_IRQHandler
 .text.CAN1_RX1_IRQHandler
                0x0000000008000d88        0x4 build/stm32f10x_it.o
                0x0000000008000d88                CAN1_RX1_IRQHandler
 .text.CAN1_SCE_IRQHandler
                0x0000000008000d8c        0x4 build/stm32f10x_it.o
                0x0000000008000d8c                CAN1_SCE_IRQHandler
 .text.EXTI9_5_IRQHandler
                0x0000000008000d90        0x4 build/stm32f10x_it.o
                0x0000000008000d90                EXTI9_5_IRQHandler
 .text.TIM1_BRK_IRQHandler
                0x0000000008000d94        0x4 build/stm32f10x_it.o
                0x0000000008000d94                TIM1_BRK_IRQHandler
 .text.TIM1_UP_IRQHandler
                0x0000000008000d98        0x4 build/stm32f10x_it.o
                0x0000000008000d98                TIM1_UP_IRQHandler
 .text.TIM1_TRG_COM_IRQHandler
                0x0000000008000d9c        0x4 build/stm32f10x_it.o
                0x0000000008000d9c                TIM1_TRG_COM_IRQHandler
 .text.TIM1_CC_IRQHandler
                0x0000000008000da0        0x4 build/stm32f10x_it.o
                0x0000000008000da0                TIM1_CC_IRQHandler
 .text.TIM2_IRQHandler
                0x0000000008000da4        0x4 build/stm32f10x_it.o
                0x0000000008000da4                TIM2_IRQHandler
 .text.TIM3_IRQHandler
                0x0000000008000da8        0x4 build/stm32f10x_it.o
                0x0000000008000da8                TIM3_IRQHandler
 .text.TIM4_IRQHandler
                0x0000000008000dac        0x4 build/stm32f10x_it.o
                0x0000000008000dac                TIM4_IRQHandler
 .text.I2C1_EV_IRQHandler
                0x0000000008000db0        0x4 build/stm32f10x_it.o
                0x0000000008000db0                I2C1_EV_IRQHandler
 .text.I2C1_ER_IRQHandler
                0x0000000008000db4        0x4 build/stm32f10x_it.o
                0x0000000008000db4                I2C1_ER_IRQHandler
 .text.I2C2_EV_IRQHandler
                0x0000000008000db8        0x4 build/stm32f10x_it.o
                0x0000000008000db8                I2C2_EV_IRQHandler
 .text.I2C2_ER_IRQHandler
                0x0000000008000dbc        0x4 build/stm32f10x_it.o
                0x0000000008000dbc                I2C2_ER_IRQHandler
 .text.SPI1_IRQHandler
                0x0000000008000dc0        0x4 build/stm32f10x_it.o
                0x0000000008000dc0                SPI1_IRQHandler
 .text.SPI2_IRQHandler
                0x0000000008000dc4        0x4 build/stm32f10x_it.o
                0x0000000008000dc4                SPI2_IRQHandler
 .text.USART1_IRQHandler
                0x0000000008000dc8        0x4 build/stm32f10x_it.o
                0x0000000008000dc8                USART1_IRQHandler
 .text.USART2_IRQHandler
                0x0000000008000dcc        0x4 build/stm32f10x_it.o
                0x0000000008000dcc                USART2_IRQHandler
 .text.USART3_IRQHandler
                0x0000000008000dd0        0x4 build/stm32f10x_it.o
                0x0000000008000dd0                USART3_IRQHandler
 .text.EXTI15_10_IRQHandler
                0x0000000008000dd4        0x4 build/stm32f10x_it.o
                0x0000000008000dd4                EXTI15_10_IRQHandler
 .text.RTCAlarm_IRQHandler
                0x0000000008000dd8        0x4 build/stm32f10x_it.o
                0x0000000008000dd8                RTCAlarm_IRQHandler
 .text.USBWakeUp_IRQHandler
                0x0000000008000ddc        0xc build/stm32f10x_it.o
                0x0000000008000ddc                USBWakeUp_IRQHandler
 .text.USART1_Init
                0x0000000008000de8       0x3c build/hw_config.o
                0x0000000008000de8                USART1_Init
 .text.RCC_Configuration
                0x0000000008000e24       0x44 build/hw_config.o
                0x0000000008000e24                RCC_Configuration
 .text.NVIC_Configuration
                0x0000000008000e68       0x50 build/hw_config.o
                0x0000000008000e68                NVIC_Configuration
 .text.Set_USBClock
                0x0000000008000eb8       0x14 build/hw_config.o
                0x0000000008000eb8                Set_USBClock
 .text.Enter_LowPowerMode
                0x0000000008000ecc       0x18 build/hw_config.o
                0x0000000008000ecc                Enter_LowPowerMode
 .text.Leave_LowPowerMode
                0x0000000008000ee4       0x4c build/hw_config.o
                0x0000000008000ee4                Leave_LowPowerMode
 .text.USB_Interrupts_Config
                0x0000000008000f30       0x5c build/hw_config.o
                0x0000000008000f30                USB_Interrupts_Config
 .text.USB_Cable_Config
                0x0000000008000f8c       0x20 build/hw_config.o
                0x0000000008000f8c                USB_Cable_Config
 .text.GPIO_Configuration
                0x0000000008000fac       0x90 build/hw_config.o
                0x0000000008000fac                GPIO_Configuration
 .text.EXTI_Configuration
                0x000000000800103c       0x68 build/hw_config.o
                0x000000000800103c                EXTI_Configuration
 .text.Get_SerialNum
                0x00000000080010a4       0x54 build/hw_config.o
                0x00000000080010a4                Get_SerialNum
 .text.Delay    0x00000000080010f8       0x1c build/hw_config.o
                0x00000000080010f8                Delay
 .text.delay_1_second
                0x0000000008001114        0xc build/hw_config.o
                0x0000000008001114                delay_1_second
 .text.delay_100_milli_second
                0x0000000008001120        0xc build/hw_config.o
                0x0000000008001120                delay_100_milli_second
 .text.TimingDelay_Decrement
                0x000000000800112c       0x14 build/hw_config.o
                0x000000000800112c                TimingDelay_Decrement
 .text.USART_GetCharacter
                0x0000000008001140       0x38 build/hw_config.o
                0x0000000008001140                USART_GetCharacter
 .text.DebugMsg_FunctionStart
                0x0000000008001178       0x10 build/debug.o
                0x0000000008001178                DebugMsg_FunctionStart
 .text.assert_failed
                0x0000000008001188       0x14 build/debug.o
                0x0000000008001188                assert_failed
 .text.KEY_Test
                0x000000000800119c       0x54 build/key.o
                0x000000000800119c                KEY_Test
 .text.LED_On_Red
                0x00000000080011f0       0x14 build/led.o
                0x00000000080011f0                LED_On_Red
 .text.LED_Off_Red
                0x0000000008001204       0x14 build/led.o
                0x0000000008001204                LED_Off_Red
 .text.LED_On_Yellow
                0x0000000008001218       0x10 build/led.o
                0x0000000008001218                LED_On_Yellow
 .text.LED_Off_Yellow
                0x0000000008001228       0x10 build/led.o
                0x0000000008001228                LED_Off_Yellow
 .text.LED_On_Blue
                0x0000000008001238       0x14 build/led.o
                0x0000000008001238                LED_On_Blue
 .text.LED_Off_Blue
                0x000000000800124c       0x14 build/led.o
                0x000000000800124c                LED_Off_Blue
 .text.LED_On_All
                0x0000000008001260       0x10 build/led.o
                0x0000000008001260                LED_On_All
 .text.LED_Off_All
                0x0000000008001270       0x10 build/led.o
                0x0000000008001270                LED_Off_All
 .text.LED_OnOffAll_Mult
                0x0000000008001280       0x40 build/led.o
                0x0000000008001280                LED_OnOffAll_Mult
 .text.LED_Test
                0x00000000080012c0       0x1c build/led.o
                0x00000000080012c0                LED_Test
 .text.PowerOn_7_SEG
                0x00000000080012dc       0x10 build/seven_segment.o
                0x00000000080012dc                PowerOn_7_SEG
 .text.On_7_SEG_OnePin
                0x00000000080012ec       0x10 build/seven_segment.o
                0x00000000080012ec                On_7_SEG_OnePin
 .text.Off_7_SEG_OnePin
                0x00000000080012fc       0x10 build/seven_segment.o
                0x00000000080012fc                Off_7_SEG_OnePin
 .text.Off_7_SEG_AllPin
                0x000000000800130c        0xc build/seven_segment.o
                0x000000000800130c                Off_7_SEG_AllPin
 .text.OutPut_7_SEG_Number
                0x0000000008001318       0x6c build/seven_segment.o
                0x0000000008001318                OutPut_7_SEG_Number
 .text.Seven_Segment_Test
                0x0000000008001384       0xb0 build/seven_segment.o
                0x0000000008001384                Seven_Segment_Test
 .text.EP1_IN_Callback
                0x0000000008001434       0x10 build/usb_endp.o
                0x0000000008001434                EP1_IN_Callback
 .text.EP1_OUT_Callback
                0x0000000008001444       0x74 build/usb_endp.o
                0x0000000008001444                EP1_OUT_Callback
 .text.USB_Istr
                0x00000000080014b8       0xfc build/usb_istr.o
                0x00000000080014b8                USB_Istr
 .text.CustomHID_SetDeviceAddress
                0x00000000080015b4        0xc build/usb_prop.o
                0x00000000080015b4                CustomHID_SetDeviceAddress
 .text.CustomHID_Status_In
                0x00000000080015c0        0x4 build/usb_prop.o
                0x00000000080015c0                CustomHID_Status_In
 .text.CustomHID_Status_Out
                0x00000000080015c4        0x4 build/usb_prop.o
                0x00000000080015c4                CustomHID_Status_Out
 .text.CustomHID_Data_Setup
                0x00000000080015c8       0x74 build/usb_prop.o
                0x00000000080015c8                CustomHID_Data_Setup
 .text.CustomHID_Get_Interface_Setting
                0x000000000800163c       0x10 build/usb_prop.o
                0x000000000800163c                CustomHID_Get_Interface_Setting
 .text.CustomHID_GetProtocolValue
                0x000000000800164c       0x18 build/usb_prop.o
                0x000000000800164c                CustomHID_GetProtocolValue
 .text.CustomHID_init
                0x0000000008001664       0x3c build/usb_prop.o
                0x0000000008001664                CustomHID_init
 .text.CustomHID_Reset
                0x00000000080016a0       0xb0 build/usb_prop.o
                0x00000000080016a0                CustomHID_Reset
 .text.CustomHID_SetConfiguration
                0x0000000008001750       0x28 build/usb_prop.o
                0x0000000008001750                CustomHID_SetConfiguration
 .text.CustomHID_GetDeviceDescriptor
                0x0000000008001778       0x10 build/usb_prop.o
                0x0000000008001778                CustomHID_GetDeviceDescriptor
 .text.CustomHID_GetConfigDescriptor
                0x0000000008001788       0x10 build/usb_prop.o
                0x0000000008001788                CustomHID_GetConfigDescriptor
 .text.CustomHID_GetStringDescriptor
                0x0000000008001798       0x24 build/usb_prop.o
                0x0000000008001798                CustomHID_GetStringDescriptor
 .text.CustomHID_GetReportDescriptor
                0x00000000080017bc       0x10 build/usb_prop.o
                0x00000000080017bc                CustomHID_GetReportDescriptor
 .text.CustomHID_GetHIDDescriptor
                0x00000000080017cc       0x10 build/usb_prop.o
                0x00000000080017cc                CustomHID_GetHIDDescriptor
 .text.CustomHID_SetProtocol
                0x00000000080017dc       0x18 build/usb_prop.o
                0x00000000080017dc                CustomHID_SetProtocol
 .text.CustomHID_NoData_Setup
                0x00000000080017f4       0x28 build/usb_prop.o
                0x00000000080017f4                CustomHID_NoData_Setup
 .text.PowerOn  0x000000000800181c       0x28 build/usb_pwr.o
                0x000000000800181c                PowerOn
 .text.Suspend  0x0000000008001844       0x24 build/usb_pwr.o
                0x0000000008001844                Suspend
 .text.Resume_Init
                0x0000000008001868       0x20 build/usb_pwr.o
                0x0000000008001868                Resume_Init
 .text.Resume   0x0000000008001888       0xac build/usb_pwr.o
                0x0000000008001888                Resume
 .text._write   0x0000000008001934       0x2c build/syscalls.o
                0x0000000008001934                _write
 .text.NVIC_PriorityGroupConfig
                0x0000000008001960       0x40 build/misc.o
                0x0000000008001960                NVIC_PriorityGroupConfig
 .text.NVIC_Init
                0x00000000080019a0       0x98 build/misc.o
                0x00000000080019a0                NVIC_Init
 .text.NVIC_SetVectorTable
                0x0000000008001a38       0x44 build/misc.o
                0x0000000008001a38                NVIC_SetVectorTable
 .text.ADC_SoftwareStartConvCmd
                0x0000000008001a7c       0x54 build/stm32f10x_adc.o
                0x0000000008001a7c                ADC_SoftwareStartConvCmd
 .text.DMA_ClearFlag
                0x0000000008001ad0       0x40 build/stm32f10x_dma.o
                0x0000000008001ad0                DMA_ClearFlag
 .text.EXTI_Init
                0x0000000008001b10       0xd8 build/stm32f10x_exti.o
                0x0000000008001b10                EXTI_Init
 .text.EXTI_GetITStatus
                0x0000000008001be8       0x94 build/stm32f10x_exti.o
                0x0000000008001be8                EXTI_GetITStatus
 .text.EXTI_ClearITPendingBit
                0x0000000008001c7c       0x24 build/stm32f10x_exti.o
                0x0000000008001c7c                EXTI_ClearITPendingBit
 .text.GPIO_Init
                0x0000000008001ca0      0x128 build/stm32f10x_gpio.o
                0x0000000008001ca0                GPIO_Init
 .text.GPIO_ReadInputDataBit
                0x0000000008001dc8       0xb8 build/stm32f10x_gpio.o
                0x0000000008001dc8                GPIO_ReadInputDataBit
 .text.GPIO_SetBits
                0x0000000008001e80       0x60 build/stm32f10x_gpio.o
                0x0000000008001e80                GPIO_SetBits
 .text.GPIO_ResetBits
                0x0000000008001ee0       0x60 build/stm32f10x_gpio.o
                0x0000000008001ee0                GPIO_ResetBits
 .text.GPIO_WriteBit
                0x0000000008001f40       0xc4 build/stm32f10x_gpio.o
                0x0000000008001f40                GPIO_WriteBit
 .text.GPIO_Write
                0x0000000008002004       0x54 build/stm32f10x_gpio.o
                0x0000000008002004                GPIO_Write
 .text.GPIO_EXTILineConfig
                0x0000000008002058       0x58 build/stm32f10x_gpio.o
                0x0000000008002058                GPIO_EXTILineConfig
 .text.PWR_EnterSTOPMode
                0x00000000080020b0       0x50 build/stm32f10x_pwr.o
                0x00000000080020b0                PWR_EnterSTOPMode
 .text.RCC_HSEConfig
                0x0000000008002100       0x5c build/stm32f10x_rcc.o
                0x0000000008002100                RCC_HSEConfig
 .text.RCC_PLLCmd
                0x000000000800215c       0x20 build/stm32f10x_rcc.o
                0x000000000800215c                RCC_PLLCmd
 .text.RCC_SYSCLKConfig
                0x000000000800217c       0x28 build/stm32f10x_rcc.o
                0x000000000800217c                RCC_SYSCLKConfig
 .text.RCC_GetSYSCLKSource
                0x00000000080021a4       0x10 build/stm32f10x_rcc.o
                0x00000000080021a4                RCC_GetSYSCLKSource
 .text.RCC_USBCLKConfig
                0x00000000080021b4       0x20 build/stm32f10x_rcc.o
                0x00000000080021b4                RCC_USBCLKConfig
 .text.RCC_GetClocksFreq
                0x00000000080021d4       0xc4 build/stm32f10x_rcc.o
                0x00000000080021d4                RCC_GetClocksFreq
 .text.RCC_AHBPeriphClockCmd
                0x0000000008002298       0x4c build/stm32f10x_rcc.o
                0x0000000008002298                RCC_AHBPeriphClockCmd
 .text.RCC_APB2PeriphClockCmd
                0x00000000080022e4       0x4c build/stm32f10x_rcc.o
                0x00000000080022e4                RCC_APB2PeriphClockCmd
 .text.RCC_APB1PeriphClockCmd
                0x0000000008002330       0x4c build/stm32f10x_rcc.o
                0x0000000008002330                RCC_APB1PeriphClockCmd
 .text.RCC_GetFlagStatus
                0x000000000800237c       0x74 build/stm32f10x_rcc.o
                0x000000000800237c                RCC_GetFlagStatus
 .text.RCC_WaitForHSEStartUp
                0x00000000080023f0       0x34 build/stm32f10x_rcc.o
                0x00000000080023f0                RCC_WaitForHSEStartUp
 .text.USART_Init
                0x0000000008002424      0x174 build/stm32f10x_usart.o
                0x0000000008002424                USART_Init
 .text.USART_Cmd
                0x0000000008002598       0x68 build/stm32f10x_usart.o
                0x0000000008002598                USART_Cmd
 .text.USART_SendData
                0x0000000008002600       0x58 build/stm32f10x_usart.o
                0x0000000008002600                USART_SendData
 .text.USART_ReceiveData
                0x0000000008002658       0x44 build/stm32f10x_usart.o
                0x0000000008002658                USART_ReceiveData
 .text.USART_GetFlagStatus
                0x000000000800269c       0xa8 build/stm32f10x_usart.o
                0x000000000800269c                USART_GetFlagStatus
 .text.Standard_GetConfiguration
                0x0000000008002744       0x28 build/usb_core.o
                0x0000000008002744                Standard_GetConfiguration
 .text.Standard_GetInterface
                0x000000000800276c       0x28 build/usb_core.o
                0x000000000800276c                Standard_GetInterface
 .text.Standard_GetStatus
                0x0000000008002794       0xb8 build/usb_core.o
                0x0000000008002794                Standard_GetStatus
 .text.DataStageIn
                0x000000000800284c       0xb0 build/usb_core.o
 .text.Data_Setup0
                0x00000000080028fc      0x218 build/usb_core.o
 .text.DataStageOut
                0x0000000008002b14       0xa8 build/usb_core.o
 .text.Standard_SetConfiguration
                0x0000000008002bbc       0x40 build/usb_core.o
                0x0000000008002bbc                Standard_SetConfiguration
 .text.Standard_SetInterface
                0x0000000008002bfc       0x5c build/usb_core.o
                0x0000000008002bfc                Standard_SetInterface
 .text.Standard_ClearFeature
                0x0000000008002c58      0x118 build/usb_core.o
                0x0000000008002c58                Standard_ClearFeature
 .text.Standard_SetEndPointFeature
                0x0000000008002d70       0xb0 build/usb_core.o
                0x0000000008002d70                Standard_SetEndPointFeature
 .text.Standard_SetDeviceFeature
                0x0000000008002e20       0x24 build/usb_core.o
                0x0000000008002e20                Standard_SetDeviceFeature
 .text.NoData_Setup0
                0x0000000008002e44      0x120 build/usb_core.o
 .text.Standard_GetDescriptorData
                0x0000000008002f64       0x1c build/usb_core.o
                0x0000000008002f64                Standard_GetDescriptorData
 .text.Post0_Process
                0x0000000008002f80       0x40 build/usb_core.o
                0x0000000008002f80                Post0_Process
 .text.Setup0_Process
                0x0000000008002fc0       0x7c build/usb_core.o
                0x0000000008002fc0                Setup0_Process
 .text.Out0_Process
                0x000000000800303c       0x44 build/usb_core.o
                0x000000000800303c                Out0_Process
 .text.SetDeviceAddress
                0x0000000008003080       0x44 build/usb_core.o
                0x0000000008003080                SetDeviceAddress
 .text.In0_Process
                0x00000000080030c4       0x64 build/usb_core.o
                0x00000000080030c4                In0_Process
 .text.NOP_Process
                0x0000000008003128        0x4 build/usb_core.o
                0x0000000008003128                NOP_Process
 .text.USB_Init
                0x000000000800312c       0x38 build/usb_init.o
                0x000000000800312c                USB_Init
 .text.CTR_LP   0x0000000008003164      0x2e0 build/usb_int.o
                0x0000000008003164                CTR_LP
 .text.UserToPMABufferCopy
                0x0000000008003444       0x2c build/usb_mem.o
                0x0000000008003444                UserToPMABufferCopy
 .text.PMAToUserBufferCopy
                0x0000000008003470       0x20 build/usb_mem.o
                0x0000000008003470                PMAToUserBufferCopy
 .text.SetBTABLE
                0x0000000008003490       0x10 build/usb_regs.o
                0x0000000008003490                SetBTABLE
 .text.SetEPType
                0x00000000080034a0       0x1c build/usb_regs.o
                0x00000000080034a0                SetEPType
 .text.SetEPTxStatus
                0x00000000080034bc       0x34 build/usb_regs.o
                0x00000000080034bc                SetEPTxStatus
 .text.SetEPRxStatus
                0x00000000080034f0       0x34 build/usb_regs.o
                0x00000000080034f0                SetEPRxStatus
 .text.SetEPTxValid
                0x0000000008003524       0x20 build/usb_regs.o
                0x0000000008003524                SetEPTxValid
 .text.SetEPRxValid
                0x0000000008003544       0x20 build/usb_regs.o
                0x0000000008003544                SetEPRxValid
 .text.Clear_Status_Out
                0x0000000008003564       0x1c build/usb_regs.o
                0x0000000008003564                Clear_Status_Out
 .text.ClearDTOG_RX
                0x0000000008003580       0x28 build/usb_regs.o
                0x0000000008003580                ClearDTOG_RX
 .text.ClearDTOG_TX
                0x00000000080035a8       0x28 build/usb_regs.o
                0x00000000080035a8                ClearDTOG_TX
 .text.SetEPTxAddr
                0x00000000080035d0       0x20 build/usb_regs.o
                0x00000000080035d0                SetEPTxAddr
 .text.SetEPRxAddr
                0x00000000080035f0       0x20 build/usb_regs.o
                0x00000000080035f0                SetEPRxAddr
 .text.GetEPTxAddr
                0x0000000008003610       0x1c build/usb_regs.o
                0x0000000008003610                GetEPTxAddr
 .text.GetEPRxAddr
                0x000000000800362c       0x1c build/usb_regs.o
                0x000000000800362c                GetEPRxAddr
 .text.SetEPTxCount
                0x0000000008003648       0x1c build/usb_regs.o
                0x0000000008003648                SetEPTxCount
 .text.SetEPRxCount
                0x0000000008003664       0x44 build/usb_regs.o
                0x0000000008003664                SetEPRxCount
 .text.ByteSwap
                0x00000000080036a8        0xc build/usb_regs.o
                0x00000000080036a8                ByteSwap
 .text.SetSysClockTo72
                0x00000000080036b4       0xd0 build/system_stm32f10x.o
 .text.SetSysClock
                0x0000000008003784        0x8 build/system_stm32f10x.o
 .text.SystemInit
                0x000000000800378c       0x44 build/system_stm32f10x.o
                0x000000000800378c                SystemInit
 .text.System_Information
                0x00000000080037d0       0x48 build/main_menu.o
                0x00000000080037d0                System_Information
 .text.USB_Test_Start
                0x0000000008003818       0x10 build/main_menu.o
                0x0000000008003818                USB_Test_Start
 .text.default_menu
                0x0000000008003828       0xec build/main_menu.o
                0x0000000008003828                default_menu
 .text.Reset_Handler
                0x0000000008003914       0x40 build/startup_stm32f10x_md.o
                0x0000000008003914                Reset_Handler
 .text.memset   0x0000000008003954       0x10 /usr/local/Cellar/gcc-arm-none-eabi/20160926/bin/../lib/gcc/arm-none-eabi/5.4.1/../../../../arm-none-eabi/lib/armv7-m/libc_nano.a(lib_a-memset.o)
                0x0000000008003954                memset
 .text.__cvt    0x0000000008003964       0xc0 /usr/local/Cellar/gcc-arm-none-eabi/20160926/bin/../lib/gcc/arm-none-eabi/5.4.1/../../../../arm-none-eabi/lib/armv7-m/libc_nano.a(lib_a-nano-vfprintf_float.o)
                0x0000000008003964                __cvt
 .text.__exponent
                0x0000000008003a24       0x62 /usr/local/Cellar/gcc-arm-none-eabi/20160926/bin/../lib/gcc/arm-none-eabi/5.4.1/../../../../arm-none-eabi/lib/armv7-m/libc_nano.a(lib_a-nano-vfprintf_float.o)
                0x0000000008003a24                __exponent
 *fill*         0x0000000008003a86        0x2 
 .text._printf_float
                0x0000000008003a88      0x488 /usr/local/Cellar/gcc-arm-none-eabi/20160926/bin/../lib/gcc/arm-none-eabi/5.4.1/../../../../arm-none-eabi/lib/armv7-m/libc_nano.a(lib_a-nano-vfprintf_float.o)
                0x0000000008003a88                _printf_float
 .text._printf_common
                0x0000000008003f10       0xec /usr/local/Cellar/gcc-arm-none-eabi/20160926/bin/../lib/gcc/arm-none-eabi/5.4.1/../../../../arm-none-eabi/lib/armv7-m/libc_nano.a(lib_a-nano-vfprintf_i.o)
                0x0000000008003f10                _printf_common
 .text._printf_i
                0x0000000008003ffc      0x24c /usr/local/Cellar/gcc-arm-none-eabi/20160926/bin/../lib/gcc/arm-none-eabi/5.4.1/../../../../arm-none-eabi/lib/armv7-m/libc_nano.a(lib_a-nano-vfprintf_i.o)
                0x0000000008003ffc                _printf_i
 .text._scanf_float
                0x0000000008004248      0x3bc /usr/local/Cellar/gcc-arm-none-eabi/20160926/bin/../lib/gcc/arm-none-eabi/5.4.1/../../../../arm-none-eabi/lib/armv7-m/libc_nano.a(lib_a-nano-vfscanf_float.o)
                0x0000000008004248                _scanf_float
 .text.printf   0x0000000008004604       0x30 /usr/local/Cellar/gcc-arm-none-eabi/20160926/bin/../lib/gcc/arm-none-eabi/5.4.1/../../../../arm-none-eabi/lib/armv7-m/libc_nano.a(lib_a-printf.o)
                0x0000000008004604                printf
                0x0000000008004604                iprintf
 .text._puts_r  0x0000000008004634       0xb4 /usr/local/Cellar/gcc-arm-none-eabi/20160926/bin/../lib/gcc/arm-none-eabi/5.4.1/../../../../arm-none-eabi/lib/armv7-m/libc_nano.a(lib_a-puts.o)
                0x0000000008004634                _puts_r
 .text.puts     0x00000000080046e8       0x10 /usr/local/Cellar/gcc-arm-none-eabi/20160926/bin/../lib/gcc/arm-none-eabi/5.4.1/../../../../arm-none-eabi/lib/armv7-m/libc_nano.a(lib_a-puts.o)
                0x00000000080046e8                puts
 .text.nanf     0x00000000080046f8        0x8 /usr/local/Cellar/gcc-arm-none-eabi/20160926/bin/../lib/gcc/arm-none-eabi/5.4.1/../../../../arm-none-eabi/lib/armv7-m/libc_nano.a(lib_a-sf_nan.o)
                0x00000000080046f8                nanf
 .text.sprintf  0x0000000008004700       0x48 /usr/local/Cellar/gcc-arm-none-eabi/20160926/bin/../lib/gcc/arm-none-eabi/5.4.1/../../../../arm-none-eabi/lib/armv7-m/libc_nano.a(lib_a-sprintf.o)
                0x0000000008004700                sprintf
                0x0000000008004700                siprintf
 .text.unlikely.sulp
                0x0000000008004748       0x42 /usr/local/Cellar/gcc-arm-none-eabi/20160926/bin/../lib/gcc/arm-none-eabi/5.4.1/../../../../arm-none-eabi/lib/armv7-m/libc_nano.a(lib_a-strtod.o)
 *fill*         0x000000000800478a        0x6 
 .text._strtod_l
                0x0000000008004790      0xbe8 /usr/local/Cellar/gcc-arm-none-eabi/20160926/bin/../lib/gcc/arm-none-eabi/5.4.1/../../../../arm-none-eabi/lib/armv7-m/libc_nano.a(lib_a-strtod.o)
                0x0000000008004790                _strtod_l
 .text._strtod_r
                0x0000000008005378       0x20 /usr/local/Cellar/gcc-arm-none-eabi/20160926/bin/../lib/gcc/arm-none-eabi/5.4.1/../../../../arm-none-eabi/lib/armv7-m/libc_nano.a(lib_a-strtod.o)
                0x0000000008005378                _strtod_r
 .text._strtol_l.isra.0
                0x0000000008005398      0x110 /usr/local/Cellar/gcc-arm-none-eabi/20160926/bin/../lib/gcc/arm-none-eabi/5.4.1/../../../../arm-none-eabi/lib/armv7-m/libc_nano.a(lib_a-strtol.o)
 .text._strtol_r
                0x00000000080054a8       0x24 /usr/local/Cellar/gcc-arm-none-eabi/20160926/bin/../lib/gcc/arm-none-eabi/5.4.1/../../../../arm-none-eabi/lib/armv7-m/libc_nano.a(lib_a-strtol.o)
                0x00000000080054a8                _strtol_r
 .text.__swbuf_r
                0x00000000080054cc       0xa8 /usr/local/Cellar/gcc-arm-none-eabi/20160926/bin/../lib/gcc/arm-none-eabi/5.4.1/../../../../arm-none-eabi/lib/armv7-m/libc_nano.a(lib_a-wbuf.o)
                0x00000000080054cc                __swbuf_r
 .text.__swsetup_r
                0x0000000008005574       0xdc /usr/local/Cellar/gcc-arm-none-eabi/20160926/bin/../lib/gcc/arm-none-eabi/5.4.1/../../../../arm-none-eabi/lib/armv7-m/libc_nano.a(lib_a-wsetup.o)
                0x0000000008005574                __swsetup_r
 .text.quorem   0x0000000008005650      0x116 /usr/local/Cellar/gcc-arm-none-eabi/20160926/bin/../lib/gcc/arm-none-eabi/5.4.1/../../../../arm-none-eabi/lib/armv7-m/libc_nano.a(lib_a-dtoa.o)
 *fill*         0x0000000008005766        0x2 
 .text._dtoa_r  0x0000000008005768      0xb30 /usr/local/Cellar/gcc-arm-none-eabi/20160926/bin/../lib/gcc/arm-none-eabi/5.4.1/../../../../arm-none-eabi/lib/armv7-m/libc_nano.a(lib_a-dtoa.o)
                0x0000000008005768                _dtoa_r
 .text.__sflush_r
                0x0000000008006298      0x10c /usr/local/Cellar/gcc-arm-none-eabi/20160926/bin/../lib/gcc/arm-none-eabi/5.4.1/../../../../arm-none-eabi/lib/armv7-m/libc_nano.a(lib_a-fflush.o)
                0x0000000008006298                __sflush_r
 .text._fflush_r
                0x00000000080063a4       0x54 /usr/local/Cellar/gcc-arm-none-eabi/20160926/bin/../lib/gcc/arm-none-eabi/5.4.1/../../../../arm-none-eabi/lib/armv7-m/libc_nano.a(lib_a-fflush.o)
                0x00000000080063a4                _fflush_r
 .text._cleanup_r
                0x00000000080063f8        0xc /usr/local/Cellar/gcc-arm-none-eabi/20160926/bin/../lib/gcc/arm-none-eabi/5.4.1/../../../../arm-none-eabi/lib/armv7-m/libc_nano.a(lib_a-findfp.o)
                0x00000000080063f8                _cleanup_r
 .text.std.isra.0
                0x0000000008006404       0x48 /usr/local/Cellar/gcc-arm-none-eabi/20160926/bin/../lib/gcc/arm-none-eabi/5.4.1/../../../../arm-none-eabi/lib/armv7-m/libc_nano.a(lib_a-findfp.o)
 .text.__sfmoreglue
                0x000000000800644c       0x2c /usr/local/Cellar/gcc-arm-none-eabi/20160926/bin/../lib/gcc/arm-none-eabi/5.4.1/../../../../arm-none-eabi/lib/armv7-m/libc_nano.a(lib_a-findfp.o)
                0x000000000800644c                __sfmoreglue
 .text.__sinit  0x0000000008006478       0x60 /usr/local/Cellar/gcc-arm-none-eabi/20160926/bin/../lib/gcc/arm-none-eabi/5.4.1/../../../../arm-none-eabi/lib/armv7-m/libc_nano.a(lib_a-findfp.o)
                0x0000000008006478                __sinit
 .text.__sfp    0x00000000080064d8       0x78 /usr/local/Cellar/gcc-arm-none-eabi/20160926/bin/../lib/gcc/arm-none-eabi/5.4.1/../../../../arm-none-eabi/lib/armv7-m/libc_nano.a(lib_a-findfp.o)
                0x00000000080064d8                __sfp
 .text._fwalk_reent
                0x0000000008006550       0x3c /usr/local/Cellar/gcc-arm-none-eabi/20160926/bin/../lib/gcc/arm-none-eabi/5.4.1/../../../../arm-none-eabi/lib/armv7-m/libc_nano.a(lib_a-fwalk.o)
                0x0000000008006550                _fwalk_reent
 .text.rshift   0x000000000800658c       0x6c /usr/local/Cellar/gcc-arm-none-eabi/20160926/bin/../lib/gcc/arm-none-eabi/5.4.1/../../../../arm-none-eabi/lib/armv7-m/libc_nano.a(lib_a-gdtoa-gethex.o)
 .text.__hexdig_fun
                0x00000000080065f8       0x2a /usr/local/Cellar/gcc-arm-none-eabi/20160926/bin/../lib/gcc/arm-none-eabi/5.4.1/../../../../arm-none-eabi/lib/armv7-m/libc_nano.a(lib_a-gdtoa-gethex.o)
                0x00000000080065f8                __hexdig_fun
 .text.__gethex
                0x0000000008006622      0x440 /usr/local/Cellar/gcc-arm-none-eabi/20160926/bin/../lib/gcc/arm-none-eabi/5.4.1/../../../../arm-none-eabi/lib/armv7-m/libc_nano.a(lib_a-gdtoa-gethex.o)
                0x0000000008006622                __gethex
 .text.L_shift  0x0000000008006a62       0x24 /usr/local/Cellar/gcc-arm-none-eabi/20160926/bin/../lib/gcc/arm-none-eabi/5.4.1/../../../../arm-none-eabi/lib/armv7-m/libc_nano.a(lib_a-gdtoa-hexnan.o)
 .text.__match  0x0000000008006a86       0x26 /usr/local/Cellar/gcc-arm-none-eabi/20160926/bin/../lib/gcc/arm-none-eabi/5.4.1/../../../../arm-none-eabi/lib/armv7-m/libc_nano.a(lib_a-gdtoa-hexnan.o)
                0x0000000008006a86                __match
 .text.__hexnan
                0x0000000008006aac      0x11c /usr/local/Cellar/gcc-arm-none-eabi/20160926/bin/../lib/gcc/arm-none-eabi/5.4.1/../../../../arm-none-eabi/lib/armv7-m/libc_nano.a(lib_a-gdtoa-hexnan.o)
                0x0000000008006aac                __hexnan
 .text.__locale_ctype_ptr_l
                0x0000000008006bc8        0x6 /usr/local/Cellar/gcc-arm-none-eabi/20160926/bin/../lib/gcc/arm-none-eabi/5.4.1/../../../../arm-none-eabi/lib/armv7-m/libc_nano.a(lib_a-locale.o)
                0x0000000008006bc8                __locale_ctype_ptr_l
 .text.__localeconv_l
                0x0000000008006bce        0x4 /usr/local/Cellar/gcc-arm-none-eabi/20160926/bin/../lib/gcc/arm-none-eabi/5.4.1/../../../../arm-none-eabi/lib/armv7-m/libc_nano.a(lib_a-localeconv.o)
                0x0000000008006bce                __localeconv_l
 *fill*         0x0000000008006bd2        0x2 
 .text._localeconv_r
                0x0000000008006bd4       0x1c /usr/local/Cellar/gcc-arm-none-eabi/20160926/bin/../lib/gcc/arm-none-eabi/5.4.1/../../../../arm-none-eabi/lib/armv7-m/libc_nano.a(lib_a-localeconv.o)
                0x0000000008006bd4                _localeconv_r
 .text.__swhatbuf_r
                0x0000000008006bf0       0x46 /usr/local/Cellar/gcc-arm-none-eabi/20160926/bin/../lib/gcc/arm-none-eabi/5.4.1/../../../../arm-none-eabi/lib/armv7-m/libc_nano.a(lib_a-makebuf.o)
                0x0000000008006bf0                __swhatbuf_r
 *fill*         0x0000000008006c36        0x2 
 .text.__smakebuf_r
                0x0000000008006c38       0x78 /usr/local/Cellar/gcc-arm-none-eabi/20160926/bin/../lib/gcc/arm-none-eabi/5.4.1/../../../../arm-none-eabi/lib/armv7-m/libc_nano.a(lib_a-makebuf.o)
                0x0000000008006c38                __smakebuf_r
 .text.malloc   0x0000000008006cb0       0x10 /usr/local/Cellar/gcc-arm-none-eabi/20160926/bin/../lib/gcc/arm-none-eabi/5.4.1/../../../../arm-none-eabi/lib/armv7-m/libc_nano.a(lib_a-malloc.o)
                0x0000000008006cb0                malloc
 .text.__ascii_mbtowc
                0x0000000008006cc0       0x24 /usr/local/Cellar/gcc-arm-none-eabi/20160926/bin/../lib/gcc/arm-none-eabi/5.4.1/../../../../arm-none-eabi/lib/armv7-m/libc_nano.a(lib_a-mbtowc_r.o)
                0x0000000008006cc0                __ascii_mbtowc
 .text.memchr   0x0000000008006ce4       0x1c /usr/local/Cellar/gcc-arm-none-eabi/20160926/bin/../lib/gcc/arm-none-eabi/5.4.1/../../../../arm-none-eabi/lib/armv7-m/libc_nano.a(lib_a-memchr-stub.o)
                0x0000000008006ce4                memchr
 .text.memcpy   0x0000000008006d00       0x16 /usr/local/Cellar/gcc-arm-none-eabi/20160926/bin/../lib/gcc/arm-none-eabi/5.4.1/../../../../arm-none-eabi/lib/armv7-m/libc_nano.a(lib_a-memcpy-stub.o)
                0x0000000008006d00                memcpy
 .text._Balloc  0x0000000008006d16       0x6a /usr/local/Cellar/gcc-arm-none-eabi/20160926/bin/../lib/gcc/arm-none-eabi/5.4.1/../../../../arm-none-eabi/lib/armv7-m/libc_nano.a(lib_a-mprec.o)
                0x0000000008006d16                _Balloc
 .text._Bfree   0x0000000008006d80       0x2e /usr/local/Cellar/gcc-arm-none-eabi/20160926/bin/../lib/gcc/arm-none-eabi/5.4.1/../../../../arm-none-eabi/lib/armv7-m/libc_nano.a(lib_a-mprec.o)
                0x0000000008006d80                _Bfree
 .text.__multadd
                0x0000000008006dae       0x76 /usr/local/Cellar/gcc-arm-none-eabi/20160926/bin/../lib/gcc/arm-none-eabi/5.4.1/../../../../arm-none-eabi/lib/armv7-m/libc_nano.a(lib_a-mprec.o)
                0x0000000008006dae                __multadd
 .text.__s2b    0x0000000008006e24       0x7c /usr/local/Cellar/gcc-arm-none-eabi/20160926/bin/../lib/gcc/arm-none-eabi/5.4.1/../../../../arm-none-eabi/lib/armv7-m/libc_nano.a(lib_a-mprec.o)
                0x0000000008006e24                __s2b
 .text.__hi0bits
                0x0000000008006ea0       0x40 /usr/local/Cellar/gcc-arm-none-eabi/20160926/bin/../lib/gcc/arm-none-eabi/5.4.1/../../../../arm-none-eabi/lib/armv7-m/libc_nano.a(lib_a-mprec.o)
                0x0000000008006ea0                __hi0bits
 .text.__lo0bits
                0x0000000008006ee0       0x5a /usr/local/Cellar/gcc-arm-none-eabi/20160926/bin/../lib/gcc/arm-none-eabi/5.4.1/../../../../arm-none-eabi/lib/armv7-m/libc_nano.a(lib_a-mprec.o)
                0x0000000008006ee0                __lo0bits
 .text.__i2b    0x0000000008006f3a       0x12 /usr/local/Cellar/gcc-arm-none-eabi/20160926/bin/../lib/gcc/arm-none-eabi/5.4.1/../../../../arm-none-eabi/lib/armv7-m/libc_nano.a(lib_a-mprec.o)
                0x0000000008006f3a                __i2b
 .text.__multiply
                0x0000000008006f4c      0x120 /usr/local/Cellar/gcc-arm-none-eabi/20160926/bin/../lib/gcc/arm-none-eabi/5.4.1/../../../../arm-none-eabi/lib/armv7-m/libc_nano.a(lib_a-mprec.o)
                0x0000000008006f4c                __multiply
 .text.__pow5mult
                0x000000000800706c       0x9c /usr/local/Cellar/gcc-arm-none-eabi/20160926/bin/../lib/gcc/arm-none-eabi/5.4.1/../../../../arm-none-eabi/lib/armv7-m/libc_nano.a(lib_a-mprec.o)
                0x000000000800706c                __pow5mult
 .text.__lshift
                0x0000000008007108       0xa2 /usr/local/Cellar/gcc-arm-none-eabi/20160926/bin/../lib/gcc/arm-none-eabi/5.4.1/../../../../arm-none-eabi/lib/armv7-m/libc_nano.a(lib_a-mprec.o)
                0x0000000008007108                __lshift
 .text.__mcmp   0x00000000080071aa       0x38 /usr/local/Cellar/gcc-arm-none-eabi/20160926/bin/../lib/gcc/arm-none-eabi/5.4.1/../../../../arm-none-eabi/lib/armv7-m/libc_nano.a(lib_a-mprec.o)
                0x00000000080071aa                __mcmp
 .text.__mdiff  0x00000000080071e2       0xbe /usr/local/Cellar/gcc-arm-none-eabi/20160926/bin/../lib/gcc/arm-none-eabi/5.4.1/../../../../arm-none-eabi/lib/armv7-m/libc_nano.a(lib_a-mprec.o)
                0x00000000080071e2                __mdiff
 .text.__ulp    0x00000000080072a0       0x48 /usr/local/Cellar/gcc-arm-none-eabi/20160926/bin/../lib/gcc/arm-none-eabi/5.4.1/../../../../arm-none-eabi/lib/armv7-m/libc_nano.a(lib_a-mprec.o)
                0x00000000080072a0                __ulp
 .text.__b2d    0x00000000080072e8       0x9a /usr/local/Cellar/gcc-arm-none-eabi/20160926/bin/../lib/gcc/arm-none-eabi/5.4.1/../../../../arm-none-eabi/lib/armv7-m/libc_nano.a(lib_a-mprec.o)
                0x00000000080072e8                __b2d
 .text.__d2b    0x0000000008007382       0x9c /usr/local/Cellar/gcc-arm-none-eabi/20160926/bin/../lib/gcc/arm-none-eabi/5.4.1/../../../../arm-none-eabi/lib/armv7-m/libc_nano.a(lib_a-mprec.o)
                0x0000000008007382                __d2b
 .text.__ratio  0x000000000800741e       0x50 /usr/local/Cellar/gcc-arm-none-eabi/20160926/bin/../lib/gcc/arm-none-eabi/5.4.1/../../../../arm-none-eabi/lib/armv7-m/libc_nano.a(lib_a-mprec.o)
                0x000000000800741e                __ratio
 .text.__copybits
                0x000000000800746e       0x34 /usr/local/Cellar/gcc-arm-none-eabi/20160926/bin/../lib/gcc/arm-none-eabi/5.4.1/../../../../arm-none-eabi/lib/armv7-m/libc_nano.a(lib_a-mprec.o)
                0x000000000800746e                __copybits
 .text.__any_on
                0x00000000080074a2       0x44 /usr/local/Cellar/gcc-arm-none-eabi/20160926/bin/../lib/gcc/arm-none-eabi/5.4.1/../../../../arm-none-eabi/lib/armv7-m/libc_nano.a(lib_a-mprec.o)
                0x00000000080074a2                __any_on
 .text._calloc_r
                0x00000000080074e6       0x1c /usr/local/Cellar/gcc-arm-none-eabi/20160926/bin/../lib/gcc/arm-none-eabi/5.4.1/../../../../arm-none-eabi/lib/armv7-m/libc_nano.a(lib_a-nano-callocr.o)
                0x00000000080074e6                _calloc_r
 *fill*         0x0000000008007502        0x2 
 .text._free_r  0x0000000008007504       0x98 /usr/local/Cellar/gcc-arm-none-eabi/20160926/bin/../lib/gcc/arm-none-eabi/5.4.1/../../../../arm-none-eabi/lib/armv7-m/libc_nano.a(lib_a-nano-freer.o)
                0x0000000008007504                _free_r
 .text._malloc_r
                0x000000000800759c       0xbc /usr/local/Cellar/gcc-arm-none-eabi/20160926/bin/../lib/gcc/arm-none-eabi/5.4.1/../../../../arm-none-eabi/lib/armv7-m/libc_nano.a(lib_a-nano-mallocr.o)
                0x000000000800759c                _malloc_r
 .text.__ssputs_r
                0x0000000008007658       0xb2 /usr/local/Cellar/gcc-arm-none-eabi/20160926/bin/../lib/gcc/arm-none-eabi/5.4.1/../../../../arm-none-eabi/lib/armv7-m/libc_nano.a(lib_a-nano-svfprintf.o)
                0x0000000008007658                __ssputs_r
 *fill*         0x000000000800770a        0x2 
 .text._svfprintf_r
                0x000000000800770c      0x1e8 /usr/local/Cellar/gcc-arm-none-eabi/20160926/bin/../lib/gcc/arm-none-eabi/5.4.1/../../../../arm-none-eabi/lib/armv7-m/libc_nano.a(lib_a-nano-svfprintf.o)
                0x000000000800770c                _svfprintf_r
                0x000000000800770c                _svfiprintf_r
 .text.__sfputc_r
                0x00000000080078f4       0x2c /usr/local/Cellar/gcc-arm-none-eabi/20160926/bin/../lib/gcc/arm-none-eabi/5.4.1/../../../../arm-none-eabi/lib/armv7-m/libc_nano.a(lib_a-nano-vfprintf.o)
 .text.__sfputs_r
                0x0000000008007920       0x24 /usr/local/Cellar/gcc-arm-none-eabi/20160926/bin/../lib/gcc/arm-none-eabi/5.4.1/../../../../arm-none-eabi/lib/armv7-m/libc_nano.a(lib_a-nano-vfprintf.o)
                0x0000000008007920                __sfputs_r
 .text._vfprintf_r
                0x0000000008007944      0x238 /usr/local/Cellar/gcc-arm-none-eabi/20160926/bin/../lib/gcc/arm-none-eabi/5.4.1/../../../../arm-none-eabi/lib/armv7-m/libc_nano.a(lib_a-nano-vfprintf.o)
                0x0000000008007944                _vfiprintf_r
                0x0000000008007944                _vfprintf_r
 .text._sbrk_r  0x0000000008007b7c       0x20 /usr/local/Cellar/gcc-arm-none-eabi/20160926/bin/../lib/gcc/arm-none-eabi/5.4.1/../../../../arm-none-eabi/lib/armv7-m/libc_nano.a(lib_a-sbrkr.o)
                0x0000000008007b7c                _sbrk_r
 .text.__sread  0x0000000008007b9c       0x22 /usr/local/Cellar/gcc-arm-none-eabi/20160926/bin/../lib/gcc/arm-none-eabi/5.4.1/../../../../arm-none-eabi/lib/armv7-m/libc_nano.a(lib_a-stdio.o)
                0x0000000008007b9c                __sread
 .text.__swrite
                0x0000000008007bbe       0x38 /usr/local/Cellar/gcc-arm-none-eabi/20160926/bin/../lib/gcc/arm-none-eabi/5.4.1/../../../../arm-none-eabi/lib/armv7-m/libc_nano.a(lib_a-stdio.o)
                0x0000000008007bbe                __swrite
 .text.__sseek  0x0000000008007bf6       0x24 /usr/local/Cellar/gcc-arm-none-eabi/20160926/bin/../lib/gcc/arm-none-eabi/5.4.1/../../../../arm-none-eabi/lib/armv7-m/libc_nano.a(lib_a-stdio.o)
                0x0000000008007bf6                __sseek
 .text.__sclose
                0x0000000008007c1a        0x8 /usr/local/Cellar/gcc-arm-none-eabi/20160926/bin/../lib/gcc/arm-none-eabi/5.4.1/../../../../arm-none-eabi/lib/armv7-m/libc_nano.a(lib_a-stdio.o)
                0x0000000008007c1a                __sclose
 .text.strncmp  0x0000000008007c22       0x2a /usr/local/Cellar/gcc-arm-none-eabi/20160926/bin/../lib/gcc/arm-none-eabi/5.4.1/../../../../arm-none-eabi/lib/armv7-m/libc_nano.a(lib_a-strncmp.o)
                0x0000000008007c22                strncmp
 .text.__ascii_wctomb
                0x0000000008007c4c       0x1a /usr/local/Cellar/gcc-arm-none-eabi/20160926/bin/../lib/gcc/arm-none-eabi/5.4.1/../../../../arm-none-eabi/lib/armv7-m/libc_nano.a(lib_a-wctomb_r.o)
                0x0000000008007c4c                __ascii_wctomb
 *fill*         0x0000000008007c66        0x2 
 .text._write_r
                0x0000000008007c68       0x24 /usr/local/Cellar/gcc-arm-none-eabi/20160926/bin/../lib/gcc/arm-none-eabi/5.4.1/../../../../arm-none-eabi/lib/armv7-m/libc_nano.a(lib_a-writer.o)
                0x0000000008007c68                _write_r
 .text._close_r
                0x0000000008007c8c       0x20 /usr/local/Cellar/gcc-arm-none-eabi/20160926/bin/../lib/gcc/arm-none-eabi/5.4.1/../../../../arm-none-eabi/lib/armv7-m/libc_nano.a(lib_a-closer.o)
                0x0000000008007c8c                _close_r
 .text._fstat_r
                0x0000000008007cac       0x24 /usr/local/Cellar/gcc-arm-none-eabi/20160926/bin/../lib/gcc/arm-none-eabi/5.4.1/../../../../arm-none-eabi/lib/armv7-m/libc_nano.a(lib_a-fstatr.o)
                0x0000000008007cac                _fstat_r
 .text._isatty_r
                0x0000000008007cd0       0x20 /usr/local/Cellar/gcc-arm-none-eabi/20160926/bin/../lib/gcc/arm-none-eabi/5.4.1/../../../../arm-none-eabi/lib/armv7-m/libc_nano.a(lib_a-isattyr.o)
                0x0000000008007cd0                _isatty_r
 .text._lseek_r
                0x0000000008007cf0       0x24 /usr/local/Cellar/gcc-arm-none-eabi/20160926/bin/../lib/gcc/arm-none-eabi/5.4.1/../../../../arm-none-eabi/lib/armv7-m/libc_nano.a(lib_a-lseekr.o)
                0x0000000008007cf0                _lseek_r
 .text.memmove  0x0000000008007d14       0x36 /usr/local/Cellar/gcc-arm-none-eabi/20160926/bin/../lib/gcc/arm-none-eabi/5.4.1/../../../../arm-none-eabi/lib/armv7-m/libc_nano.a(lib_a-memmove.o)
                0x0000000008007d14                memmove
 .text.__malloc_lock
                0x0000000008007d4a        0x2 /usr/local/Cellar/gcc-arm-none-eabi/20160926/bin/../lib/gcc/arm-none-eabi/5.4.1/../../../../arm-none-eabi/lib/armv7-m/libc_nano.a(lib_a-mlock.o)
                0x0000000008007d4a                __malloc_lock
 .text.__malloc_unlock
                0x0000000008007d4c        0x2 /usr/local/Cellar/gcc-arm-none-eabi/20160926/bin/../lib/gcc/arm-none-eabi/5.4.1/../../../../arm-none-eabi/lib/armv7-m/libc_nano.a(lib_a-mlock.o)
                0x0000000008007d4c                __malloc_unlock
 .text._realloc_r
                0x0000000008007d4e       0x4c /usr/local/Cellar/gcc-arm-none-eabi/20160926/bin/../lib/gcc/arm-none-eabi/5.4.1/../../../../arm-none-eabi/lib/armv7-m/libc_nano.a(lib_a-nano-reallocr.o)
                0x0000000008007d4e                _realloc_r
 *fill*         0x0000000008007d9a        0x2 
 .text._read_r  0x0000000008007d9c       0x24 /usr/local/Cellar/gcc-arm-none-eabi/20160926/bin/../lib/gcc/arm-none-eabi/5.4.1/../../../../arm-none-eabi/lib/armv7-m/libc_nano.a(lib_a-readr.o)
                0x0000000008007d9c                _read_r
 .text._malloc_usable_size_r
                0x0000000008007dc0       0x14 /usr/local/Cellar/gcc-arm-none-eabi/20160926/bin/../lib/gcc/arm-none-eabi/5.4.1/../../../../arm-none-eabi/lib/armv7-m/libc_nano.a(lib_a-nano-msizer.o)
                0x0000000008007dc0                _malloc_usable_size_r
 .text._close   0x0000000008007dd4       0x10 /usr/local/Cellar/gcc-arm-none-eabi/20160926/bin/../lib/gcc/arm-none-eabi/5.4.1/../../../../arm-none-eabi/lib/armv7-m/libnosys.a(close.o)
                0x0000000008007dd4                _close
 .text._fstat   0x0000000008007de4       0x10 /usr/local/Cellar/gcc-arm-none-eabi/20160926/bin/../lib/gcc/arm-none-eabi/5.4.1/../../../../arm-none-eabi/lib/armv7-m/libnosys.a(fstat.o)
                0x0000000008007de4                _fstat
 .text._isatty  0x0000000008007df4       0x10 /usr/local/Cellar/gcc-arm-none-eabi/20160926/bin/../lib/gcc/arm-none-eabi/5.4.1/../../../../arm-none-eabi/lib/armv7-m/libnosys.a(isatty.o)
                0x0000000008007df4                _isatty
 .text._lseek   0x0000000008007e04       0x10 /usr/local/Cellar/gcc-arm-none-eabi/20160926/bin/../lib/gcc/arm-none-eabi/5.4.1/../../../../arm-none-eabi/lib/armv7-m/libnosys.a(lseek.o)
                0x0000000008007e04                _lseek
 .text._read    0x0000000008007e14       0x10 /usr/local/Cellar/gcc-arm-none-eabi/20160926/bin/../lib/gcc/arm-none-eabi/5.4.1/../../../../arm-none-eabi/lib/armv7-m/libnosys.a(read.o)
                0x0000000008007e14                _read
 .text._sbrk    0x0000000008007e24       0x1c /usr/local/Cellar/gcc-arm-none-eabi/20160926/bin/../lib/gcc/arm-none-eabi/5.4.1/../../../../arm-none-eabi/lib/armv7-m/libnosys.a(sbrk.o)
                0x0000000008007e24                _sbrk
 *(.glue_7)
 .glue_7        0x0000000008007e40        0x0 linker stubs
 *(.glue_7t)
 .glue_7t       0x0000000008007e40        0x0 linker stubs
 *(.eh_frame)
 .eh_frame      0x0000000008007e40        0x0 /usr/local/Cellar/gcc-arm-none-eabi/20160926/bin/../lib/gcc/arm-none-eabi/5.4.1/armv7-m/crtbegin.o
 *(.init)
 .init          0x0000000008007e40        0x4 /usr/local/Cellar/gcc-arm-none-eabi/20160926/bin/../lib/gcc/arm-none-eabi/5.4.1/armv7-m/crti.o
                0x0000000008007e40                _init
 .init          0x0000000008007e44        0x8 /usr/local/Cellar/gcc-arm-none-eabi/20160926/bin/../lib/gcc/arm-none-eabi/5.4.1/armv7-m/crtn.o
 *(.fini)
 .fini          0x0000000008007e4c        0x4 /usr/local/Cellar/gcc-arm-none-eabi/20160926/bin/../lib/gcc/arm-none-eabi/5.4.1/armv7-m/crti.o
                0x0000000008007e4c                _fini
 .fini          0x0000000008007e50        0x8 /usr/local/Cellar/gcc-arm-none-eabi/20160926/bin/../lib/gcc/arm-none-eabi/5.4.1/armv7-m/crtn.o
                0x0000000008007e58                . = ALIGN (0x4)
                0x0000000008007e58                _etext = .

.vfp11_veneer   0x0000000008007e58        0x0
 .vfp11_veneer  0x0000000008007e58        0x0 linker stubs

.v4_bx          0x0000000008007e58        0x0
 .v4_bx         0x0000000008007e58        0x0 linker stubs

.iplt           0x0000000008007e58        0x0
 .iplt          0x0000000008007e58        0x0 /usr/local/Cellar/gcc-arm-none-eabi/20160926/bin/../lib/gcc/arm-none-eabi/5.4.1/armv7-m/crtbegin.o

.rodata         0x0000000008007e58      0x890
                0x0000000008007e58                . = ALIGN (0x4)
 *(.rodata)
 *(.rodata*)
 .rodata.str1.4
                0x0000000008007e58       0x31 build/stm32f10x_it.o
 *fill*         0x0000000008007e89        0x3 
 .rodata.str1.4
                0x0000000008007e8c       0x71 build/debug.o
                                         0x7d (size before relaxing)
 *fill*         0x0000000008007efd        0x3 
 .rodata.str1.4
                0x0000000008007f00       0x14 build/seven_segment.o
 .rodata.CustomHID_DeviceDescriptor
                0x0000000008007f14       0x12 build/usb_desc.o
                0x0000000008007f14                CustomHID_DeviceDescriptor
 *fill*         0x0000000008007f26        0x2 
 .rodata.CustomHID_StringProduct
                0x0000000008007f28       0x20 build/usb_desc.o
                0x0000000008007f28                CustomHID_StringProduct
 .rodata.CustomHID_StringVendor
                0x0000000008007f48       0x26 build/usb_desc.o
                0x0000000008007f48                CustomHID_StringVendor
 *fill*         0x0000000008007f6e        0x2 
 .rodata.CustomHID_ReportDescriptor
                0x0000000008007f70       0xa2 build/usb_desc.o
                0x0000000008007f70                CustomHID_ReportDescriptor
 *fill*         0x0000000008008012        0x2 
 .rodata.CustomHID_ConfigDescriptor
                0x0000000008008014       0x29 build/usb_desc.o
                0x0000000008008014                CustomHID_ConfigDescriptor
 *fill*         0x000000000800803d        0x3 
 .rodata.CustomHID_StringLangID
                0x0000000008008040        0x4 build/usb_desc.o
                0x0000000008008040                CustomHID_StringLangID
 .rodata.__FUNCTION__.8005
                0x0000000008008044       0x11 build/usb_endp.o
 *fill*         0x0000000008008055        0x3 
 .rodata.__FUNCTION__.8001
                0x0000000008008058       0x10 build/usb_endp.o
 .rodata.str1.4
                0x0000000008008068       0x26 build/misc.o
 *fill*         0x000000000800808e        0x2 
 .rodata.str1.4
                0x0000000008008090       0x2f build/stm32f10x_adc.o
 *fill*         0x00000000080080bf        0x1 
 .rodata.str1.4
                0x00000000080080c0       0x2f build/stm32f10x_dma.o
 *fill*         0x00000000080080ef        0x1 
 .rodata.str1.4
                0x00000000080080f0       0x30 build/stm32f10x_exti.o
 .rodata.str1.4
                0x0000000008008120       0x30 build/stm32f10x_gpio.o
 .rodata.str1.4
                0x0000000008008150       0x2f build/stm32f10x_pwr.o
 *fill*         0x000000000800817f        0x1 
 .rodata.str1.4
                0x0000000008008180       0x2f build/stm32f10x_rcc.o
 *fill*         0x00000000080081af        0x1 
 .rodata.str1.4
                0x00000000080081b0       0x31 build/stm32f10x_usart.o
 *fill*         0x00000000080081e1        0x3 
 .rodata.str1.4
                0x00000000080081e4      0x1e4 build/main_menu.o
                                        0x1e5 (size before relaxing)
 .rodata._global_impure_ptr
                0x00000000080083c8        0x4 /usr/local/Cellar/gcc-arm-none-eabi/20160926/bin/../lib/gcc/arm-none-eabi/5.4.1/../../../../arm-none-eabi/lib/armv7-m/libc_nano.a(lib_a-impure.o)
                0x00000000080083c8                _global_impure_ptr
 .rodata.str1.1
                0x00000000080083cc       0x12 /usr/local/Cellar/gcc-arm-none-eabi/20160926/bin/../lib/gcc/arm-none-eabi/5.4.1/../../../../arm-none-eabi/lib/armv7-m/libc_nano.a(lib_a-nano-vfprintf_float.o)
 .rodata.str1.1
                0x00000000080083de       0x22 /usr/local/Cellar/gcc-arm-none-eabi/20160926/bin/../lib/gcc/arm-none-eabi/5.4.1/../../../../arm-none-eabi/lib/armv7-m/libc_nano.a(lib_a-nano-vfprintf_i.o)
 .rodata.str1.1
                0x0000000008008400        0x5 /usr/local/Cellar/gcc-arm-none-eabi/20160926/bin/../lib/gcc/arm-none-eabi/5.4.1/../../../../arm-none-eabi/lib/armv7-m/libc_nano.a(lib_a-nano-vfscanf_float.o)
 *fill*         0x0000000008008405        0x3 
 .rodata.tinytens
                0x0000000008008408       0x28 /usr/local/Cellar/gcc-arm-none-eabi/20160926/bin/../lib/gcc/arm-none-eabi/5.4.1/../../../../arm-none-eabi/lib/armv7-m/libc_nano.a(lib_a-strtod.o)
 .rodata.fpi.6179
                0x0000000008008430       0x14 /usr/local/Cellar/gcc-arm-none-eabi/20160926/bin/../lib/gcc/arm-none-eabi/5.4.1/../../../../arm-none-eabi/lib/armv7-m/libc_nano.a(lib_a-strtod.o)
 .rodata.str1.1
                0x0000000008008444        0x5 /usr/local/Cellar/gcc-arm-none-eabi/20160926/bin/../lib/gcc/arm-none-eabi/5.4.1/../../../../arm-none-eabi/lib/armv7-m/libc_nano.a(lib_a-strtod.o)
                                          0xc (size before relaxing)
 .rodata.fpinan.6215
                0x0000000008008444       0x14 /usr/local/Cellar/gcc-arm-none-eabi/20160926/bin/../lib/gcc/arm-none-eabi/5.4.1/../../../../arm-none-eabi/lib/armv7-m/libc_nano.a(lib_a-strtod.o)
 .rodata.str1.1
                0x0000000008008458        0xd /usr/local/Cellar/gcc-arm-none-eabi/20160926/bin/../lib/gcc/arm-none-eabi/5.4.1/../../../../arm-none-eabi/lib/armv7-m/libc_nano.a(lib_a-dtoa.o)
                                          0xf (size before relaxing)
 *fill*         0x0000000008008465        0x3 
 .rodata.__sf_fake_stdin
                0x0000000008008468       0x20 /usr/local/Cellar/gcc-arm-none-eabi/20160926/bin/../lib/gcc/arm-none-eabi/5.4.1/../../../../arm-none-eabi/lib/armv7-m/libc_nano.a(lib_a-findfp.o)
                0x0000000008008468                __sf_fake_stdin
 .rodata.__sf_fake_stdout
                0x0000000008008488       0x20 /usr/local/Cellar/gcc-arm-none-eabi/20160926/bin/../lib/gcc/arm-none-eabi/5.4.1/../../../../arm-none-eabi/lib/armv7-m/libc_nano.a(lib_a-findfp.o)
                0x0000000008008488                __sf_fake_stdout
 .rodata.__sf_fake_stderr
                0x00000000080084a8       0x20 /usr/local/Cellar/gcc-arm-none-eabi/20160926/bin/../lib/gcc/arm-none-eabi/5.4.1/../../../../arm-none-eabi/lib/armv7-m/libc_nano.a(lib_a-findfp.o)
                0x00000000080084a8                __sf_fake_stderr
 .rodata.str1.1
                0x00000000080084c8        0xa /usr/local/Cellar/gcc-arm-none-eabi/20160926/bin/../lib/gcc/arm-none-eabi/5.4.1/../../../../arm-none-eabi/lib/armv7-m/libc_nano.a(lib_a-locale.o)
                                          0xb (size before relaxing)
 *fill*         0x00000000080084d2        0x6 
 .rodata.__mprec_tens
                0x00000000080084d8       0xc8 /usr/local/Cellar/gcc-arm-none-eabi/20160926/bin/../lib/gcc/arm-none-eabi/5.4.1/../../../../arm-none-eabi/lib/armv7-m/libc_nano.a(lib_a-mprec.o)
                0x00000000080084d8                __mprec_tens
 .rodata.__mprec_bigtens
                0x00000000080085a0       0x28 /usr/local/Cellar/gcc-arm-none-eabi/20160926/bin/../lib/gcc/arm-none-eabi/5.4.1/../../../../arm-none-eabi/lib/armv7-m/libc_nano.a(lib_a-mprec.o)
                0x00000000080085a0                __mprec_bigtens
 .rodata.p05.6097
                0x00000000080085c8        0xc /usr/local/Cellar/gcc-arm-none-eabi/20160926/bin/../lib/gcc/arm-none-eabi/5.4.1/../../../../arm-none-eabi/lib/armv7-m/libc_nano.a(lib_a-mprec.o)
 .rodata.str1.1
                0x00000000080085d4       0x11 /usr/local/Cellar/gcc-arm-none-eabi/20160926/bin/../lib/gcc/arm-none-eabi/5.4.1/../../../../arm-none-eabi/lib/armv7-m/libc_nano.a(lib_a-nano-svfprintf.o)
 .rodata.str1.1
                0x00000000080085e5       0x11 /usr/local/Cellar/gcc-arm-none-eabi/20160926/bin/../lib/gcc/arm-none-eabi/5.4.1/../../../../arm-none-eabi/lib/armv7-m/libc_nano.a(lib_a-nano-vfprintf.o)
 .rodata._ctype_
                0x00000000080085e5      0x101 /usr/local/Cellar/gcc-arm-none-eabi/20160926/bin/../lib/gcc/arm-none-eabi/5.4.1/../../../../arm-none-eabi/lib/armv7-m/libc_nano.a(lib_a-ctype_.o)
                0x00000000080085e5                _ctype_
                0x00000000080086e8                . = ALIGN (0x4)
 *fill*         0x00000000080086e6        0x2 

.rel.dyn        0x00000000080086e8        0x0
 .rel.iplt      0x00000000080086e8        0x0 /usr/local/Cellar/gcc-arm-none-eabi/20160926/bin/../lib/gcc/arm-none-eabi/5.4.1/armv7-m/crtbegin.o

.ARM.extab
 *(.ARM.extab* .gnu.linkonce.armextab.*)

.ARM            0x00000000080086e8        0x0
                0x00000000080086e8                __exidx_start = .
 *(.ARM.exidx*)
                0x00000000080086e8                __exidx_end = .

.preinit_array  0x00000000080086e8        0x0
                0x00000000080086e8                PROVIDE (__preinit_array_start, .)
 *(.preinit_array*)
                0x00000000080086e8                PROVIDE (__preinit_array_end, .)

.init_array     0x00000000080086e8        0x4
                0x00000000080086e8                PROVIDE (__init_array_start, .)
 *(SORT(.init_array.*))
 *(.init_array*)
 .init_array    0x00000000080086e8        0x4 /usr/local/Cellar/gcc-arm-none-eabi/20160926/bin/../lib/gcc/arm-none-eabi/5.4.1/armv7-m/crtbegin.o
                0x00000000080086ec                PROVIDE (__init_array_end, .)

.fini_array     0x00000000080086ec        0x4
                [!provide]                        PROVIDE (__fini_array_start, .)
 *(SORT(.fini_array.*))
 *(.fini_array*)
 .fini_array    0x00000000080086ec        0x4 /usr/local/Cellar/gcc-arm-none-eabi/20160926/bin/../lib/gcc/arm-none-eabi/5.4.1/armv7-m/crtbegin.o
                [!provide]                        PROVIDE (__fini_array_end, .)
                0x00000000080086f0                _sidata = LOADADDR (.data)

.data           0x0000000020000000      0x2d0 load address 0x00000000080086f0
                0x0000000020000000                . = ALIGN (0x4)
                0x0000000020000000                _sdata = .
 *(.data)
 *(.data*)
 .data.CustomHID_StringSerial
                0x0000000020000000       0x1a build/usb_desc.o
                0x0000000020000000                CustomHID_StringSerial
 *fill*         0x000000002000001a        0x2 
 .data.pEpInt_IN
                0x000000002000001c       0x1c build/usb_istr.o
                0x000000002000001c                pEpInt_IN
 .data.pEpInt_OUT
                0x0000000020000038       0x1c build/usb_istr.o
                0x0000000020000038                pEpInt_OUT
 .data.Config_Descriptor
                0x0000000020000054        0x8 build/usb_prop.o
                0x0000000020000054                Config_Descriptor
 .data.Device_Property
                0x000000002000005c       0x30 build/usb_prop.o
                0x000000002000005c                Device_Property
 .data.User_Standard_Requests
                0x000000002000008c       0x24 build/usb_prop.o
                0x000000002000008c                User_Standard_Requests
 .data.CustomHID_Report_Descriptor
                0x00000000200000b0        0x8 build/usb_prop.o
                0x00000000200000b0                CustomHID_Report_Descriptor
 .data.Device_Descriptor
                0x00000000200000b8        0x8 build/usb_prop.o
                0x00000000200000b8                Device_Descriptor
 .data.String_Descriptor
                0x00000000200000c0       0x20 build/usb_prop.o
                0x00000000200000c0                String_Descriptor
 .data.CustomHID_Hid_Descriptor
                0x00000000200000e0        0x8 build/usb_prop.o
                0x00000000200000e0                CustomHID_Hid_Descriptor
 .data.Device_Table
                0x00000000200000e8        0x2 build/usb_prop.o
                0x00000000200000e8                Device_Table
 .data.fSuspendEnabled
                0x00000000200000ea        0x1 build/usb_pwr.o
                0x00000000200000ea                fSuspendEnabled
 *fill*         0x00000000200000eb        0x1 
 .data.ADCPrescTable
                0x00000000200000ec        0x4 build/stm32f10x_rcc.o
 .data.APBAHBPrescTable
                0x00000000200000f0       0x10 build/stm32f10x_rcc.o
 .data.impure_data
                0x0000000020000100       0x60 /usr/local/Cellar/gcc-arm-none-eabi/20160926/bin/../lib/gcc/arm-none-eabi/5.4.1/../../../../arm-none-eabi/lib/armv7-m/libc_nano.a(lib_a-impure.o)
 .data._impure_ptr
                0x0000000020000160        0x4 /usr/local/Cellar/gcc-arm-none-eabi/20160926/bin/../lib/gcc/arm-none-eabi/5.4.1/../../../../arm-none-eabi/lib/armv7-m/libc_nano.a(lib_a-impure.o)
                0x0000000020000160                _impure_ptr
 .data.__global_locale
                0x0000000020000164      0x16c /usr/local/Cellar/gcc-arm-none-eabi/20160926/bin/../lib/gcc/arm-none-eabi/5.4.1/../../../../arm-none-eabi/lib/armv7-m/libc_nano.a(lib_a-locale.o)
                0x0000000020000164                __global_locale
                0x00000000200002d0                . = ALIGN (0x4)
                0x00000000200002d0                _edata = .

.jcr            0x00000000200002d0        0x0 load address 0x00000000080089c0
 .jcr           0x00000000200002d0        0x0 /usr/local/Cellar/gcc-arm-none-eabi/20160926/bin/../lib/gcc/arm-none-eabi/5.4.1/armv7-m/crtbegin.o

.igot.plt       0x00000000200002d0        0x0 load address 0x00000000080089c0
 .igot.plt      0x00000000200002d0        0x0 /usr/local/Cellar/gcc-arm-none-eabi/20160926/bin/../lib/gcc/arm-none-eabi/5.4.1/armv7-m/crtbegin.o
                0x00000000200002d0                . = ALIGN (0x4)

.bss            0x00000000200002d0      0x130 load address 0x00000000080089c0
                0x00000000200002d0                _sbss = .
                0x00000000200002d0                __bss_start__ = _sbss
 *(.bss)
 .bss           0x00000000200002d0       0x1c /usr/local/Cellar/gcc-arm-none-eabi/20160926/bin/../lib/gcc/arm-none-eabi/5.4.1/armv7-m/crtbegin.o
 *(.bss*)
 .bss.g_TestProcessState
                0x00000000200002ec        0x1 build/main.o
                0x00000000200002ec                g_TestProcessState
 .bss.toggle_data_key1
                0x00000000200002ed        0x1 build/stm32f10x_it.o
 .bss.toggle_data_key2
                0x00000000200002ee        0x1 build/stm32f10x_it.o
 *fill*         0x00000000200002ef        0x1 
 .bss.ADC_ConvertedValueX
                0x00000000200002f0        0x4 build/hw_config.o
                0x00000000200002f0                ADC_ConvertedValueX
 .bss.ADC_ConvertedValueX_1
                0x00000000200002f4        0x4 build/hw_config.o
                0x00000000200002f4                ADC_ConvertedValueX_1
 .bss.TimingDelay
                0x00000000200002f8        0x4 build/hw_config.o
 .bss.bIntPackSOF
                0x00000000200002fc        0x1 build/usb_istr.o
                0x00000000200002fc                bIntPackSOF
 *fill*         0x00000000200002fd        0x3 
 .bss.bDeviceState
                0x0000000020000300        0x4 build/usb_pwr.o
                0x0000000020000300                bDeviceState
 .bss.Data_Mul_MaxPacketSize
                0x0000000020000304        0x1 build/usb_core.o
                0x0000000020000304                Data_Mul_MaxPacketSize
 *fill*         0x0000000020000305        0x3 
 .bss.__malloc_sbrk_start
                0x0000000020000308        0x4 /usr/local/Cellar/gcc-arm-none-eabi/20160926/bin/../lib/gcc/arm-none-eabi/5.4.1/../../../../arm-none-eabi/lib/armv7-m/libc_nano.a(lib_a-nano-mallocr.o)
                0x0000000020000308                __malloc_sbrk_start
 .bss.__malloc_free_list
                0x000000002000030c        0x4 /usr/local/Cellar/gcc-arm-none-eabi/20160926/bin/../lib/gcc/arm-none-eabi/5.4.1/../../../../arm-none-eabi/lib/armv7-m/libc_nano.a(lib_a-nano-mallocr.o)
                0x000000002000030c                __malloc_free_list
 .bss.heap_end.4167
                0x0000000020000310        0x4 /usr/local/Cellar/gcc-arm-none-eabi/20160926/bin/../lib/gcc/arm-none-eabi/5.4.1/../../../../arm-none-eabi/lib/armv7-m/libnosys.a(sbrk.o)
 *(COMMON)
 COMMON         0x0000000020000314       0x14 build/main.o
                0x0000000020000314                rcc_clocks
 COMMON         0x0000000020000328        0x2 build/stm32f10x_it.o
                0x0000000020000328                Send_Buffer
 *fill*         0x000000002000032a        0x2 
 COMMON         0x000000002000032c        0x2 build/usb_endp.o
                0x000000002000032c                Receive_Buffer
 COMMON         0x000000002000032e        0x2 build/usb_istr.o
                0x000000002000032e                wIstr
 COMMON         0x0000000020000330        0x4 build/usb_prop.o
                0x0000000020000330                ProtocolValue
 COMMON         0x0000000020000334        0x2 build/usb_pwr.o
                0x0000000020000334                ResumeS
 *fill*         0x0000000020000336        0x2 
 COMMON         0x0000000020000338        0x2 build/usb_core.o
                0x0000000020000338                StatusInfo
 *fill*         0x000000002000033a        0x2 
 COMMON         0x000000002000033c       0x32 build/usb_init.o
                0x000000002000033c                SaveState
                0x0000000020000340                pProperty
                0x0000000020000344                EPindex
                0x0000000020000348                Device_Info
                0x0000000020000364                pUser_Standard_Requests
                0x0000000020000368                pInformation
                0x000000002000036c                wInterrupt_Mask
 COMMON         0x000000002000036e        0x4 build/usb_int.o
                0x000000002000036e                SaveRState
                0x0000000020000370                SaveTState
 *fill*         0x0000000020000372        0x2 
 COMMON         0x0000000020000374       0x88 build/main_menu.o
                0x0000000020000374                cmd_size
                0x0000000020000378                ch
                0x000000002000037c                cmd
 COMMON         0x00000000200003fc        0x4 /usr/local/Cellar/gcc-arm-none-eabi/20160926/bin/../lib/gcc/arm-none-eabi/5.4.1/../../../../arm-none-eabi/lib/armv7-m/libc_nano.a(lib_a-reent.o)
                0x00000000200003fc                errno
                0x0000000020000400                . = ALIGN (0x4)
                0x0000000020000400                _ebss = .
                0x0000000020000400                __bss_end__ = _ebss

._user_heap_stack
                0x0000000020000400      0x600 load address 0x00000000080089c0
                0x0000000020000400                . = ALIGN (0x8)
                0x0000000020000400                PROVIDE (end, .)
                [!provide]                        PROVIDE (_end, .)
                0x0000000020000600                . = (. + _Min_Heap_Size)
 *fill*         0x0000000020000400      0x200 
                0x0000000020000a00                . = (. + _Min_Stack_Size)
 *fill*         0x0000000020000600      0x400 
                0x0000000020000a00                . = ALIGN (0x8)

/DISCARD/
 libc.a(*)
 libm.a(*)
 libgcc.a(*)

.ARM.attributes
                0x0000000000000000       0x29
 *(.ARM.attributes)
 .ARM.attributes
                0x0000000000000000       0x1d /usr/local/Cellar/gcc-arm-none-eabi/20160926/bin/../lib/gcc/arm-none-eabi/5.4.1/armv7-m/crti.o
 .ARM.attributes
                0x000000000000001d       0x2d /usr/local/Cellar/gcc-arm-none-eabi/20160926/bin/../lib/gcc/arm-none-eabi/5.4.1/armv7-m/crtbegin.o
 .ARM.attributes
                0x000000000000004a       0x33 build/main.o
 .ARM.attributes
                0x000000000000007d       0x33 build/stm32f10x_it.o
 .ARM.attributes
                0x00000000000000b0       0x33 build/hw_config.o
 .ARM.attributes
                0x00000000000000e3       0x33 build/debug.o
 .ARM.attributes
                0x0000000000000116       0x33 build/key.o
 .ARM.attributes
                0x0000000000000149       0x33 build/led.o
 .ARM.attributes
                0x000000000000017c       0x33 build/seven_segment.o
 .ARM.attributes
                0x00000000000001af       0x33 build/usb_desc.o
 .ARM.attributes
                0x00000000000001e2       0x33 build/usb_endp.o
 .ARM.attributes
                0x0000000000000215       0x33 build/usb_istr.o
 .ARM.attributes
                0x0000000000000248       0x33 build/usb_prop.o
 .ARM.attributes
                0x000000000000027b       0x33 build/usb_pwr.o
 .ARM.attributes
                0x00000000000002ae       0x33 build/syscalls.o
 .ARM.attributes
                0x00000000000002e1       0x33 build/misc.o
 .ARM.attributes
                0x0000000000000314       0x33 build/stm32f10x_adc.o
 .ARM.attributes
                0x0000000000000347       0x33 build/stm32f10x_dma.o
 .ARM.attributes
                0x000000000000037a       0x33 build/stm32f10x_exti.o
 .ARM.attributes
                0x00000000000003ad       0x33 build/stm32f10x_gpio.o
 .ARM.attributes
                0x00000000000003e0       0x33 build/stm32f10x_pwr.o
 .ARM.attributes
                0x0000000000000413       0x33 build/stm32f10x_rcc.o
 .ARM.attributes
                0x0000000000000446       0x33 build/stm32f10x_usart.o
 .ARM.attributes
                0x0000000000000479       0x33 build/usb_core.o
 .ARM.attributes
                0x00000000000004ac       0x33 build/usb_init.o
 .ARM.attributes
                0x00000000000004df       0x33 build/usb_int.o
 .ARM.attributes
                0x0000000000000512       0x33 build/usb_mem.o
 .ARM.attributes
                0x0000000000000545       0x33 build/usb_regs.o
 .ARM.attributes
                0x0000000000000578       0x33 build/system_stm32f10x.o
 .ARM.attributes
                0x00000000000005ab       0x33 build/main_menu.o
 .ARM.attributes
                0x00000000000005de       0x21 build/startup_stm32f10x_md.o
 .ARM.attributes
                0x00000000000005ff       0x2d /usr/local/Cellar/gcc-arm-none-eabi/20160926/bin/../lib/gcc/arm-none-eabi/5.4.1/../../../../arm-none-eabi/lib/armv7-m/libc_nano.a(lib_a-impure.o)
 .ARM.attributes
                0x000000000000062c       0x2d /usr/local/Cellar/gcc-arm-none-eabi/20160926/bin/../lib/gcc/arm-none-eabi/5.4.1/../../../../arm-none-eabi/lib/armv7-m/libc_nano.a(lib_a-memset.o)
 .ARM.attributes
                0x0000000000000659       0x2d /usr/local/Cellar/gcc-arm-none-eabi/20160926/bin/../lib/gcc/arm-none-eabi/5.4.1/../../../../arm-none-eabi/lib/armv7-m/libc_nano.a(lib_a-nano-vfprintf_float.o)
 .ARM.attributes
                0x0000000000000686       0x2d /usr/local/Cellar/gcc-arm-none-eabi/20160926/bin/../lib/gcc/arm-none-eabi/5.4.1/../../../../arm-none-eabi/lib/armv7-m/libc_nano.a(lib_a-nano-vfprintf_i.o)
 .ARM.attributes
                0x00000000000006b3       0x2d /usr/local/Cellar/gcc-arm-none-eabi/20160926/bin/../lib/gcc/arm-none-eabi/5.4.1/../../../../arm-none-eabi/lib/armv7-m/libc_nano.a(lib_a-nano-vfscanf_float.o)
 .ARM.attributes
                0x00000000000006e0       0x2d /usr/local/Cellar/gcc-arm-none-eabi/20160926/bin/../lib/gcc/arm-none-eabi/5.4.1/../../../../arm-none-eabi/lib/armv7-m/libc_nano.a(lib_a-printf.o)
 .ARM.attributes
                0x000000000000070d       0x2d /usr/local/Cellar/gcc-arm-none-eabi/20160926/bin/../lib/gcc/arm-none-eabi/5.4.1/../../../../arm-none-eabi/lib/armv7-m/libc_nano.a(lib_a-puts.o)
 .ARM.attributes
                0x000000000000073a       0x2d /usr/local/Cellar/gcc-arm-none-eabi/20160926/bin/../lib/gcc/arm-none-eabi/5.4.1/../../../../arm-none-eabi/lib/armv7-m/libc_nano.a(lib_a-sf_nan.o)
 .ARM.attributes
                0x0000000000000767       0x2d /usr/local/Cellar/gcc-arm-none-eabi/20160926/bin/../lib/gcc/arm-none-eabi/5.4.1/../../../../arm-none-eabi/lib/armv7-m/libc_nano.a(lib_a-sprintf.o)
 .ARM.attributes
                0x0000000000000794       0x17 /usr/local/Cellar/gcc-arm-none-eabi/20160926/bin/../lib/gcc/arm-none-eabi/5.4.1/../../../../arm-none-eabi/lib/armv7-m/libc_nano.a(lib_a-strlen.o)
 .ARM.attributes
                0x00000000000007ab       0x2d /usr/local/Cellar/gcc-arm-none-eabi/20160926/bin/../lib/gcc/arm-none-eabi/5.4.1/../../../../arm-none-eabi/lib/armv7-m/libc_nano.a(lib_a-strtod.o)
 .ARM.attributes
                0x00000000000007d8       0x2d /usr/local/Cellar/gcc-arm-none-eabi/20160926/bin/../lib/gcc/arm-none-eabi/5.4.1/../../../../arm-none-eabi/lib/armv7-m/libc_nano.a(lib_a-strtol.o)
 .ARM.attributes
                0x0000000000000805       0x2d /usr/local/Cellar/gcc-arm-none-eabi/20160926/bin/../lib/gcc/arm-none-eabi/5.4.1/../../../../arm-none-eabi/lib/armv7-m/libc_nano.a(lib_a-wbuf.o)
 .ARM.attributes
                0x0000000000000832       0x2d /usr/local/Cellar/gcc-arm-none-eabi/20160926/bin/../lib/gcc/arm-none-eabi/5.4.1/../../../../arm-none-eabi/lib/armv7-m/libc_nano.a(lib_a-wsetup.o)
 .ARM.attributes
                0x000000000000085f       0x2d /usr/local/Cellar/gcc-arm-none-eabi/20160926/bin/../lib/gcc/arm-none-eabi/5.4.1/../../../../arm-none-eabi/lib/armv7-m/libc_nano.a(lib_a-dtoa.o)
 .ARM.attributes
                0x000000000000088c       0x2d /usr/local/Cellar/gcc-arm-none-eabi/20160926/bin/../lib/gcc/arm-none-eabi/5.4.1/../../../../arm-none-eabi/lib/armv7-m/libc_nano.a(lib_a-fflush.o)
 .ARM.attributes
                0x00000000000008b9       0x2d /usr/local/Cellar/gcc-arm-none-eabi/20160926/bin/../lib/gcc/arm-none-eabi/5.4.1/../../../../arm-none-eabi/lib/armv7-m/libc_nano.a(lib_a-findfp.o)
 .ARM.attributes
                0x00000000000008e6       0x2d /usr/local/Cellar/gcc-arm-none-eabi/20160926/bin/../lib/gcc/arm-none-eabi/5.4.1/../../../../arm-none-eabi/lib/armv7-m/libc_nano.a(lib_a-fwalk.o)
 .ARM.attributes
                0x0000000000000913       0x2d /usr/local/Cellar/gcc-arm-none-eabi/20160926/bin/../lib/gcc/arm-none-eabi/5.4.1/../../../../arm-none-eabi/lib/armv7-m/libc_nano.a(lib_a-gdtoa-gethex.o)
 .ARM.attributes
                0x0000000000000940       0x2d /usr/local/Cellar/gcc-arm-none-eabi/20160926/bin/../lib/gcc/arm-none-eabi/5.4.1/../../../../arm-none-eabi/lib/armv7-m/libc_nano.a(lib_a-gdtoa-hexnan.o)
 .ARM.attributes
                0x000000000000096d       0x2d /usr/local/Cellar/gcc-arm-none-eabi/20160926/bin/../lib/gcc/arm-none-eabi/5.4.1/../../../../arm-none-eabi/lib/armv7-m/libc_nano.a(lib_a-locale.o)
 .ARM.attributes
                0x000000000000099a       0x2d /usr/local/Cellar/gcc-arm-none-eabi/20160926/bin/../lib/gcc/arm-none-eabi/5.4.1/../../../../arm-none-eabi/lib/armv7-m/libc_nano.a(lib_a-localeconv.o)
 .ARM.attributes
                0x00000000000009c7       0x2d /usr/local/Cellar/gcc-arm-none-eabi/20160926/bin/../lib/gcc/arm-none-eabi/5.4.1/../../../../arm-none-eabi/lib/armv7-m/libc_nano.a(lib_a-makebuf.o)
 .ARM.attributes
                0x00000000000009f4       0x2d /usr/local/Cellar/gcc-arm-none-eabi/20160926/bin/../lib/gcc/arm-none-eabi/5.4.1/../../../../arm-none-eabi/lib/armv7-m/libc_nano.a(lib_a-malloc.o)
 .ARM.attributes
                0x0000000000000a21       0x2d /usr/local/Cellar/gcc-arm-none-eabi/20160926/bin/../lib/gcc/arm-none-eabi/5.4.1/../../../../arm-none-eabi/lib/armv7-m/libc_nano.a(lib_a-mbtowc_r.o)
 .ARM.attributes
                0x0000000000000a4e       0x2d /usr/local/Cellar/gcc-arm-none-eabi/20160926/bin/../lib/gcc/arm-none-eabi/5.4.1/../../../../arm-none-eabi/lib/armv7-m/libc_nano.a(lib_a-memchr-stub.o)
 .ARM.attributes
                0x0000000000000a7b       0x2d /usr/local/Cellar/gcc-arm-none-eabi/20160926/bin/../lib/gcc/arm-none-eabi/5.4.1/../../../../arm-none-eabi/lib/armv7-m/libc_nano.a(lib_a-memcpy-stub.o)
 .ARM.attributes
                0x0000000000000aa8       0x2d /usr/local/Cellar/gcc-arm-none-eabi/20160926/bin/../lib/gcc/arm-none-eabi/5.4.1/../../../../arm-none-eabi/lib/armv7-m/libc_nano.a(lib_a-mprec.o)
 .ARM.attributes
                0x0000000000000ad5       0x2d /usr/local/Cellar/gcc-arm-none-eabi/20160926/bin/../lib/gcc/arm-none-eabi/5.4.1/../../../../arm-none-eabi/lib/armv7-m/libc_nano.a(lib_a-nano-callocr.o)
 .ARM.attributes
                0x0000000000000b02       0x2d /usr/local/Cellar/gcc-arm-none-eabi/20160926/bin/../lib/gcc/arm-none-eabi/5.4.1/../../../../arm-none-eabi/lib/armv7-m/libc_nano.a(lib_a-nano-freer.o)
 .ARM.attributes
                0x0000000000000b2f       0x2d /usr/local/Cellar/gcc-arm-none-eabi/20160926/bin/../lib/gcc/arm-none-eabi/5.4.1/../../../../arm-none-eabi/lib/armv7-m/libc_nano.a(lib_a-nano-mallocr.o)
 .ARM.attributes
                0x0000000000000b5c       0x2d /usr/local/Cellar/gcc-arm-none-eabi/20160926/bin/../lib/gcc/arm-none-eabi/5.4.1/../../../../arm-none-eabi/lib/armv7-m/libc_nano.a(lib_a-nano-svfprintf.o)
 .ARM.attributes
                0x0000000000000b89       0x2d /usr/local/Cellar/gcc-arm-none-eabi/20160926/bin/../lib/gcc/arm-none-eabi/5.4.1/../../../../arm-none-eabi/lib/armv7-m/libc_nano.a(lib_a-nano-vfprintf.o)
 .ARM.attributes
                0x0000000000000bb6       0x2d /usr/local/Cellar/gcc-arm-none-eabi/20160926/bin/../lib/gcc/arm-none-eabi/5.4.1/../../../../arm-none-eabi/lib/armv7-m/libc_nano.a(lib_a-sbrkr.o)
 .ARM.attributes
                0x0000000000000be3       0x2d /usr/local/Cellar/gcc-arm-none-eabi/20160926/bin/../lib/gcc/arm-none-eabi/5.4.1/../../../../arm-none-eabi/lib/armv7-m/libc_nano.a(lib_a-stdio.o)
 .ARM.attributes
                0x0000000000000c10       0x2d /usr/local/Cellar/gcc-arm-none-eabi/20160926/bin/../lib/gcc/arm-none-eabi/5.4.1/../../../../arm-none-eabi/lib/armv7-m/libc_nano.a(lib_a-strncmp.o)
 .ARM.attributes
                0x0000000000000c3d       0x2d /usr/local/Cellar/gcc-arm-none-eabi/20160926/bin/../lib/gcc/arm-none-eabi/5.4.1/../../../../arm-none-eabi/lib/armv7-m/libc_nano.a(lib_a-wctomb_r.o)
 .ARM.attributes
                0x0000000000000c6a       0x2d /usr/local/Cellar/gcc-arm-none-eabi/20160926/bin/../lib/gcc/arm-none-eabi/5.4.1/../../../../arm-none-eabi/lib/armv7-m/libc_nano.a(lib_a-writer.o)
 .ARM.attributes
                0x0000000000000c97       0x2d /usr/local/Cellar/gcc-arm-none-eabi/20160926/bin/../lib/gcc/arm-none-eabi/5.4.1/../../../../arm-none-eabi/lib/armv7-m/libc_nano.a(lib_a-closer.o)
 .ARM.attributes
                0x0000000000000cc4       0x2d /usr/local/Cellar/gcc-arm-none-eabi/20160926/bin/../lib/gcc/arm-none-eabi/5.4.1/../../../../arm-none-eabi/lib/armv7-m/libc_nano.a(lib_a-ctype_.o)
 .ARM.attributes
                0x0000000000000cf1       0x2d /usr/local/Cellar/gcc-arm-none-eabi/20160926/bin/../lib/gcc/arm-none-eabi/5.4.1/../../../../arm-none-eabi/lib/armv7-m/libc_nano.a(lib_a-fstatr.o)
 .ARM.attributes
                0x0000000000000d1e       0x2d /usr/local/Cellar/gcc-arm-none-eabi/20160926/bin/../lib/gcc/arm-none-eabi/5.4.1/../../../../arm-none-eabi/lib/armv7-m/libc_nano.a(lib_a-isattyr.o)
 .ARM.attributes
                0x0000000000000d4b       0x2d /usr/local/Cellar/gcc-arm-none-eabi/20160926/bin/../lib/gcc/arm-none-eabi/5.4.1/../../../../arm-none-eabi/lib/armv7-m/libc_nano.a(lib_a-lseekr.o)
 .ARM.attributes
                0x0000000000000d78       0x2d /usr/local/Cellar/gcc-arm-none-eabi/20160926/bin/../lib/gcc/arm-none-eabi/5.4.1/../../../../arm-none-eabi/lib/armv7-m/libc_nano.a(lib_a-memmove.o)
 .ARM.attributes
                0x0000000000000da5       0x2d /usr/local/Cellar/gcc-arm-none-eabi/20160926/bin/../lib/gcc/arm-none-eabi/5.4.1/../../../../arm-none-eabi/lib/armv7-m/libc_nano.a(lib_a-mlock.o)
 .ARM.attributes