Archive member included to satisfy reference by file (symbol)

/usr/local/Cellar/gcc-arm-none-eabi/20160926/bin/../lib/gcc/arm-none-eabi/5.4.1/../../../../arm-none-eabi/lib/armv7-m/libc_nano.a(lib_a-exit.o)
                              /usr/local/Cellar/gcc-arm-none-eabi/20160926/bin/../lib/gcc/arm-none-eabi/5.4.1/../../../../arm-none-eabi/lib/armv7-m/crt0.o (exit)
/usr/local/Cellar/gcc-arm-none-eabi/20160926/bin/../lib/gcc/arm-none-eabi/5.4.1/../../../../arm-none-eabi/lib/armv7-m/libc_nano.a(lib_a-impure.o)
                              /usr/local/Cellar/gcc-arm-none-eabi/20160926/bin/../lib/gcc/arm-none-eabi/5.4.1/../../../../arm-none-eabi/lib/armv7-m/libc_nano.a(lib_a-exit.o) (_global_impure_ptr)
/usr/local/Cellar/gcc-arm-none-eabi/20160926/bin/../lib/gcc/arm-none-eabi/5.4.1/../../../../arm-none-eabi/lib/armv7-m/libc_nano.a(lib_a-init.o)
                              /usr/local/Cellar/gcc-arm-none-eabi/20160926/bin/../lib/gcc/arm-none-eabi/5.4.1/../../../../arm-none-eabi/lib/armv7-m/crt0.o (__libc_init_array)
/usr/local/Cellar/gcc-arm-none-eabi/20160926/bin/../lib/gcc/arm-none-eabi/5.4.1/../../../../arm-none-eabi/lib/armv7-m/libc_nano.a(lib_a-memcpy-stub.o)
                              build/queue.o (memcpy)
/usr/local/Cellar/gcc-arm-none-eabi/20160926/bin/../lib/gcc/arm-none-eabi/5.4.1/../../../../arm-none-eabi/lib/armv7-m/libc_nano.a(lib_a-memset.o)
                              /usr/local/Cellar/gcc-arm-none-eabi/20160926/bin/../lib/gcc/arm-none-eabi/5.4.1/../../../../arm-none-eabi/lib/armv7-m/crt0.o (memset)
/usr/local/Cellar/gcc-arm-none-eabi/20160926/bin/../lib/gcc/arm-none-eabi/5.4.1/../../../../arm-none-eabi/lib/armv7-m/libc_nano.a(lib_a-nano-vfprintf_float.o)
                              (_printf_float)
/usr/local/Cellar/gcc-arm-none-eabi/20160926/bin/../lib/gcc/arm-none-eabi/5.4.1/../../../../arm-none-eabi/lib/armv7-m/libc_nano.a(lib_a-nano-vfprintf_i.o)
                              /usr/local/Cellar/gcc-arm-none-eabi/20160926/bin/../lib/gcc/arm-none-eabi/5.4.1/../../../../arm-none-eabi/lib/armv7-m/libc_nano.a(lib_a-nano-vfprintf_float.o) (_printf_common)
/usr/local/Cellar/gcc-arm-none-eabi/20160926/bin/../lib/gcc/arm-none-eabi/5.4.1/../../../../arm-none-eabi/lib/armv7-m/libc_nano.a(lib_a-nano-vfscanf_float.o)
                              (_scanf_float)
/usr/local/Cellar/gcc-arm-none-eabi/20160926/bin/../lib/gcc/arm-none-eabi/5.4.1/../../../../arm-none-eabi/lib/armv7-m/libc_nano.a(lib_a-printf.o)
                              build/debug.o (printf)
/usr/local/Cellar/gcc-arm-none-eabi/20160926/bin/../lib/gcc/arm-none-eabi/5.4.1/../../../../arm-none-eabi/lib/armv7-m/libc_nano.a(lib_a-putchar.o)
                              build/main_menu.o (putchar)
/usr/local/Cellar/gcc-arm-none-eabi/20160926/bin/../lib/gcc/arm-none-eabi/5.4.1/../../../../arm-none-eabi/lib/armv7-m/libc_nano.a(lib_a-puts.o)
                              build/main.o (puts)
/usr/local/Cellar/gcc-arm-none-eabi/20160926/bin/../lib/gcc/arm-none-eabi/5.4.1/../../../../arm-none-eabi/lib/armv7-m/libc_nano.a(lib_a-sf_nan.o)
                              /usr/local/Cellar/gcc-arm-none-eabi/20160926/bin/../lib/gcc/arm-none-eabi/5.4.1/../../../../arm-none-eabi/lib/armv7-m/libc_nano.a(lib_a-nano-vfscanf_float.o) (nanf)
/usr/local/Cellar/gcc-arm-none-eabi/20160926/bin/../lib/gcc/arm-none-eabi/5.4.1/../../../../arm-none-eabi/lib/armv7-m/libc_nano.a(lib_a-sprintf.o)
                              /usr/local/Cellar/gcc-arm-none-eabi/20160926/bin/../lib/gcc/arm-none-eabi/5.4.1/../../../../arm-none-eabi/lib/armv7-m/libc_nano.a(lib_a-nano-vfscanf_float.o) (sprintf)
/usr/local/Cellar/gcc-arm-none-eabi/20160926/bin/../lib/gcc/arm-none-eabi/5.4.1/../../../../arm-none-eabi/lib/armv7-m/libc_nano.a(lib_a-strlen.o)
                              /usr/local/Cellar/gcc-arm-none-eabi/20160926/bin/../lib/gcc/arm-none-eabi/5.4.1/../../../../arm-none-eabi/lib/armv7-m/libc_nano.a(lib_a-nano-vfprintf_float.o) (strlen)
/usr/local/Cellar/gcc-arm-none-eabi/20160926/bin/../lib/gcc/arm-none-eabi/5.4.1/../../../../arm-none-eabi/lib/armv7-m/libc_nano.a(lib_a-strncpy.o)
                              build/tasks.o (strncpy)
/usr/local/Cellar/gcc-arm-none-eabi/20160926/bin/../lib/gcc/arm-none-eabi/5.4.1/../../../../arm-none-eabi/lib/armv7-m/libc_nano.a(lib_a-strtod.o)
                              /usr/local/Cellar/gcc-arm-none-eabi/20160926/bin/../lib/gcc/arm-none-eabi/5.4.1/../../../../arm-none-eabi/lib/armv7-m/libc_nano.a(lib_a-nano-vfscanf_float.o) (_strtod_r)
/usr/local/Cellar/gcc-arm-none-eabi/20160926/bin/../lib/gcc/arm-none-eabi/5.4.1/../../../../arm-none-eabi/lib/armv7-m/libc_nano.a(lib_a-strtol.o)
                              /usr/local/Cellar/gcc-arm-none-eabi/20160926/bin/../lib/gcc/arm-none-eabi/5.4.1/../../../../arm-none-eabi/lib/armv7-m/libc_nano.a(lib_a-nano-vfscanf_float.o) (_strtol_r)
/usr/local/Cellar/gcc-arm-none-eabi/20160926/bin/../lib/gcc/arm-none-eabi/5.4.1/../../../../arm-none-eabi/lib/armv7-m/libc_nano.a(lib_a-wbuf.o)
[...]
Memory Configuration

Name             Origin             Length             Attributes
RAM              0x0000000020000000 0x0000000000005000 xrw
FLASH            0x0000000008000000 0x0000000000020000 xr
*default*        0x0000000000000000 0xffffffffffffffff

Linker script and memory map

LOAD /usr/local/Cellar/gcc-arm-none-eabi/20160926/bin/../lib/gcc/arm-none-eabi/5.4.1/armv7-m/crti.o
LOAD /usr/local/Cellar/gcc-arm-none-eabi/20160926/bin/../lib/gcc/arm-none-eabi/5.4.1/armv7-m/crtbegin.o
LOAD /usr/local/Cellar/gcc-arm-none-eabi/20160926/bin/../lib/gcc/arm-none-eabi/5.4.1/../../../../arm-none-eabi/lib/armv7-m/crt0.o
LOAD build/main.o
LOAD build/stm32f10x_it.o
LOAD build/hw_config.o
LOAD build/debug.o
LOAD build/syscalls.o
LOAD build/misc.o
LOAD build/stm32f10x_adc.o
LOAD build/stm32f10x_bkp.o
LOAD build/stm32f10x_can.o
LOAD build/stm32f10x_crc.o
LOAD build/stm32f10x_dac.o
LOAD build/stm32f10x_dbgmcu.o
LOAD build/stm32f10x_dma.o
LOAD build/stm32f10x_exti.o
LOAD build/stm32f10x_flash.o
LOAD build/stm32f10x_fsmc.o
LOAD build/stm32f10x_gpio.o
LOAD build/stm32f10x_i2c.o
LOAD build/stm32f10x_iwdg.o
LOAD build/stm32f10x_pwr.o
LOAD build/stm32f10x_rcc.o
LOAD build/stm32f10x_rtc.o
LOAD build/stm32f10x_sdio.o
LOAD build/stm32f10x_spi.o
LOAD build/stm32f10x_tim.o
LOAD build/stm32f10x_usart.o
LOAD build/stm32f10x_wwdg.o
LOAD build/usb_core.o
LOAD build/usb_init.o
LOAD build/usb_int.o
LOAD build/usb_mem.o
LOAD build/usb_regs.o
LOAD build/system_stm32f10x.o
LOAD build/core_cm3.o
LOAD build/main_menu.o
LOAD build/led_menu.o
LOAD build/key_menu.o
LOAD build/key.o
LOAD build/led.o
LOAD build/seven_segment.o
LOAD build/zigbee_test.o
LOAD build/usb_desc.o
LOAD build/usb_endp.o
LOAD build/usb_istr.o
LOAD build/usb_prop.o
LOAD build/usb_pwr.o
LOAD build/list.o
LOAD build/queue.o
LOAD build/tasks.o
LOAD build/port.o
LOAD build/heap_2.o
LOAD build/BlockQ.o
LOAD build/blocktim.o
LOAD build/comtest.o
LOAD build/death.o
LOAD build/flash.o
LOAD build/integer.o
LOAD build/PollQ.o
LOAD build/semtest.o
LOAD build/spi_flash.o
LOAD build/timertest.o
LOAD build/ParTest.o
LOAD build/startup_stm32f10x_md.o
LOAD /usr/local/Cellar/gcc-arm-none-eabi/20160926/bin/../lib/gcc/arm-none-eabi/5.4.1/../../../../arm-none-eabi/lib/armv7-m/libc_nano.a
LOAD /usr/local/Cellar/gcc-arm-none-eabi/20160926/bin/../lib/gcc/arm-none-eabi/5.4.1/../../../../arm-none-eabi/lib/armv7-m/libm.a
LOAD /usr/local/Cellar/gcc-arm-none-eabi/20160926/bin/../lib/gcc/arm-none-eabi/5.4.1/../../../../arm-none-eabi/lib/armv7-m/libnosys.a
START GROUP
LOAD /usr/local/Cellar/gcc-arm-none-eabi/20160926/bin/../lib/gcc/arm-none-eabi/5.4.1/armv7-m/libgcc.a
LOAD /usr/local/Cellar/gcc-arm-none-eabi/20160926/bin/../lib/gcc/arm-none-eabi/5.4.1/../../../../arm-none-eabi/lib/armv7-m/libc_nano.a
END GROUP
START GROUP
LOAD /usr/local/Cellar/gcc-arm-none-eabi/20160926/bin/../lib/gcc/arm-none-eabi/5.4.1/armv7-m/libgcc.a
LOAD /usr/local/Cellar/gcc-arm-none-eabi/20160926/bin/../lib/gcc/arm-none-eabi/5.4.1/../../../../arm-none-eabi/lib/armv7-m/libc_nano.a
END GROUP
LOAD /usr/local/Cellar/gcc-arm-none-eabi/20160926/bin/../lib/gcc/arm-none-eabi/5.4.1/armv7-m/crtend.o
LOAD /usr/local/Cellar/gcc-arm-none-eabi/20160926/bin/../lib/gcc/arm-none-eabi/5.4.1/armv7-m/crtn.o
                0x0000000020005000                _estack = 0x20005000
                0x0000000000000200                _Min_Heap_Size = 0x200
                0x0000000000000400                _Min_Stack_Size = 0x400

.isr_vector     0x0000000008000000      0x10c
                0x0000000008000000                . = ALIGN (0x4)
 *(.isr_vector)
 .isr_vector    0x0000000008000000      0x10c build/startup_stm32f10x_md.o
                0x0000000008000000                g_pfnVectors
                0x000000000800010c                . = ALIGN (0x4)

.text           0x0000000008000110     0x7be4
                0x0000000008000110                . = ALIGN (0x4)
 *(.text)
 .text          0x0000000008000110       0x5c /usr/local/Cellar/gcc-arm-none-eabi/20160926/bin/../lib/gcc/arm-none-eabi/5.4.1/armv7-m/crtbegin.o
 .text          0x000000000800016c       0x10 /usr/local/Cellar/gcc-arm-none-eabi/20160926/bin/../lib/gcc/arm-none-eabi/5.4.1/../../../../arm-none-eabi/lib/armv7-m/libc_nano.a(lib_a-strlen.o)
                0x000000000800016c                strlen
 .text          0x000000000800017c      0x370 /usr/local/Cellar/gcc-arm-none-eabi/20160926/bin/../lib/gcc/arm-none-eabi/5.4.1/armv7-m/libgcc.a(_arm_addsubdf3.o)
                0x000000000800017c                __aeabi_drsub
                0x0000000008000184                __subdf3
                0x0000000008000184                __aeabi_dsub
                0x0000000008000188                __aeabi_dadd
                0x0000000008000188                __adddf3
                0x0000000008000400                __aeabi_ui2d
                0x0000000008000400                __floatunsidf
                0x0000000008000420                __floatsidf
                0x0000000008000420                __aeabi_i2d
                0x0000000008000444                __extendsfdf2
                0x0000000008000444                __aeabi_f2d
                0x0000000008000480                __aeabi_ul2d
                0x0000000008000480                __floatundidf
                0x0000000008000490                __aeabi_l2d
                0x0000000008000490                __floatdidf
 .text          0x00000000080004ec      0x424 /usr/local/Cellar/gcc-arm-none-eabi/20160926/bin/../lib/gcc/arm-none-eabi/5.4.1/armv7-m/libgcc.a(_arm_muldivdf3.o)
                0x00000000080004ec                __aeabi_dmul
                0x00000000080004ec                __muldf3
                0x0000000008000740                __aeabi_ddiv
                0x0000000008000740                __divdf3
 .text          0x0000000008000910      0x110 /usr/local/Cellar/gcc-arm-none-eabi/20160926/bin/../lib/gcc/arm-none-eabi/5.4.1/armv7-m/libgcc.a(_arm_cmpdf2.o)
                0x0000000008000910                __gedf2
                0x0000000008000910                __gtdf2
                0x0000000008000918                __ledf2
                0x0000000008000918                __ltdf2
                0x0000000008000920                __cmpdf2
                0x0000000008000920                __eqdf2
                0x0000000008000920                __nedf2
                0x000000000800099c                __aeabi_cdrcmple
                0x00000000080009ac                __aeabi_cdcmple
                0x00000000080009ac                __aeabi_cdcmpeq
                0x00000000080009bc                __aeabi_dcmpeq
                0x00000000080009d0                __aeabi_dcmplt
                0x00000000080009e4                __aeabi_dcmple
                0x00000000080009f8                __aeabi_dcmpge
                0x0000000008000a0c                __aeabi_dcmpgt
 .text          0x0000000008000a20       0x2c /usr/local/Cellar/gcc-arm-none-eabi/20160926/bin/../lib/gcc/arm-none-eabi/5.4.1/armv7-m/libgcc.a(_arm_unorddf2.o)
                0x0000000008000a20                __aeabi_dcmpun
                0x0000000008000a20                __unorddf2
 .text          0x0000000008000a4c       0x50 /usr/local/Cellar/gcc-arm-none-eabi/20160926/bin/../lib/gcc/arm-none-eabi/5.4.1/armv7-m/libgcc.a(_arm_fixdfsi.o)
                0x0000000008000a4c                __fixdfsi
                0x0000000008000a4c                __aeabi_d2iz
 .text          0x0000000008000a9c       0x40 /usr/local/Cellar/gcc-arm-none-eabi/20160926/bin/../lib/gcc/arm-none-eabi/5.4.1/armv7-m/libgcc.a(_arm_fixunsdfsi.o)
                0x0000000008000a9c                __fixunsdfsi
                0x0000000008000a9c                __aeabi_d2uiz
 .text          0x0000000008000adc       0xa0 /usr/local/Cellar/gcc-arm-none-eabi/20160926/bin/../lib/gcc/arm-none-eabi/5.4.1/armv7-m/libgcc.a(_arm_truncdfsf2.o)
                0x0000000008000adc                __aeabi_d2f
                0x0000000008000adc                __truncdfsf2
 *(.text*)
 .text.main     0x0000000008000b7c       0x70 build/main.o
                0x0000000008000b7c                main
 .text.NMI_Handler
                0x0000000008000bec        0x4 build/stm32f10x_it.o
                0x0000000008000bec                NMI_Handler
 .text.HardFault_Handler
                0x0000000008000bf0        0x4 build/stm32f10x_it.o
                0x0000000008000bf0                HardFault_Handler
 .text.MemManage_Handler
                0x0000000008000bf4        0x4 build/stm32f10x_it.o
                0x0000000008000bf4                MemManage_Handler
 .text.BusFault_Handler
                0x0000000008000bf8        0x4 build/stm32f10x_it.o
                0x0000000008000bf8                BusFault_Handler
 .text.UsageFault_Handler
                0x0000000008000bfc        0x4 build/stm32f10x_it.o
                0x0000000008000bfc                UsageFault_Handler
 .text.SVC_Handler
                0x0000000008000c00        0x4 build/stm32f10x_it.o
                0x0000000008000c00                SVC_Handler
 .text.DebugMon_Handler
                0x0000000008000c04        0x4 build/stm32f10x_it.o
                0x0000000008000c04                DebugMon_Handler
 .text.PendSV_Handler
                0x0000000008000c08        0x4 build/stm32f10x_it.o
                0x0000000008000c08                PendSV_Handler
 .text.SysTick_Handler
                0x0000000008000c0c        0x8 build/stm32f10x_it.o
                0x0000000008000c0c                SysTick_Handler
 .text.WWDG_IRQHandler
                0x0000000008000c14        0x4 build/stm32f10x_it.o
                0x0000000008000c14                WWDG_IRQHandler
 .text.PVD_IRQHandler
                0x0000000008000c18        0x4 build/stm32f10x_it.o
                0x0000000008000c18                PVD_IRQHandler
 .text.TAMPER_IRQHandler
                0x0000000008000c1c        0x4 build/stm32f10x_it.o
                0x0000000008000c1c                TAMPER_IRQHandler
 .text.RTC_IRQHandler
                0x0000000008000c20        0x4 build/stm32f10x_it.o
                0x0000000008000c20                RTC_IRQHandler
 .text.FLASH_IRQHandler
                0x0000000008000c24        0x4 build/stm32f10x_it.o
                0x0000000008000c24                FLASH_IRQHandler
 .text.RCC_IRQHandler
                0x0000000008000c28        0x4 build/stm32f10x_it.o
                0x0000000008000c28                RCC_IRQHandler
 .text.EXTI0_IRQHandler
                0x0000000008000c2c        0x4 build/stm32f10x_it.o
                0x0000000008000c2c                EXTI0_IRQHandler
 .text.EXTI1_IRQHandler
                0x0000000008000c30        0x4 build/stm32f10x_it.o
                0x0000000008000c30                EXTI1_IRQHandler
 .text.EXTI2_IRQHandler
                0x0000000008000c34        0x4 build/stm32f10x_it.o
                0x0000000008000c34                EXTI2_IRQHandler
 .text.EXTI3_IRQHandler
                0x0000000008000c38        0x4 build/stm32f10x_it.o
                0x0000000008000c38                EXTI3_IRQHandler
 .text.EXTI4_IRQHandler
                0x0000000008000c3c        0x4 build/stm32f10x_it.o
                0x0000000008000c3c                EXTI4_IRQHandler
 .text.DMA1_Channel1_IRQHandler
                0x0000000008000c40       0x54 build/stm32f10x_it.o
                0x0000000008000c40                DMA1_Channel1_IRQHandler
 .text.DMA1_Channel2_IRQHandler
                0x0000000008000c94        0x4 build/stm32f10x_it.o
                0x0000000008000c94                DMA1_Channel2_IRQHandler
 .text.DMA1_Channel3_IRQHandler
                0x0000000008000c98        0x4 build/stm32f10x_it.o
                0x0000000008000c98                DMA1_Channel3_IRQHandler
 .text.DMA1_Channel4_IRQHandler
                0x0000000008000c9c        0x4 build/stm32f10x_it.o
                0x0000000008000c9c                DMA1_Channel4_IRQHandler
 .text.DMA1_Channel5_IRQHandler
                0x0000000008000ca0        0x4 build/stm32f10x_it.o
                0x0000000008000ca0                DMA1_Channel5_IRQHandler
 .text.DMA1_Channel6_IRQHandler
                0x0000000008000ca4        0x4 build/stm32f10x_it.o
                0x0000000008000ca4                DMA1_Channel6_IRQHandler
 .text.DMA1_Channel7_IRQHandler
                0x0000000008000ca8        0x4 build/stm32f10x_it.o
                0x0000000008000ca8                DMA1_Channel7_IRQHandler
 .text.ADC1_2_IRQHandler
                0x0000000008000cac        0x4 build/stm32f10x_it.o
                0x0000000008000cac                ADC1_2_IRQHandler
 .text.USB_HP_CAN1_TX_IRQHandler
                0x0000000008000cb0        0x4 build/stm32f10x_it.o
                0x0000000008000cb0                USB_HP_CAN1_TX_IRQHandler
 .text.USB_LP_CAN1_RX0_IRQHandler
                0x0000000008000cb4        0x8 build/stm32f10x_it.o
                0x0000000008000cb4                USB_LP_CAN1_RX0_IRQHandler
 .text.CAN1_RX1_IRQHandler
                0x0000000008000cbc        0x4 build/stm32f10x_it.o
                0x0000000008000cbc                CAN1_RX1_IRQHandler
 .text.CAN1_SCE_IRQHandler
                0x0000000008000cc0        0x4 build/stm32f10x_it.o
                0x0000000008000cc0                CAN1_SCE_IRQHandler
 .text.EXTI9_5_IRQHandler
                0x0000000008000cc4        0x4 build/stm32f10x_it.o
                0x0000000008000cc4                EXTI9_5_IRQHandler
 .text.TIM1_BRK_IRQHandler
                0x0000000008000cc8        0x4 build/stm32f10x_it.o
                0x0000000008000cc8                TIM1_BRK_IRQHandler
 .text.TIM1_UP_IRQHandler
                0x0000000008000ccc        0x4 build/stm32f10x_it.o
                0x0000000008000ccc                TIM1_UP_IRQHandler
 .text.TIM1_TRG_COM_IRQHandler
                0x0000000008000cd0        0x4 build/stm32f10x_it.o
                0x0000000008000cd0                TIM1_TRG_COM_IRQHandler
 .text.TIM1_CC_IRQHandler
                0x0000000008000cd4        0x4 build/stm32f10x_it.o
                0x0000000008000cd4                TIM1_CC_IRQHandler
 .text.TIM2_IRQHandler
                0x0000000008000cd8        0x4 build/stm32f10x_it.o
                0x0000000008000cd8                TIM2_IRQHandler
 .text.TIM3_IRQHandler
                0x0000000008000cdc        0x4 build/stm32f10x_it.o
                0x0000000008000cdc                TIM3_IRQHandler
 .text.TIM4_IRQHandler
                0x0000000008000ce0        0x4 build/stm32f10x_it.o
                0x0000000008000ce0                TIM4_IRQHandler
 .text.I2C1_EV_IRQHandler
                0x0000000008000ce4        0x4 build/stm32f10x_it.o
                0x0000000008000ce4                I2C1_EV_IRQHandler
 .text.I2C1_ER_IRQHandler
                0x0000000008000ce8        0x4 build/stm32f10x_it.o
                0x0000000008000ce8                I2C1_ER_IRQHandler
 .text.I2C2_EV_IRQHandler
                0x0000000008000cec        0x4 build/stm32f10x_it.o
                0x0000000008000cec                I2C2_EV_IRQHandler
 .text.I2C2_ER_IRQHandler
                0x0000000008000cf0        0x4 build/stm32f10x_it.o
                0x0000000008000cf0                I2C2_ER_IRQHandler
 .text.SPI1_IRQHandler
                0x0000000008000cf4        0x4 build/stm32f10x_it.o
                0x0000000008000cf4                SPI1_IRQHandler
 .text.SPI2_IRQHandler
                0x0000000008000cf8        0x4 build/stm32f10x_it.o
                0x0000000008000cf8                SPI2_IRQHandler
 .text.USART1_IRQHandler
                0x0000000008000cfc        0x4 build/stm32f10x_it.o
                0x0000000008000cfc                USART1_IRQHandler
 .text.USART2_IRQHandler
                0x0000000008000d00        0x4 build/stm32f10x_it.o
                0x0000000008000d00                USART2_IRQHandler
 .text.USART3_IRQHandler
                0x0000000008000d04        0x4 build/stm32f10x_it.o
                0x0000000008000d04                USART3_IRQHandler
 .text.EXTI15_10_IRQHandler
                0x0000000008000d08        0x4 build/stm32f10x_it.o
                0x0000000008000d08                EXTI15_10_IRQHandler
 .text.RTCAlarm_IRQHandler
                0x0000000008000d0c        0x4 build/stm32f10x_it.o
                0x0000000008000d0c                RTCAlarm_IRQHandler
 .text.USBWakeUp_IRQHandler
                0x0000000008000d10        0xc build/stm32f10x_it.o
                0x0000000008000d10                USBWakeUp_IRQHandler
 .text.USART1_Init
                0x0000000008000d1c       0x3c build/hw_config.o
                0x0000000008000d1c                USART1_Init
 .text.RCC_Configuration
                0x0000000008000d58       0x44 build/hw_config.o
                0x0000000008000d58                RCC_Configuration
 .text.NVIC_Configuration
                0x0000000008000d9c       0x50 build/hw_config.o
                0x0000000008000d9c                NVIC_Configuration
 .text.Set_USBClock
                0x0000000008000dec       0x14 build/hw_config.o
                0x0000000008000dec                Set_USBClock
 .text.Enter_LowPowerMode
                0x0000000008000e00       0x18 build/hw_config.o
                0x0000000008000e00                Enter_LowPowerMode
 .text.Leave_LowPowerMode
                0x0000000008000e18       0x4c build/hw_config.o
                0x0000000008000e18                Leave_LowPowerMode
 .text.USB_Interrupts_Config
                0x0000000008000e64       0x5c build/hw_config.o
                0x0000000008000e64                USB_Interrupts_Config
 .text.USB_Cable_Config
                0x0000000008000ec0       0x20 build/hw_config.o
                0x0000000008000ec0                USB_Cable_Config
 .text.GPIO_Configuration
                0x0000000008000ee0       0x90 build/hw_config.o
                0x0000000008000ee0                GPIO_Configuration
 .text.EXTI_Configuration
                0x0000000008000f70       0x68 build/hw_config.o
                0x0000000008000f70                EXTI_Configuration
 .text.Get_SerialNum
                0x0000000008000fd8       0x54 build/hw_config.o
                0x0000000008000fd8                Get_SerialNum
 .text.Delay    0x000000000800102c       0x1c build/hw_config.o
                0x000000000800102c                Delay
 .text.delay_1_second
                0x0000000008001048        0xc build/hw_config.o
                0x0000000008001048                delay_1_second
 .text.delay_100_milli_second
                0x0000000008001054        0xc build/hw_config.o
                0x0000000008001054                delay_100_milli_second
 .text.TimingDelay_Decrement
                0x0000000008001060       0x14 build/hw_config.o
                0x0000000008001060                TimingDelay_Decrement
 .text.USART_GetCharacter
                0x0000000008001074       0x38 build/hw_config.o
                0x0000000008001074                USART_GetCharacter
 .text.DebugMsg_FunctionStart
                0x00000000080010ac       0x10 build/debug.o
                0x00000000080010ac                DebugMsg_FunctionStart
 .text.assert_failed
                0x00000000080010bc       0x14 build/debug.o
                0x00000000080010bc                assert_failed
 .text._write   0x00000000080010d0       0x2c build/syscalls.o
                0x00000000080010d0                _write
 .text.NVIC_PriorityGroupConfig
                0x00000000080010fc       0x40 build/misc.o
                0x00000000080010fc                NVIC_PriorityGroupConfig
 .text.NVIC_Init
                0x000000000800113c       0x98 build/misc.o
                0x000000000800113c                NVIC_Init
 .text.NVIC_SetVectorTable
                0x00000000080011d4       0x44 build/misc.o
                0x00000000080011d4                NVIC_SetVectorTable
 .text.ADC_SoftwareStartConvCmd
                0x0000000008001218       0x54 build/stm32f10x_adc.o
                0x0000000008001218                ADC_SoftwareStartConvCmd
 .text.DMA_ClearFlag
                0x000000000800126c       0x40 build/stm32f10x_dma.o
                0x000000000800126c                DMA_ClearFlag
 .text.EXTI_Init
                0x00000000080012ac       0xd8 build/stm32f10x_exti.o
                0x00000000080012ac                EXTI_Init
 .text.EXTI_ClearITPendingBit
                0x0000000008001384       0x24 build/stm32f10x_exti.o
                0x0000000008001384                EXTI_ClearITPendingBit
 .text.GPIO_Init
                0x00000000080013a8      0x128 build/stm32f10x_gpio.o
                0x00000000080013a8                GPIO_Init
 .text.GPIO_ReadInputDataBit
                0x00000000080014d0       0xb8 build/stm32f10x_gpio.o
                0x00000000080014d0                GPIO_ReadInputDataBit
 .text.GPIO_SetBits
                0x0000000008001588       0x60 build/stm32f10x_gpio.o
                0x0000000008001588                GPIO_SetBits
 .text.GPIO_ResetBits
                0x00000000080015e8       0x60 build/stm32f10x_gpio.o
                0x00000000080015e8                GPIO_ResetBits
 .text.GPIO_WriteBit
                0x0000000008001648       0xc4 build/stm32f10x_gpio.o
                0x0000000008001648                GPIO_WriteBit
 .text.GPIO_Write
                0x000000000800170c       0x54 build/stm32f10x_gpio.o
                0x000000000800170c                GPIO_Write
 .text.GPIO_EXTILineConfig
                0x0000000008001760       0x58 build/stm32f10x_gpio.o
                0x0000000008001760                GPIO_EXTILineConfig
 .text.PWR_EnterSTOPMode
                0x00000000080017b8       0x50 build/stm32f10x_pwr.o
                0x00000000080017b8                PWR_EnterSTOPMode
 .text.RCC_HSEConfig
                0x0000000008001808       0x5c build/stm32f10x_rcc.o
                0x0000000008001808                RCC_HSEConfig
 .text.RCC_PLLCmd
                0x0000000008001864       0x20 build/stm32f10x_rcc.o
                0x0000000008001864                RCC_PLLCmd
 .text.RCC_SYSCLKConfig
                0x0000000008001884       0x28 build/stm32f10x_rcc.o
                0x0000000008001884                RCC_SYSCLKConfig
 .text.RCC_GetSYSCLKSource
                0x00000000080018ac       0x10 build/stm32f10x_rcc.o
                0x00000000080018ac                RCC_GetSYSCLKSource
 .text.RCC_USBCLKConfig
                0x00000000080018bc       0x20 build/stm32f10x_rcc.o
                0x00000000080018bc                RCC_USBCLKConfig
 .text.RCC_GetClocksFreq
                0x00000000080018dc       0xc4 build/stm32f10x_rcc.o
                0x00000000080018dc                RCC_GetClocksFreq
 .text.RCC_AHBPeriphClockCmd
                0x00000000080019a0       0x4c build/stm32f10x_rcc.o
                0x00000000080019a0                RCC_AHBPeriphClockCmd
 .text.RCC_APB2PeriphClockCmd
                0x00000000080019ec       0x4c build/stm32f10x_rcc.o
                0x00000000080019ec                RCC_APB2PeriphClockCmd
 .text.RCC_APB1PeriphClockCmd
                0x0000000008001a38       0x4c build/stm32f10x_rcc.o
                0x0000000008001a38                RCC_APB1PeriphClockCmd
 .text.RCC_GetFlagStatus
                0x0000000008001a84       0x74 build/stm32f10x_rcc.o
                0x0000000008001a84                RCC_GetFlagStatus
 .text.RCC_WaitForHSEStartUp
                0x0000000008001af8       0x34 build/stm32f10x_rcc.o
                0x0000000008001af8                RCC_WaitForHSEStartUp
 .text.USART_Init
                0x0000000008001b2c      0x174 build/stm32f10x_usart.o
                0x0000000008001b2c                USART_Init
 .text.USART_Cmd
                0x0000000008001ca0       0x68 build/stm32f10x_usart.o
                0x0000000008001ca0                USART_Cmd
 .text.USART_SendData
                0x0000000008001d08       0x58 build/stm32f10x_usart.o
                0x0000000008001d08                USART_SendData
 .text.USART_ReceiveData
                0x0000000008001d60       0x44 build/stm32f10x_usart.o
                0x0000000008001d60                USART_ReceiveData
 .text.USART_GetFlagStatus
                0x0000000008001da4       0xa8 build/stm32f10x_usart.o
                0x0000000008001da4                USART_GetFlagStatus
 .text.Standard_GetConfiguration
                0x0000000008001e4c       0x28 build/usb_core.o
                0x0000000008001e4c                Standard_GetConfiguration
 .text.Standard_GetInterface
                0x0000000008001e74       0x28 build/usb_core.o
                0x0000000008001e74                Standard_GetInterface
 .text.Standard_GetStatus
                0x0000000008001e9c       0xb8 build/usb_core.o
                0x0000000008001e9c                Standard_GetStatus
 .text.DataStageIn
                0x0000000008001f54       0xb0 build/usb_core.o
 .text.Data_Setup0
                0x0000000008002004      0x218 build/usb_core.o
 .text.DataStageOut
                0x000000000800221c       0xa8 build/usb_core.o
 .text.Standard_SetConfiguration
                0x00000000080022c4       0x40 build/usb_core.o
                0x00000000080022c4                Standard_SetConfiguration
 .text.Standard_SetInterface
                0x0000000008002304       0x5c build/usb_core.o
                0x0000000008002304                Standard_SetInterface
 .text.Standard_ClearFeature
                0x0000000008002360      0x118 build/usb_core.o
                0x0000000008002360                Standard_ClearFeature
 .text.Standard_SetEndPointFeature
                0x0000000008002478       0xb0 build/usb_core.o
                0x0000000008002478                Standard_SetEndPointFeature
 .text.Standard_SetDeviceFeature
                0x0000000008002528       0x24 build/usb_core.o
                0x0000000008002528                Standard_SetDeviceFeature
 .text.NoData_Setup0
                0x000000000800254c      0x120 build/usb_core.o
 .text.Standard_GetDescriptorData
                0x000000000800266c       0x1c build/usb_core.o
                0x000000000800266c                Standard_GetDescriptorData
 .text.Post0_Process
                0x0000000008002688       0x40 build/usb_core.o
                0x0000000008002688                Post0_Process
 .text.Setup0_Process
                0x00000000080026c8       0x7c build/usb_core.o
                0x00000000080026c8                Setup0_Process
 .text.Out0_Process
                0x0000000008002744       0x44 build/usb_core.o
                0x0000000008002744                Out0_Process
 .text.SetDeviceAddress
                0x0000000008002788       0x44 build/usb_core.o
                0x0000000008002788                SetDeviceAddress
 .text.In0_Process
                0x00000000080027cc       0x64 build/usb_core.o
                0x00000000080027cc                In0_Process
 .text.NOP_Process
                0x0000000008002830        0x4 build/usb_core.o
                0x0000000008002830                NOP_Process
 .text.USB_Init
                0x0000000008002834       0x38 build/usb_init.o
                0x0000000008002834                USB_Init
 .text.CTR_LP   0x000000000800286c      0x2e0 build/usb_int.o
                0x000000000800286c                CTR_LP
 .text.UserToPMABufferCopy
                0x0000000008002b4c       0x2c build/usb_mem.o
                0x0000000008002b4c                UserToPMABufferCopy
 .text.PMAToUserBufferCopy
                0x0000000008002b78       0x20 build/usb_mem.o
                0x0000000008002b78                PMAToUserBufferCopy
 .text.SetBTABLE
                0x0000000008002b98       0x10 build/usb_regs.o
                0x0000000008002b98                SetBTABLE
 .text.SetEPType
                0x0000000008002ba8       0x1c build/usb_regs.o
                0x0000000008002ba8                SetEPType
 .text.SetEPTxStatus
                0x0000000008002bc4       0x34 build/usb_regs.o
                0x0000000008002bc4                SetEPTxStatus
 .text.SetEPRxStatus
                0x0000000008002bf8       0x34 build/usb_regs.o
                0x0000000008002bf8                SetEPRxStatus
 .text.SetEPTxValid
                0x0000000008002c2c       0x20 build/usb_regs.o
                0x0000000008002c2c                SetEPTxValid
 .text.SetEPRxValid
                0x0000000008002c4c       0x20 build/usb_regs.o
                0x0000000008002c4c                SetEPRxValid
 .text.Clear_Status_Out
                0x0000000008002c6c       0x1c build/usb_regs.o
                0x0000000008002c6c                Clear_Status_Out
 .text.ClearDTOG_RX
                0x0000000008002c88       0x28 build/usb_regs.o
                0x0000000008002c88                ClearDTOG_RX
 .text.ClearDTOG_TX
                0x0000000008002cb0       0x28 build/usb_regs.o
                0x0000000008002cb0                ClearDTOG_TX
 .text.SetEPTxAddr
                0x0000000008002cd8       0x20 build/usb_regs.o
                0x0000000008002cd8                SetEPTxAddr
 .text.SetEPRxAddr
                0x0000000008002cf8       0x20 build/usb_regs.o
                0x0000000008002cf8                SetEPRxAddr
 .text.GetEPTxAddr
                0x0000000008002d18       0x1c build/usb_regs.o
                0x0000000008002d18                GetEPTxAddr
 .text.GetEPRxAddr
                0x0000000008002d34       0x1c build/usb_regs.o
                0x0000000008002d34                GetEPRxAddr
 .text.SetEPTxCount
                0x0000000008002d50       0x1c build/usb_regs.o
                0x0000000008002d50                SetEPTxCount
 .text.SetEPRxCount
                0x0000000008002d6c       0x44 build/usb_regs.o
                0x0000000008002d6c                SetEPRxCount
 .text.ByteSwap
                0x0000000008002db0        0xc build/usb_regs.o
                0x0000000008002db0                ByteSwap
 .text.SetSysClockTo72
                0x0000000008002dbc       0xd0 build/system_stm32f10x.o
 .text.SetSysClock
                0x0000000008002e8c        0x8 build/system_stm32f10x.o
 .text.SystemInit
                0x0000000008002e94       0x44 build/system_stm32f10x.o
                0x0000000008002e94                SystemInit
 .text.System_Information
                0x0000000008002ed8       0x48 build/main_menu.o
                0x0000000008002ed8                System_Information
 .text.USB_Test_Start
                0x0000000008002f20       0x10 build/main_menu.o
                0x0000000008002f20                USB_Test_Start
 .text.default_menu
                0x0000000008002f30       0xec build/main_menu.o
                0x0000000008002f30                default_menu
 .text.KEY_Test
                0x000000000800301c       0x54 build/key.o
                0x000000000800301c                KEY_Test
 .text.LED_On_Red
                0x0000000008003070       0x14 build/led.o
                0x0000000008003070                LED_On_Red
 .text.LED_Off_Red
                0x0000000008003084       0x14 build/led.o
                0x0000000008003084                LED_Off_Red
 .text.LED_On_Yellow
                0x0000000008003098       0x10 build/led.o
                0x0000000008003098                LED_On_Yellow
 .text.LED_Off_Yellow
                0x00000000080030a8       0x10 build/led.o
                0x00000000080030a8                LED_Off_Yellow
 .text.LED_On_Blue
                0x00000000080030b8       0x14 build/led.o
                0x00000000080030b8                LED_On_Blue
 .text.LED_Off_Blue
                0x00000000080030cc       0x14 build/led.o
                0x00000000080030cc                LED_Off_Blue
 .text.LED_On_All
                0x00000000080030e0       0x10 build/led.o
                0x00000000080030e0                LED_On_All
 .text.LED_Off_All
                0x00000000080030f0       0x10 build/led.o
                0x00000000080030f0                LED_Off_All
 .text.LED_OnOffAll_Mult
                0x0000000008003100       0x40 build/led.o
                0x0000000008003100                LED_OnOffAll_Mult
 .text.LED_Test
                0x0000000008003140       0x1c build/led.o
                0x0000000008003140                LED_Test
 .text.PowerOn_7_SEG
                0x000000000800315c       0x10 build/seven_segment.o
                0x000000000800315c                PowerOn_7_SEG
 .text.On_7_SEG_OnePin
                0x000000000800316c       0x10 build/seven_segment.o
                0x000000000800316c                On_7_SEG_OnePin
 .text.Off_7_SEG_OnePin
                0x000000000800317c       0x10 build/seven_segment.o
                0x000000000800317c                Off_7_SEG_OnePin
 .text.Off_7_SEG_AllPin
                0x000000000800318c        0xc build/seven_segment.o
                0x000000000800318c                Off_7_SEG_AllPin
 .text.OutPut_7_SEG_Number
                0x0000000008003198       0x6c build/seven_segment.o
                0x0000000008003198                OutPut_7_SEG_Number
 .text.Seven_Segment_Test
                0x0000000008003204       0xb0 build/seven_segment.o
                0x0000000008003204                Seven_Segment_Test
 .text.EP1_IN_Callback
                0x00000000080032b4       0x10 build/usb_endp.o
                0x00000000080032b4                EP1_IN_Callback
 .text.EP1_OUT_Callback
                0x00000000080032c4       0x74 build/usb_endp.o
                0x00000000080032c4                EP1_OUT_Callback
 .text.USB_Istr
                0x0000000008003338       0xfc build/usb_istr.o
                0x0000000008003338                USB_Istr
 .text.CustomHID_SetDeviceAddress
                0x0000000008003434        0xc build/usb_prop.o
                0x0000000008003434                CustomHID_SetDeviceAddress
 .text.CustomHID_Status_In
                0x0000000008003440        0x4 build/usb_prop.o
                0x0000000008003440                CustomHID_Status_In
 .text.CustomHID_Status_Out
                0x0000000008003444        0x4 build/usb_prop.o
                0x0000000008003444                CustomHID_Status_Out
 .text.CustomHID_Data_Setup
                0x0000000008003448       0x74 build/usb_prop.o
                0x0000000008003448                CustomHID_Data_Setup
 .text.CustomHID_Get_Interface_Setting
                0x00000000080034bc       0x10 build/usb_prop.o
                0x00000000080034bc                CustomHID_Get_Interface_Setting
 .text.CustomHID_GetProtocolValue
                0x00000000080034cc       0x18 build/usb_prop.o
                0x00000000080034cc                CustomHID_GetProtocolValue
 .text.CustomHID_init
                0x00000000080034e4       0x3c build/usb_prop.o
                0x00000000080034e4                CustomHID_init
 .text.CustomHID_Reset
                0x0000000008003520       0xb0 build/usb_prop.o
                0x0000000008003520                CustomHID_Reset
 .text.CustomHID_SetConfiguration
                0x00000000080035d0       0x28 build/usb_prop.o
                0x00000000080035d0                CustomHID_SetConfiguration
 .text.CustomHID_GetDeviceDescriptor
                0x00000000080035f8       0x10 build/usb_prop.o
                0x00000000080035f8                CustomHID_GetDeviceDescriptor
 .text.CustomHID_GetConfigDescriptor
                0x0000000008003608       0x10 build/usb_prop.o
                0x0000000008003608                CustomHID_GetConfigDescriptor
 .text.CustomHID_GetStringDescriptor
                0x0000000008003618       0x24 build/usb_prop.o
                0x0000000008003618                CustomHID_GetStringDescriptor
 .text.CustomHID_GetReportDescriptor
                0x000000000800363c       0x10 build/usb_prop.o
                0x000000000800363c                CustomHID_GetReportDescriptor
 .text.CustomHID_GetHIDDescriptor
                0x000000000800364c       0x10 build/usb_prop.o
                0x000000000800364c                CustomHID_GetHIDDescriptor
 .text.CustomHID_SetProtocol
                0x000000000800365c       0x18 build/usb_prop.o
                0x000000000800365c                CustomHID_SetProtocol
 .text.CustomHID_NoData_Setup
                0x0000000008003674       0x28 build/usb_prop.o
                0x0000000008003674                CustomHID_NoData_Setup
 .text.PowerOn  0x000000000800369c       0x28 build/usb_pwr.o
                0x000000000800369c                PowerOn
 .text.Suspend  0x00000000080036c4       0x24 build/usb_pwr.o
                0x00000000080036c4                Suspend
 .text.Resume_Init
                0x00000000080036e8       0x20 build/usb_pwr.o
                0x00000000080036e8                Resume_Init
 .text.Resume   0x0000000008003708       0xac build/usb_pwr.o
                0x0000000008003708                Resume
 .text.Reset_Handler
                0x00000000080037b4       0x40 build/startup_stm32f10x_md.o
                0x00000000080037b4                Reset_Handler
 .text.memcpy   0x00000000080037f4       0x16 /usr/local/Cellar/gcc-arm-none-eabi/20160926/bin/../lib/gcc/arm-none-eabi/5.4.1/../../../../arm-none-eabi/lib/armv7-m/libc_nano.a(lib_a-memcpy-stub.o)
                0x00000000080037f4                memcpy
 .text.memset   0x000000000800380a       0x10 /usr/local/Cellar/gcc-arm-none-eabi/20160926/bin/../lib/gcc/arm-none-eabi/5.4.1/../../../../arm-none-eabi/lib/armv7-m/libc_nano.a(lib_a-memset.o)
                0x000000000800380a                memset
 .text.__cvt    0x000000000800381a       0xc0 /usr/local/Cellar/gcc-arm-none-eabi/20160926/bin/../lib/gcc/arm-none-eabi/5.4.1/../../../../arm-none-eabi/lib/armv7-m/libc_nano.a(lib_a-nano-vfprintf_float.o)
                0x000000000800381a                __cvt
 .text.__exponent
                0x00000000080038da       0x62 /usr/local/Cellar/gcc-arm-none-eabi/20160926/bin/../lib/gcc/arm-none-eabi/5.4.1/../../../../arm-none-eabi/lib/armv7-m/libc_nano.a(lib_a-nano-vfprintf_float.o)
                0x00000000080038da                __exponent
 .text._printf_float
                0x000000000800393c      0x488 /usr/local/Cellar/gcc-arm-none-eabi/20160926/bin/../lib/gcc/arm-none-eabi/5.4.1/../../../../arm-none-eabi/lib/armv7-m/libc_nano.a(lib_a-nano-vfprintf_float.o)
                0x000000000800393c                _printf_float
 .text._printf_common
                0x0000000008003dc4       0xec /usr/local/Cellar/gcc-arm-none-eabi/20160926/bin/../lib/gcc/arm-none-eabi/5.4.1/../../../../arm-none-eabi/lib/armv7-m/libc_nano.a(lib_a-nano-vfprintf_i.o)
                0x0000000008003dc4                _printf_common
 .text._printf_i
                0x0000000008003eb0      0x24c /usr/local/Cellar/gcc-arm-none-eabi/20160926/bin/../lib/gcc/arm-none-eabi/5.4.1/../../../../arm-none-eabi/lib/armv7-m/libc_nano.a(lib_a-nano-vfprintf_i.o)
                0x0000000008003eb0                _printf_i
 .text._scanf_float
                0x00000000080040fc      0x3bc /usr/local/Cellar/gcc-arm-none-eabi/20160926/bin/../lib/gcc/arm-none-eabi/5.4.1/../../../../arm-none-eabi/lib/armv7-m/libc_nano.a(lib_a-nano-vfscanf_float.o)
                0x00000000080040fc                _scanf_float
 .text.printf   0x00000000080044b8       0x30 /usr/local/Cellar/gcc-arm-none-eabi/20160926/bin/../lib/gcc/arm-none-eabi/5.4.1/../../../../arm-none-eabi/lib/armv7-m/libc_nano.a(lib_a-printf.o)
                0x00000000080044b8                printf
                0x00000000080044b8                iprintf
 .text._puts_r  0x00000000080044e8       0xb4 /usr/local/Cellar/gcc-arm-none-eabi/20160926/bin/../lib/gcc/arm-none-eabi/5.4.1/../../../../arm-none-eabi/lib/armv7-m/libc_nano.a(lib_a-puts.o)
                0x00000000080044e8                _puts_r
 .text.puts     0x000000000800459c       0x10 /usr/local/Cellar/gcc-arm-none-eabi/20160926/bin/../lib/gcc/arm-none-eabi/5.4.1/../../../../arm-none-eabi/lib/armv7-m/libc_nano.a(lib_a-puts.o)
                0x000000000800459c                puts
 .text.nanf     0x00000000080045ac        0x8 /usr/local/Cellar/gcc-arm-none-eabi/20160926/bin/../lib/gcc/arm-none-eabi/5.4.1/../../../../arm-none-eabi/lib/armv7-m/libc_nano.a(lib_a-sf_nan.o)
                0x00000000080045ac                nanf
 .text.sprintf  0x00000000080045b4       0x48 /usr/local/Cellar/gcc-arm-none-eabi/20160926/bin/../lib/gcc/arm-none-eabi/5.4.1/../../../../arm-none-eabi/lib/armv7-m/libc_nano.a(lib_a-sprintf.o)
                0x00000000080045b4                sprintf
                0x00000000080045b4                siprintf
 .text.unlikely.sulp
                0x00000000080045fc       0x42 /usr/local/Cellar/gcc-arm-none-eabi/20160926/bin/../lib/gcc/arm-none-eabi/5.4.1/../../../../arm-none-eabi/lib/armv7-m/libc_nano.a(lib_a-strtod.o)
 *fill*         0x000000000800463e        0x2 
 .text._strtod_l
                0x0000000008004640      0xbe8 /usr/local/Cellar/gcc-arm-none-eabi/20160926/bin/../lib/gcc/arm-none-eabi/5.4.1/../../../../arm-none-eabi/lib/armv7-m/libc_nano.a(lib_a-strtod.o)
                0x0000000008004640                _strtod_l
 .text._strtod_r
                0x0000000008005228       0x20 /usr/local/Cellar/gcc-arm-none-eabi/20160926/bin/../lib/gcc/arm-none-eabi/5.4.1/../../../../arm-none-eabi/lib/armv7-m/libc_nano.a(lib_a-strtod.o)
                0x0000000008005228                _strtod_r
 .text._strtol_l.isra.0
                0x0000000008005248      0x110 /usr/local/Cellar/gcc-arm-none-eabi/20160926/bin/../lib/gcc/arm-none-eabi/5.4.1/../../../../arm-none-eabi/lib/armv7-m/libc_nano.a(lib_a-strtol.o)
 .text._strtol_r
                0x0000000008005358       0x24 /usr/local/Cellar/gcc-arm-none-eabi/20160926/bin/../lib/gcc/arm-none-eabi/5.4.1/../../../../arm-none-eabi/lib/armv7-m/libc_nano.a(lib_a-strtol.o)
                0x0000000008005358                _strtol_r
 .text.__swbuf_r
                0x000000000800537c       0xa8 /usr/local/Cellar/gcc-arm-none-eabi/20160926/bin/../lib/gcc/arm-none-eabi/5.4.1/../../../../arm-none-eabi/lib/armv7-m/libc_nano.a(lib_a-wbuf.o)
                0x000000000800537c                __swbuf_r
 .text.__swsetup_r
                0x0000000008005424       0xdc /usr/local/Cellar/gcc-arm-none-eabi/20160926/bin/../lib/gcc/arm-none-eabi/5.4.1/../../../../arm-none-eabi/lib/armv7-m/libc_nano.a(lib_a-wsetup.o)
                0x0000000008005424                __swsetup_r
 .text.quorem   0x0000000008005500      0x116 /usr/local/Cellar/gcc-arm-none-eabi/20160926/bin/../lib/gcc/arm-none-eabi/5.4.1/../../../../arm-none-eabi/lib/armv7-m/libc_nano.a(lib_a-dtoa.o)
 *fill*         0x0000000008005616        0x2 
 .text._dtoa_r  0x0000000008005618      0xb30 /usr/local/Cellar/gcc-arm-none-eabi/20160926/bin/../lib/gcc/arm-none-eabi/5.4.1/../../../../arm-none-eabi/lib/armv7-m/libc_nano.a(lib_a-dtoa.o)
                0x0000000008005618                _dtoa_r
 .text.__sflush_r
                0x0000000008006148      0x10c /usr/local/Cellar/gcc-arm-none-eabi/20160926/bin/../lib/gcc/arm-none-eabi/5.4.1/../../../../arm-none-eabi/lib/armv7-m/libc_nano.a(lib_a-fflush.o)
                0x0000000008006148                __sflush_r
 .text._fflush_r
                0x0000000008006254       0x54 /usr/local/Cellar/gcc-arm-none-eabi/20160926/bin/../lib/gcc/arm-none-eabi/5.4.1/../../../../arm-none-eabi/lib/armv7-m/libc_nano.a(lib_a-fflush.o)
                0x0000000008006254                _fflush_r
 .text._cleanup_r
                0x00000000080062a8        0xc /usr/local/Cellar/gcc-arm-none-eabi/20160926/bin/../lib/gcc/arm-none-eabi/5.4.1/../../../../arm-none-eabi/lib/armv7-m/libc_nano.a(lib_a-findfp.o)
                0x00000000080062a8                _cleanup_r
 .text.std.isra.0
                0x00000000080062b4       0x48 /usr/local/Cellar/gcc-arm-none-eabi/20160926/bin/../lib/gcc/arm-none-eabi/5.4.1/../../../../arm-none-eabi/lib/armv7-m/libc_nano.a(lib_a-findfp.o)
 .text.__sfmoreglue
                0x00000000080062fc       0x2c /usr/local/Cellar/gcc-arm-none-eabi/20160926/bin/../lib/gcc/arm-none-eabi/5.4.1/../../../../arm-none-eabi/lib/armv7-m/libc_nano.a(lib_a-findfp.o)
                0x00000000080062fc                __sfmoreglue
 .text.__sinit  0x0000000008006328       0x60 /usr/local/Cellar/gcc-arm-none-eabi/20160926/bin/../lib/gcc/arm-none-eabi/5.4.1/../../../../arm-none-eabi/lib/armv7-m/libc_nano.a(lib_a-findfp.o)
                0x0000000008006328                __sinit
 .text.__sfp    0x0000000008006388       0x78 /usr/local/Cellar/gcc-arm-none-eabi/20160926/bin/../lib/gcc/arm-none-eabi/5.4.1/../../../../arm-none-eabi/lib/armv7-m/libc_nano.a(lib_a-findfp.o)
                0x0000000008006388                __sfp
 .text._fwalk_reent
                0x0000000008006400       0x3c /usr/local/Cellar/gcc-arm-none-eabi/20160926/bin/../lib/gcc/arm-none-eabi/5.4.1/../../../../arm-none-eabi/lib/armv7-m/libc_nano.a(lib_a-fwalk.o)
                0x0000000008006400                _fwalk_reent
 .text.rshift   0x000000000800643c       0x6c /usr/local/Cellar/gcc-arm-none-eabi/20160926/bin/../lib/gcc/arm-none-eabi/5.4.1/../../../../arm-none-eabi/lib/armv7-m/libc_nano.a(lib_a-gdtoa-gethex.o)
 .text.__hexdig_fun
                0x00000000080064a8       0x2a /usr/local/Cellar/gcc-arm-none-eabi/20160926/bin/../lib/gcc/arm-none-eabi/5.4.1/../../../../arm-none-eabi/lib/armv7-m/libc_nano.a(lib_a-gdtoa-gethex.o)
                0x00000000080064a8                __hexdig_fun
 .text.__gethex
                0x00000000080064d2      0x440 /usr/local/Cellar/gcc-arm-none-eabi/20160926/bin/../lib/gcc/arm-none-eabi/5.4.1/../../../../arm-none-eabi/lib/armv7-m/libc_nano.a(lib_a-gdtoa-gethex.o)
                0x00000000080064d2                __gethex
 .text.L_shift  0x0000000008006912       0x24 /usr/local/Cellar/gcc-arm-none-eabi/20160926/bin/../lib/gcc/arm-none-eabi/5.4.1/../../../../arm-none-eabi/lib/armv7-m/libc_nano.a(lib_a-gdtoa-hexnan.o)
 .text.__match  0x0000000008006936       0x26 /usr/local/Cellar/gcc-arm-none-eabi/20160926/bin/../lib/gcc/arm-none-eabi/5.4.1/../../../../arm-none-eabi/lib/armv7-m/libc_nano.a(lib_a-gdtoa-hexnan.o)
                0x0000000008006936                __match
 .text.__hexnan
                0x000000000800695c      0x11c /usr/local/Cellar/gcc-arm-none-eabi/20160926/bin/../lib/gcc/arm-none-eabi/5.4.1/../../../../arm-none-eabi/lib/armv7-m/libc_nano.a(lib_a-gdtoa-hexnan.o)
                0x000000000800695c                __hexnan
 .text.__locale_ctype_ptr_l
                0x0000000008006a78        0x6 /usr/local/Cellar/gcc-arm-none-eabi/20160926/bin/../lib/gcc/arm-none-eabi/5.4.1/../../../../arm-none-eabi/lib/armv7-m/libc_nano.a(lib_a-locale.o)
                0x0000000008006a78                __locale_ctype_ptr_l
 .text.__localeconv_l
                0x0000000008006a7e        0x4 /usr/local/Cellar/gcc-arm-none-eabi/20160926/bin/../lib/gcc/arm-none-eabi/5.4.1/../../../../arm-none-eabi/lib/armv7-m/libc_nano.a(lib_a-localeconv.o)
                0x0000000008006a7e                __localeconv_l
 *fill*         0x0000000008006a82        0x2 
 .text._localeconv_r
                0x0000000008006a84       0x1c /usr/local/Cellar/gcc-arm-none-eabi/20160926/bin/../lib/gcc/arm-none-eabi/5.4.1/../../../../arm-none-eabi/lib/armv7-m/libc_nano.a(lib_a-localeconv.o)
                0x0000000008006a84                _localeconv_r
 .text.__swhatbuf_r
                0x0000000008006aa0       0x46 /usr/local/Cellar/gcc-arm-none-eabi/20160926/bin/../lib/gcc/arm-none-eabi/5.4.1/../../../../arm-none-eabi/lib/armv7-m/libc_nano.a(lib_a-makebuf.o)
                0x0000000008006aa0                __swhatbuf_r
 *fill*         0x0000000008006ae6        0x2 
 .text.__smakebuf_r
                0x0000000008006ae8       0x78 /usr/local/Cellar/gcc-arm-none-eabi/20160926/bin/../lib/gcc/arm-none-eabi/5.4.1/../../../../arm-none-eabi/lib/armv7-m/libc_nano.a(lib_a-makebuf.o)
                0x0000000008006ae8                __smakebuf_r
 .text.malloc   0x0000000008006b60       0x10 /usr/local/Cellar/gcc-arm-none-eabi/20160926/bin/../lib/gcc/arm-none-eabi/5.4.1/../../../../arm-none-eabi/lib/armv7-m/libc_nano.a(lib_a-malloc.o)
                0x0000000008006b60                malloc
 .text.__ascii_mbtowc
                0x0000000008006b70       0x24 /usr/local/Cellar/gcc-arm-none-eabi/20160926/bin/../lib/gcc/arm-none-eabi/5.4.1/../../../../arm-none-eabi/lib/armv7-m/libc_nano.a(lib_a-mbtowc_r.o)
                0x0000000008006b70                __ascii_mbtowc
 .text.memchr   0x0000000008006b94       0x1c /usr/local/Cellar/gcc-arm-none-eabi/20160926/bin/../lib/gcc/arm-none-eabi/5.4.1/../../../../arm-none-eabi/lib/armv7-m/libc_nano.a(lib_a-memchr-stub.o)
                0x0000000008006b94                memchr
 .text._Balloc  0x0000000008006bb0       0x6a /usr/local/Cellar/gcc-arm-none-eabi/20160926/bin/../lib/gcc/arm-none-eabi/5.4.1/../../../../arm-none-eabi/lib/armv7-m/libc_nano.a(lib_a-mprec.o)
                0x0000000008006bb0                _Balloc
 .text._Bfree   0x0000000008006c1a       0x2e /usr/local/Cellar/gcc-arm-none-eabi/20160926/bin/../lib/gcc/arm-none-eabi/5.4.1/../../../../arm-none-eabi/lib/armv7-m/libc_nano.a(lib_a-mprec.o)
                0x0000000008006c1a                _Bfree
 .text.__multadd
                0x0000000008006c48       0x76 /usr/local/Cellar/gcc-arm-none-eabi/20160926/bin/../lib/gcc/arm-none-eabi/5.4.1/../../../../arm-none-eabi/lib/armv7-m/libc_nano.a(lib_a-mprec.o)
                0x0000000008006c48                __multadd
 .text.__s2b    0x0000000008006cbe       0x7c /usr/local/Cellar/gcc-arm-none-eabi/20160926/bin/../lib/gcc/arm-none-eabi/5.4.1/../../../../arm-none-eabi/lib/armv7-m/libc_nano.a(lib_a-mprec.o)
                0x0000000008006cbe                __s2b
 .text.__hi0bits
                0x0000000008006d3a       0x40 /usr/local/Cellar/gcc-arm-none-eabi/20160926/bin/../lib/gcc/arm-none-eabi/5.4.1/../../../../arm-none-eabi/lib/armv7-m/libc_nano.a(lib_a-mprec.o)
                0x0000000008006d3a                __hi0bits
 .text.__lo0bits
                0x0000000008006d7a       0x5a /usr/local/Cellar/gcc-arm-none-eabi/20160926/bin/../lib/gcc/arm-none-eabi/5.4.1/../../../../arm-none-eabi/lib/armv7-m/libc_nano.a(lib_a-mprec.o)
                0x0000000008006d7a                __lo0bits
 .text.__i2b    0x0000000008006dd4       0x12 /usr/local/Cellar/gcc-arm-none-eabi/20160926/bin/../lib/gcc/arm-none-eabi/5.4.1/../../../../arm-none-eabi/lib/armv7-m/libc_nano.a(lib_a-mprec.o)
                0x0000000008006dd4                __i2b
 .text.__multiply
                0x0000000008006de6      0x120 /usr/local/Cellar/gcc-arm-none-eabi/20160926/bin/../lib/gcc/arm-none-eabi/5.4.1/../../../../arm-none-eabi/lib/armv7-m/libc_nano.a(lib_a-mprec.o)
                0x0000000008006de6                __multiply
 *fill*         0x0000000008006f06        0x2 
 .text.__pow5mult
                0x0000000008006f08       0x9c /usr/local/Cellar/gcc-arm-none-eabi/20160926/bin/../lib/gcc/arm-none-eabi/5.4.1/../../../../arm-none-eabi/lib/armv7-m/libc_nano.a(lib_a-mprec.o)
                0x0000000008006f08                __pow5mult
 .text.__lshift
                0x0000000008006fa4       0xa2 /usr/local/Cellar/gcc-arm-none-eabi/20160926/bin/../lib/gcc/arm-none-eabi/5.4.1/../../../../arm-none-eabi/lib/armv7-m/libc_nano.a(lib_a-mprec.o)
                0x0000000008006fa4                __lshift
 .text.__mcmp   0x0000000008007046       0x38 /usr/local/Cellar/gcc-arm-none-eabi/20160926/bin/../lib/gcc/arm-none-eabi/5.4.1/../../../../arm-none-eabi/lib/armv7-m/libc_nano.a(lib_a-mprec.o)
                0x0000000008007046                __mcmp
 .text.__mdiff  0x000000000800707e       0xbe /usr/local/Cellar/gcc-arm-none-eabi/20160926/bin/../lib/gcc/arm-none-eabi/5.4.1/../../../../arm-none-eabi/lib/armv7-m/libc_nano.a(lib_a-mprec.o)
                0x000000000800707e                __mdiff
 .text.__ulp    0x000000000800713c       0x48 /usr/local/Cellar/gcc-arm-none-eabi/20160926/bin/../lib/gcc/arm-none-eabi/5.4.1/../../../../arm-none-eabi/lib/armv7-m/libc_nano.a(lib_a-mprec.o)
                0x000000000800713c                __ulp
 .text.__b2d    0x0000000008007184       0x9a /usr/local/Cellar/gcc-arm-none-eabi/20160926/bin/../lib/gcc/arm-none-eabi/5.4.1/../../../../arm-none-eabi/lib/armv7-m/libc_nano.a(lib_a-mprec.o)
                0x0000000008007184                __b2d
 .text.__d2b    0x000000000800721e       0x9c /usr/local/Cellar/gcc-arm-none-eabi/20160926/bin/../lib/gcc/arm-none-eabi/5.4.1/../../../../arm-none-eabi/lib/armv7-m/libc_nano.a(lib_a-mprec.o)
                0x000000000800721e                __d2b
 .text.__ratio  0x00000000080072ba       0x50 /usr/local/Cellar/gcc-arm-none-eabi/20160926/bin/../lib/gcc/arm-none-eabi/5.4.1/../../../../arm-none-eabi/lib/armv7-m/libc_nano.a(lib_a-mprec.o)
                0x00000000080072ba                __ratio
 .text.__copybits
                0x000000000800730a       0x34 /usr/local/Cellar/gcc-arm-none-eabi/20160926/bin/../lib/gcc/arm-none-eabi/5.4.1/../../../../arm-none-eabi/lib/armv7-m/libc_nano.a(lib_a-mprec.o)
                0x000000000800730a                __copybits
 .text.__any_on
                0x000000000800733e       0x44 /usr/local/Cellar/gcc-arm-none-eabi/20160926/bin/../lib/gcc/arm-none-eabi/5.4.1/../../../../arm-none-eabi/lib/armv7-m/libc_nano.a(lib_a-mprec.o)
                0x000000000800733e                __any_on
 .text._calloc_r
                0x0000000008007382       0x1c /usr/local/Cellar/gcc-arm-none-eabi/20160926/bin/../lib/gcc/arm-none-eabi/5.4.1/../../../../arm-none-eabi/lib/armv7-m/libc_nano.a(lib_a-nano-callocr.o)
                0x0000000008007382                _calloc_r
 *fill*         0x000000000800739e        0x2 
 .text._free_r  0x00000000080073a0       0x98 /usr/local/Cellar/gcc-arm-none-eabi/20160926/bin/../lib/gcc/arm-none-eabi/5.4.1/../../../../arm-none-eabi/lib/armv7-m/libc_nano.a(lib_a-nano-freer.o)
                0x00000000080073a0                _free_r
 .text._malloc_r
                0x0000000008007438       0xbc /usr/local/Cellar/gcc-arm-none-eabi/20160926/bin/../lib/gcc/arm-none-eabi/5.4.1/../../../../arm-none-eabi/lib/armv7-m/libc_nano.a(lib_a-nano-mallocr.o)
                0x0000000008007438                _malloc_r
 .text.__ssputs_r
                0x00000000080074f4       0xb2 /usr/local/Cellar/gcc-arm-none-eabi/20160926/bin/../lib/gcc/arm-none-eabi/5.4.1/../../../../arm-none-eabi/lib/armv7-m/libc_nano.a(lib_a-nano-svfprintf.o)
                0x00000000080074f4                __ssputs_r
 *fill*         0x00000000080075a6        0x2 
 .text._svfprintf_r
                0x00000000080075a8      0x1e8 /usr/local/Cellar/gcc-arm-none-eabi/20160926/bin/../lib/gcc/arm-none-eabi/5.4.1/../../../../arm-none-eabi/lib/armv7-m/libc_nano.a(lib_a-nano-svfprintf.o)
                0x00000000080075a8                _svfprintf_r
                0x00000000080075a8                _svfiprintf_r
 .text.__sfputc_r
                0x0000000008007790       0x2c /usr/local/Cellar/gcc-arm-none-eabi/20160926/bin/../lib/gcc/arm-none-eabi/5.4.1/../../../../arm-none-eabi/lib/armv7-m/libc_nano.a(lib_a-nano-vfprintf.o)
 .text.__sfputs_r
                0x00000000080077bc       0x24 /usr/local/Cellar/gcc-arm-none-eabi/20160926/bin/../lib/gcc/arm-none-eabi/5.4.1/../../../../arm-none-eabi/lib/armv7-m/libc_nano.a(lib_a-nano-vfprintf.o)
                0x00000000080077bc                __sfputs_r
 .text._vfprintf_r
                0x00000000080077e0      0x238 /usr/local/Cellar/gcc-arm-none-eabi/20160926/bin/../lib/gcc/arm-none-eabi/5.4.1/../../../../arm-none-eabi/lib/armv7-m/libc_nano.a(lib_a-nano-vfprintf.o)
                0x00000000080077e0                _vfiprintf_r
                0x00000000080077e0                _vfprintf_r
 .text._sbrk_r  0x0000000008007a18       0x20 /usr/local/Cellar/gcc-arm-none-eabi/20160926/bin/../lib/gcc/arm-none-eabi/5.4.1/../../../../arm-none-eabi/lib/armv7-m/libc_nano.a(lib_a-sbrkr.o)
                0x0000000008007a18                _sbrk_r
 .text.__sread  0x0000000008007a38       0x22 /usr/local/Cellar/gcc-arm-none-eabi/20160926/bin/../lib/gcc/arm-none-eabi/5.4.1/../../../../arm-none-eabi/lib/armv7-m/libc_nano.a(lib_a-stdio.o)
                0x0000000008007a38                __sread
 .text.__swrite
                0x0000000008007a5a       0x38 /usr/local/Cellar/gcc-arm-none-eabi/20160926/bin/../lib/gcc/arm-none-eabi/5.4.1/../../../../arm-none-eabi/lib/armv7-m/libc_nano.a(lib_a-stdio.o)
                0x0000000008007a5a                __swrite
 .text.__sseek  0x0000000008007a92       0x24 /usr/local/Cellar/gcc-arm-none-eabi/20160926/bin/../lib/gcc/arm-none-eabi/5.4.1/../../../../arm-none-eabi/lib/armv7-m/libc_nano.a(lib_a-stdio.o)
                0x0000000008007a92                __sseek
 .text.__sclose
                0x0000000008007ab6        0x8 /usr/local/Cellar/gcc-arm-none-eabi/20160926/bin/../lib/gcc/arm-none-eabi/5.4.1/../../../../arm-none-eabi/lib/armv7-m/libc_nano.a(lib_a-stdio.o)
                0x0000000008007ab6                __sclose
 .text.strncmp  0x0000000008007abe       0x2a /usr/local/Cellar/gcc-arm-none-eabi/20160926/bin/../lib/gcc/arm-none-eabi/5.4.1/../../../../arm-none-eabi/lib/armv7-m/libc_nano.a(lib_a-strncmp.o)
                0x0000000008007abe                strncmp
 .text.__ascii_wctomb
                0x0000000008007ae8       0x1a /usr/local/Cellar/gcc-arm-none-eabi/20160926/bin/../lib/gcc/arm-none-eabi/5.4.1/../../../../arm-none-eabi/lib/armv7-m/libc_nano.a(lib_a-wctomb_r.o)
                0x0000000008007ae8                __ascii_wctomb
 *fill*         0x0000000008007b02        0x2 
 .text._write_r
                0x0000000008007b04       0x24 /usr/local/Cellar/gcc-arm-none-eabi/20160926/bin/../lib/gcc/arm-none-eabi/5.4.1/../../../../arm-none-eabi/lib/armv7-m/libc_nano.a(lib_a-writer.o)
                0x0000000008007b04                _write_r
 .text._close_r
                0x0000000008007b28       0x20 /usr/local/Cellar/gcc-arm-none-eabi/20160926/bin/../lib/gcc/arm-none-eabi/5.4.1/../../../../arm-none-eabi/lib/armv7-m/libc_nano.a(lib_a-closer.o)
                0x0000000008007b28                _close_r
 .text._fstat_r
                0x0000000008007b48       0x24 /usr/local/Cellar/gcc-arm-none-eabi/20160926/bin/../lib/gcc/arm-none-eabi/5.4.1/../../../../arm-none-eabi/lib/armv7-m/libc_nano.a(lib_a-fstatr.o)
                0x0000000008007b48                _fstat_r
 .text._isatty_r
                0x0000000008007b6c       0x20 /usr/local/Cellar/gcc-arm-none-eabi/20160926/bin/../lib/gcc/arm-none-eabi/5.4.1/../../../../arm-none-eabi/lib/armv7-m/libc_nano.a(lib_a-isattyr.o)
                0x0000000008007b6c                _isatty_r
 .text._lseek_r
                0x0000000008007b8c       0x24 /usr/local/Cellar/gcc-arm-none-eabi/20160926/bin/../lib/gcc/arm-none-eabi/5.4.1/../../../../arm-none-eabi/lib/armv7-m/libc_nano.a(lib_a-lseekr.o)
                0x0000000008007b8c                _lseek_r
 .text.memmove  0x0000000008007bb0       0x36 /usr/local/Cellar/gcc-arm-none-eabi/20160926/bin/../lib/gcc/arm-none-eabi/5.4.1/../../../../arm-none-eabi/lib/armv7-m/libc_nano.a(lib_a-memmove.o)
                0x0000000008007bb0                memmove
 .text.__malloc_lock
                0x0000000008007be6        0x2 /usr/local/Cellar/gcc-arm-none-eabi/20160926/bin/../lib/gcc/arm-none-eabi/5.4.1/../../../../arm-none-eabi/lib/armv7-m/libc_nano.a(lib_a-mlock.o)
                0x0000000008007be6                __malloc_lock
 .text.__malloc_unlock
                0x0000000008007be8        0x2 /usr/local/Cellar/gcc-arm-none-eabi/20160926/bin/../lib/gcc/arm-none-eabi/5.4.1/../../../../arm-none-eabi/lib/armv7-m/libc_nano.a(lib_a-mlock.o)
                0x0000000008007be8                __malloc_unlock
 .text._realloc_r
                0x0000000008007bea       0x4c /usr/local/Cellar/gcc-arm-none-eabi/20160926/bin/../lib/gcc/arm-none-eabi/5.4.1/../../../../arm-none-eabi/lib/armv7-m/libc_nano.a(lib_a-nano-reallocr.o)
                0x0000000008007bea                _realloc_r
 *fill*         0x0000000008007c36        0x2 
 .text._read_r  0x0000000008007c38       0x24 /usr/local/Cellar/gcc-arm-none-eabi/20160926/bin/../lib/gcc/arm-none-eabi/5.4.1/../../../../arm-none-eabi/lib/armv7-m/libc_nano.a(lib_a-readr.o)
                0x0000000008007c38                _read_r
 .text._malloc_usable_size_r
                0x0000000008007c5c       0x14 /usr/local/Cellar/gcc-arm-none-eabi/20160926/bin/../lib/gcc/arm-none-eabi/5.4.1/../../../../arm-none-eabi/lib/armv7-m/libc_nano.a(lib_a-nano-msizer.o)
                0x0000000008007c5c                _malloc_usable_size_r
 .text._close   0x0000000008007c70       0x10 /usr/local/Cellar/gcc-arm-none-eabi/20160926/bin/../lib/gcc/arm-none-eabi/5.4.1/../../../../arm-none-eabi/lib/armv7-m/libnosys.a(close.o)
                0x0000000008007c70                _close
 .text._fstat   0x0000000008007c80       0x10 /usr/local/Cellar/gcc-arm-none-eabi/20160926/bin/../lib/gcc/arm-none-eabi/5.4.1/../../../../arm-none-eabi/lib/armv7-m/libnosys.a(fstat.o)
                0x0000000008007c80                _fstat
 .text._isatty  0x0000000008007c90       0x10 /usr/local/Cellar/gcc-arm-none-eabi/20160926/bin/../lib/gcc/arm-none-eabi/5.4.1/../../../../arm-none-eabi/lib/armv7-m/libnosys.a(isatty.o)
                0x0000000008007c90                _isatty
 .text._lseek   0x0000000008007ca0       0x10 /usr/local/Cellar/gcc-arm-none-eabi/20160926/bin/../lib/gcc/arm-none-eabi/5.4.1/../../../../arm-none-eabi/lib/armv7-m/libnosys.a(lseek.o)
                0x0000000008007ca0                _lseek
 .text._read    0x0000000008007cb0       0x10 /usr/local/Cellar/gcc-arm-none-eabi/20160926/bin/../lib/gcc/arm-none-eabi/5.4.1/../../../../arm-none-eabi/lib/armv7-m/libnosys.a(read.o)
                0x0000000008007cb0                _read
 .text._sbrk    0x0000000008007cc0       0x1c /usr/local/Cellar/gcc-arm-none-eabi/20160926/bin/../lib/gcc/arm-none-eabi/5.4.1/../../../../arm-none-eabi/lib/armv7-m/libnosys.a(sbrk.o)
                0x0000000008007cc0                _sbrk
 *(.glue_7)
 .glue_7        0x0000000008007cdc        0x0 linker stubs
 *(.glue_7t)
 .glue_7t       0x0000000008007cdc        0x0 linker stubs
 *(.eh_frame)
 .eh_frame      0x0000000008007cdc        0x0 /usr/local/Cellar/gcc-arm-none-eabi/20160926/bin/../lib/gcc/arm-none-eabi/5.4.1/armv7-m/crtbegin.o
 *(.init)
 .init          0x0000000008007cdc        0x4 /usr/local/Cellar/gcc-arm-none-eabi/20160926/bin/../lib/gcc/arm-none-eabi/5.4.1/armv7-m/crti.o
                0x0000000008007cdc                _init
 .init          0x0000000008007ce0        0x8 /usr/local/Cellar/gcc-arm-none-eabi/20160926/bin/../lib/gcc/arm-none-eabi/5.4.1/armv7-m/crtn.o
 *(.fini)
 .fini          0x0000000008007ce8        0x4 /usr/local/Cellar/gcc-arm-none-eabi/20160926/bin/../lib/gcc/arm-none-eabi/5.4.1/armv7-m/crti.o
                0x0000000008007ce8                _fini
 .fini          0x0000000008007cec        0x8 /usr/local/Cellar/gcc-arm-none-eabi/20160926/bin/../lib/gcc/arm-none-eabi/5.4.1/armv7-m/crtn.o
                0x0000000008007cf4                . = ALIGN (0x4)
                0x0000000008007cf4                _etext = .

.vfp11_veneer   0x0000000008007cf4        0x0
 .vfp11_veneer  0x0000000008007cf4        0x0 linker stubs

.v4_bx          0x0000000008007cf4        0x0
 .v4_bx         0x0000000008007cf4        0x0 linker stubs

.iplt           0x0000000008007cf4        0x0
 .iplt          0x0000000008007cf4        0x0 /usr/local/Cellar/gcc-arm-none-eabi/20160926/bin/../lib/gcc/arm-none-eabi/5.4.1/armv7-m/crtbegin.o

.rodata         0x0000000008007cf8      0x868
                0x0000000008007cf8                . = ALIGN (0x4)
 *(.rodata)
 *(.rodata*)
 .rodata.str1.4
                0x0000000008007cf8        0x9 build/main.o
 *fill*         0x0000000008007d01        0x3 
 .rodata.str1.4
                0x0000000008007d04       0x71 build/debug.o
                                         0x7d (size before relaxing)
 *fill*         0x0000000008007d75        0x3 
 .rodata.str1.4
                0x0000000008007d78       0x26 build/misc.o
 *fill*         0x0000000008007d9e        0x2 
 .rodata.str1.4
                0x0000000008007da0       0x2f build/stm32f10x_adc.o
 *fill*         0x0000000008007dcf        0x1 
 .rodata.str1.4
                0x0000000008007dd0       0x2f build/stm32f10x_dma.o
 *fill*         0x0000000008007dff        0x1 
 .rodata.str1.4
                0x0000000008007e00       0x30 build/stm32f10x_exti.o
 .rodata.str1.4
                0x0000000008007e30       0x30 build/stm32f10x_gpio.o
 .rodata.str1.4
                0x0000000008007e60       0x2f build/stm32f10x_pwr.o
 *fill*         0x0000000008007e8f        0x1 
 .rodata.str1.4
                0x0000000008007e90       0x2f build/stm32f10x_rcc.o
 *fill*         0x0000000008007ebf        0x1 
 .rodata.str1.4
                0x0000000008007ec0       0x31 build/stm32f10x_usart.o
 *fill*         0x0000000008007ef1        0x3 
 .rodata.str1.4
                0x0000000008007ef4      0x1e1 build/main_menu.o
                                        0x1e5 (size before relaxing)
 *fill*         0x00000000080080d5        0x3 
 .rodata.str1.4
                0x00000000080080d8       0x14 build/seven_segment.o
 .rodata.CustomHID_DeviceDescriptor
                0x00000000080080ec       0x12 build/usb_desc.o
                0x00000000080080ec                CustomHID_DeviceDescriptor
 *fill*         0x00000000080080fe        0x2 
 .rodata.CustomHID_StringProduct
                0x0000000008008100       0x20 build/usb_desc.o
                0x0000000008008100                CustomHID_StringProduct
 .rodata.CustomHID_StringVendor
                0x0000000008008120       0x26 build/usb_desc.o
                0x0000000008008120                CustomHID_StringVendor
 *fill*         0x0000000008008146        0x2 
 .rodata.CustomHID_ReportDescriptor
                0x0000000008008148       0xa2 build/usb_desc.o
                0x0000000008008148                CustomHID_ReportDescriptor
 *fill*         0x00000000080081ea        0x2 
 .rodata.CustomHID_ConfigDescriptor
                0x00000000080081ec       0x29 build/usb_desc.o
                0x00000000080081ec                CustomHID_ConfigDescriptor
 *fill*         0x0000000008008215        0x3 
 .rodata.CustomHID_StringLangID
                0x0000000008008218        0x4 build/usb_desc.o
                0x0000000008008218                CustomHID_StringLangID
 .rodata.__FUNCTION__.8005
                0x000000000800821c       0x11 build/usb_endp.o
 *fill*         0x000000000800822d        0x3 
 .rodata.__FUNCTION__.8001
                0x0000000008008230       0x10 build/usb_endp.o
 .rodata._global_impure_ptr
                0x0000000008008240        0x4 /usr/local/Cellar/gcc-arm-none-eabi/20160926/bin/../lib/gcc/arm-none-eabi/5.4.1/../../../../arm-none-eabi/lib/armv7-m/libc_nano.a(lib_a-impure.o)
                0x0000000008008240                _global_impure_ptr
 .rodata.str1.1
                0x0000000008008244       0x12 /usr/local/Cellar/gcc-arm-none-eabi/20160926/bin/../lib/gcc/arm-none-eabi/5.4.1/../../../../arm-none-eabi/lib/armv7-m/libc_nano.a(lib_a-nano-vfprintf_float.o)
 .rodata.str1.1
                0x0000000008008256       0x22 /usr/local/Cellar/gcc-arm-none-eabi/20160926/bin/../lib/gcc/arm-none-eabi/5.4.1/../../../../arm-none-eabi/lib/armv7-m/libc_nano.a(lib_a-nano-vfprintf_i.o)
 .rodata.str1.1
                0x0000000008008278        0x5 /usr/local/Cellar/gcc-arm-none-eabi/20160926/bin/../lib/gcc/arm-none-eabi/5.4.1/../../../../arm-none-eabi/lib/armv7-m/libc_nano.a(lib_a-nano-vfscanf_float.o)
 *fill*         0x000000000800827d        0x3 
 .rodata.tinytens
                0x0000000008008280       0x28 /usr/local/Cellar/gcc-arm-none-eabi/20160926/bin/../lib/gcc/arm-none-eabi/5.4.1/../../../../arm-none-eabi/lib/armv7-m/libc_nano.a(lib_a-strtod.o)
 .rodata.fpi.6179
                0x00000000080082a8       0x14 /usr/local/Cellar/gcc-arm-none-eabi/20160926/bin/../lib/gcc/arm-none-eabi/5.4.1/../../../../arm-none-eabi/lib/armv7-m/libc_nano.a(lib_a-strtod.o)
 .rodata.str1.1
                0x00000000080082bc        0x5 /usr/local/Cellar/gcc-arm-none-eabi/20160926/bin/../lib/gcc/arm-none-eabi/5.4.1/../../../../arm-none-eabi/lib/armv7-m/libc_nano.a(lib_a-strtod.o)
                                          0xc (size before relaxing)
 .rodata.fpinan.6215
                0x00000000080082bc       0x14 /usr/local/Cellar/gcc-arm-none-eabi/20160926/bin/../lib/gcc/arm-none-eabi/5.4.1/../../../../arm-none-eabi/lib/armv7-m/libc_nano.a(lib_a-strtod.o)
 .rodata.str1.1
                0x00000000080082d0        0xd /usr/local/Cellar/gcc-arm-none-eabi/20160926/bin/../lib/gcc/arm-none-eabi/5.4.1/../../../../arm-none-eabi/lib/armv7-m/libc_nano.a(lib_a-dtoa.o)
                                          0xf (size before relaxing)
 *fill*         0x00000000080082dd        0x3 
 .rodata.__sf_fake_stdin
                0x00000000080082e0       0x20 /usr/local/Cellar/gcc-arm-none-eabi/20160926/bin/../lib/gcc/arm-none-eabi/5.4.1/../../../../arm-none-eabi/lib/armv7-m/libc_nano.a(lib_a-findfp.o)
                0x00000000080082e0                __sf_fake_stdin
 .rodata.__sf_fake_stdout
                0x0000000008008300       0x20 /usr/local/Cellar/gcc-arm-none-eabi/20160926/bin/../lib/gcc/arm-none-eabi/5.4.1/../../../../arm-none-eabi/lib/armv7-m/libc_nano.a(lib_a-findfp.o)
                0x0000000008008300                __sf_fake_stdout
 .rodata.__sf_fake_stderr
                0x0000000008008320       0x20 /usr/local/Cellar/gcc-arm-none-eabi/20160926/bin/../lib/gcc/arm-none-eabi/5.4.1/../../../../arm-none-eabi/lib/armv7-m/libc_nano.a(lib_a-findfp.o)
                0x0000000008008320                __sf_fake_stderr
 .rodata.str1.1
                0x0000000008008340        0xa /usr/local/Cellar/gcc-arm-none-eabi/20160926/bin/../lib/gcc/arm-none-eabi/5.4.1/../../../../arm-none-eabi/lib/armv7-m/libc_nano.a(lib_a-locale.o)
                                          0xb (size before relaxing)
 *fill*         0x000000000800834a        0x6 
 .rodata.__mprec_tens
                0x0000000008008350       0xc8 /usr/local/Cellar/gcc-arm-none-eabi/20160926/bin/../lib/gcc/arm-none-eabi/5.4.1/../../../../arm-none-eabi/lib/armv7-m/libc_nano.a(lib_a-mprec.o)
                0x0000000008008350                __mprec_tens
 .rodata.__mprec_bigtens
                0x0000000008008418       0x28 /usr/local/Cellar/gcc-arm-none-eabi/20160926/bin/../lib/gcc/arm-none-eabi/5.4.1/../../../../arm-none-eabi/lib/armv7-m/libc_nano.a(lib_a-mprec.o)
                0x0000000008008418                __mprec_bigtens
 .rodata.p05.6097
                0x0000000008008440        0xc /usr/local/Cellar/gcc-arm-none-eabi/20160926/bin/../lib/gcc/arm-none-eabi/5.4.1/../../../../arm-none-eabi/lib/armv7-m/libc_nano.a(lib_a-mprec.o)
 .rodata.str1.1
                0x000000000800844c       0x11 /usr/local/Cellar/gcc-arm-none-eabi/20160926/bin/../lib/gcc/arm-none-eabi/5.4.1/../../../../arm-none-eabi/lib/armv7-m/libc_nano.a(lib_a-nano-svfprintf.o)
 .rodata.str1.1
                0x000000000800845d       0x11 /usr/local/Cellar/gcc-arm-none-eabi/20160926/bin/../lib/gcc/arm-none-eabi/5.4.1/../../../../arm-none-eabi/lib/armv7-m/libc_nano.a(lib_a-nano-vfprintf.o)
 .rodata._ctype_
                0x000000000800845d      0x101 /usr/local/Cellar/gcc-arm-none-eabi/20160926/bin/../lib/gcc/arm-none-eabi/5.4.1/../../../../arm-none-eabi/lib/armv7-m/libc_nano.a(lib_a-ctype_.o)
                0x000000000800845d                _ctype_
                0x0000000008008560                . = ALIGN (0x4)
 *fill*         0x000000000800855e        0x2 

.rel.dyn        0x0000000008008560        0x0
 .rel.iplt      0x0000000008008560        0x0 /usr/local/Cellar/gcc-arm-none-eabi/20160926/bin/../lib/gcc/arm-none-eabi/5.4.1/armv7-m/crtbegin.o

.ARM.extab
 *(.ARM.extab* .gnu.linkonce.armextab.*)

.ARM            0x0000000008008560        0x0
                0x0000000008008560                __exidx_start = .
 *(.ARM.exidx*)
                0x0000000008008560                __exidx_end = .

.preinit_array  0x0000000008008560        0x0
                0x0000000008008560                PROVIDE (__preinit_array_start, .)
 *(.preinit_array*)
                0x0000000008008560                PROVIDE (__preinit_array_end, .)

.init_array     0x0000000008008560        0x4
                0x0000000008008560                PROVIDE (__init_array_start, .)
 *(SORT(.init_array.*))
 *(.init_array*)
 .init_array    0x0000000008008560        0x4 /usr/local/Cellar/gcc-arm-none-eabi/20160926/bin/../lib/gcc/arm-none-eabi/5.4.1/armv7-m/crtbegin.o
                0x0000000008008564                PROVIDE (__init_array_end, .)

.fini_array     0x0000000008008564        0x4
                [!provide]                        PROVIDE (__fini_array_start, .)
 *(SORT(.fini_array.*))
 *(.fini_array*)
 .fini_array    0x0000000008008564        0x4 /usr/local/Cellar/gcc-arm-none-eabi/20160926/bin/../lib/gcc/arm-none-eabi/5.4.1/armv7-m/crtbegin.o
                [!provide]                        PROVIDE (__fini_array_end, .)
                0x0000000008008568                _sidata = LOADADDR (.data)

.data           0x0000000020000000      0x2d0 load address 0x0000000008008568
                0x0000000020000000                . = ALIGN (0x4)
                0x0000000020000000                _sdata = .
 *(.data)
 *(.data*)
 .data.ADCPrescTable
                0x0000000020000000        0x4 build/stm32f10x_rcc.o
 .data.APBAHBPrescTable
                0x0000000020000004       0x10 build/stm32f10x_rcc.o
 .data.CustomHID_StringSerial
                0x0000000020000014       0x1a build/usb_desc.o
                0x0000000020000014                CustomHID_StringSerial
 *fill*         0x000000002000002e        0x2 
 .data.pEpInt_IN
                0x0000000020000030       0x1c build/usb_istr.o
                0x0000000020000030                pEpInt_IN
 .data.pEpInt_OUT
                0x000000002000004c       0x1c build/usb_istr.o
                0x000000002000004c                pEpInt_OUT
 .data.Config_Descriptor
                0x0000000020000068        0x8 build/usb_prop.o
                0x0000000020000068                Config_Descriptor
 .data.Device_Property
                0x0000000020000070       0x30 build/usb_prop.o
                0x0000000020000070                Device_Property
 .data.User_Standard_Requests
                0x00000000200000a0       0x24 build/usb_prop.o
                0x00000000200000a0                User_Standard_Requests
 .data.CustomHID_Report_Descriptor
                0x00000000200000c4        0x8 build/usb_prop.o
                0x00000000200000c4                CustomHID_Report_Descriptor
 .data.Device_Descriptor
                0x00000000200000cc        0x8 build/usb_prop.o
                0x00000000200000cc                Device_Descriptor
 .data.String_Descriptor
                0x00000000200000d4       0x20 build/usb_prop.o
                0x00000000200000d4                String_Descriptor
 .data.CustomHID_Hid_Descriptor
                0x00000000200000f4        0x8 build/usb_prop.o
                0x00000000200000f4                CustomHID_Hid_Descriptor
 .data.Device_Table
                0x00000000200000fc        0x2 build/usb_prop.o
                0x00000000200000fc                Device_Table
 .data.fSuspendEnabled
                0x00000000200000fe        0x1 build/usb_pwr.o
                0x00000000200000fe                fSuspendEnabled
 *fill*         0x00000000200000ff        0x1 
 .data.impure_data
                0x0000000020000100       0x60 /usr/local/Cellar/gcc-arm-none-eabi/20160926/bin/../lib/gcc/arm-none-eabi/5.4.1/../../../../arm-none-eabi/lib/armv7-m/libc_nano.a(lib_a-impure.o)
 .data._impure_ptr
                0x0000000020000160        0x4 /usr/local/Cellar/gcc-arm-none-eabi/20160926/bin/../lib/gcc/arm-none-eabi/5.4.1/../../../../arm-none-eabi/lib/armv7-m/libc_nano.a(lib_a-impure.o)
                0x0000000020000160                _impure_ptr
 .data.__global_locale
                0x0000000020000164      0x16c /usr/local/Cellar/gcc-arm-none-eabi/20160926/bin/../lib/gcc/arm-none-eabi/5.4.1/../../../../arm-none-eabi/lib/armv7-m/libc_nano.a(lib_a-locale.o)
                0x0000000020000164                __global_locale
                0x00000000200002d0                . = ALIGN (0x4)
                0x00000000200002d0                _edata = .

.jcr            0x00000000200002d0        0x0 load address 0x0000000008008838
 .jcr           0x00000000200002d0        0x0 /usr/local/Cellar/gcc-arm-none-eabi/20160926/bin/../lib/gcc/arm-none-eabi/5.4.1/armv7-m/crtbegin.o

.igot.plt       0x00000000200002d0        0x0 load address 0x0000000008008838
 .igot.plt      0x00000000200002d0        0x0 /usr/local/Cellar/gcc-arm-none-eabi/20160926/bin/../lib/gcc/arm-none-eabi/5.4.1/armv7-m/crtbegin.o
                0x00000000200002d0                . = ALIGN (0x4)

.bss            0x00000000200002d0      0x12c load address 0x0000000008008838
                0x00000000200002d0                _sbss = .
                0x00000000200002d0                __bss_start__ = _sbss
 *(.bss)
 .bss           0x00000000200002d0       0x1c /usr/local/Cellar/gcc-arm-none-eabi/20160926/bin/../lib/gcc/arm-none-eabi/5.4.1/armv7-m/crtbegin.o
 *(.bss*)
 .bss.g_TestProcessState
                0x00000000200002ec        0x1 build/main.o
                0x00000000200002ec                g_TestProcessState
 *fill*         0x00000000200002ed        0x3 
 .bss.ADC_ConvertedValueX
                0x00000000200002f0        0x4 build/hw_config.o
                0x00000000200002f0                ADC_ConvertedValueX
 .bss.ADC_ConvertedValueX_1
                0x00000000200002f4        0x4 build/hw_config.o
                0x00000000200002f4                ADC_ConvertedValueX_1
 .bss.TimingDelay
                0x00000000200002f8        0x4 build/hw_config.o
 .bss.Data_Mul_MaxPacketSize
                0x00000000200002fc        0x1 build/usb_core.o
                0x00000000200002fc                Data_Mul_MaxPacketSize
 .bss.bIntPackSOF
                0x00000000200002fd        0x1 build/usb_istr.o
                0x00000000200002fd                bIntPackSOF
 *fill*         0x00000000200002fe        0x2 
 .bss.bDeviceState
                0x0000000020000300        0x4 build/usb_pwr.o
                0x0000000020000300                bDeviceState
 .bss.__malloc_sbrk_start
                0x0000000020000304        0x4 /usr/local/Cellar/gcc-arm-none-eabi/20160926/bin/../lib/gcc/arm-none-eabi/5.4.1/../../../../arm-none-eabi/lib/armv7-m/libc_nano.a(lib_a-nano-mallocr.o)
                0x0000000020000304                __malloc_sbrk_start
 .bss.__malloc_free_list
                0x0000000020000308        0x4 /usr/local/Cellar/gcc-arm-none-eabi/20160926/bin/../lib/gcc/arm-none-eabi/5.4.1/../../../../arm-none-eabi/lib/armv7-m/libc_nano.a(lib_a-nano-mallocr.o)
                0x0000000020000308                __malloc_free_list
 .bss.heap_end.4167
                0x000000002000030c        0x4 /usr/local/Cellar/gcc-arm-none-eabi/20160926/bin/../lib/gcc/arm-none-eabi/5.4.1/../../../../arm-none-eabi/lib/armv7-m/libnosys.a(sbrk.o)
 *(COMMON)
 COMMON         0x0000000020000310       0x14 build/main.o
                0x0000000020000310                rcc_clocks
 COMMON         0x0000000020000324        0x2 build/stm32f10x_it.o
                0x0000000020000324                Send_Buffer
 *fill*         0x0000000020000326        0x2 
 COMMON         0x0000000020000328        0x2 build/usb_core.o
                0x0000000020000328                StatusInfo
 *fill*         0x000000002000032a        0x2 
 COMMON         0x000000002000032c       0x32 build/usb_init.o
                0x000000002000032c                SaveState
                0x0000000020000330                pProperty
                0x0000000020000334                EPindex
                0x0000000020000338                Device_Info
                0x0000000020000354                pUser_Standard_Requests
                0x0000000020000358                pInformation
                0x000000002000035c                wInterrupt_Mask
 COMMON         0x000000002000035e        0x4 build/usb_int.o
                0x000000002000035e                SaveRState
                0x0000000020000360                SaveTState
 *fill*         0x0000000020000362        0x2 
 COMMON         0x0000000020000364       0x88 build/main_menu.o
                0x0000000020000364                cmd_size
                0x0000000020000368                ch
                0x000000002000036c                cmd
 COMMON         0x00000000200003ec        0x2 build/usb_endp.o
                0x00000000200003ec                Receive_Buffer
 COMMON         0x00000000200003ee        0x2 build/usb_istr.o
                0x00000000200003ee                wIstr
 COMMON         0x00000000200003f0        0x4 build/usb_prop.o
                0x00000000200003f0                ProtocolValue
 COMMON         0x00000000200003f4        0x2 build/usb_pwr.o
                0x00000000200003f4                ResumeS
 *fill*         0x00000000200003f6        0x2 
 COMMON         0x00000000200003f8        0x4 /usr/local/Cellar/gcc-arm-none-eabi/20160926/bin/../lib/gcc/arm-none-eabi/5.4.1/../../../../arm-none-eabi/lib/armv7-m/libc_nano.a(lib_a-reent.o)
                0x00000000200003f8                errno
                0x00000000200003fc                . = ALIGN (0x4)
                0x00000000200003fc                _ebss = .
                0x00000000200003fc                __bss_end__ = _ebss

._user_heap_stack
                0x00000000200003fc      0x604 load address 0x0000000008008838
                0x0000000020000400                . = ALIGN (0x8)
 *fill*         0x00000000200003fc        0x4 
                0x0000000020000400                PROVIDE (end, .)
                [!provide]                        PROVIDE (_end, .)
                0x0000000020000600                . = (. + _Min_Heap_Size)
 *fill*         0x0000000020000400      0x200 
                0x0000000020000a00                . = (. + _Min_Stack_Size)
 *fill*         0x0000000020000600      0x400 
                0x0000000020000a00                . = ALIGN (0x8)

/DISCARD/
 libc.a(*)
 libm.a(*)
 libgcc.a(*)

.ARM.attributes
                0x0000000000000000       0x29
 *(.ARM.attributes)
 .ARM.attributes
                0x0000000000000000       0x1d /usr/local/Cellar/gcc-arm-none-eabi/20160926/bin/../lib/gcc/arm-none-eabi/5.4.1/armv7-m/crti.o
 .ARM.attributes
                0x000000000000001d       0x2d /usr/local/Cellar/gcc-arm-none-eabi/20160926/bin/../lib/gcc/arm-none-eabi/5.4.1/armv7-m/crtbegin.o
 .ARM.attributes
                0x000000000000004a       0x33 build/main.o
 .ARM.attributes
                0x000000000000007d       0x33 build/stm32f10x_it.o
 .ARM.attributes
                0x00000000000000b0       0x33 build/hw_config.o
 .ARM.attributes
                0x00000000000000e3       0x33 build/debug.o
 .ARM.attributes
                0x0000000000000116       0x33 build/syscalls.o
 .ARM.attributes
                0x0000000000000149       0x33 build/misc.o
 .ARM.attributes
                0x000000000000017c       0x33 build/stm32f10x_adc.o
 .ARM.attributes
                0x00000000000001af       0x33 build/stm32f10x_dma.o
 .ARM.attributes
                0x00000000000001e2       0x33 build/stm32f10x_exti.o
 .ARM.attributes
                0x0000000000000215       0x33 build/stm32f10x_gpio.o
 .ARM.attributes
                0x0000000000000248       0x33 build/stm32f10x_pwr.o
 .ARM.attributes
                0x000000000000027b       0x33 build/stm32f10x_rcc.o
 .ARM.attributes
                0x00000000000002ae       0x33 build/stm32f10x_usart.o
 .ARM.attributes
                0x00000000000002e1       0x33 build/usb_core.o
 .ARM.attributes
                0x0000000000000314       0x33 build/usb_init.o
 .ARM.attributes
                0x0000000000000347       0x33 build/usb_int.o
 .ARM.attributes
                0x000000000000037a       0x33 build/usb_mem.o
 .ARM.attributes
                0x00000000000003ad       0x33 build/usb_regs.o
 .ARM.attributes
                0x00000000000003e0       0x33 build/system_stm32f10x.o
 .ARM.attributes
                0x0000000000000413       0x33 build/main_menu.o
 .ARM.attributes
                0x0000000000000446       0x33 build/key.o
 .ARM.attributes
                0x0000000000000479       0x33 build/led.o
 .ARM.attributes
                0x00000000000004ac       0x33 build/seven_segment.o
 .ARM.attributes
                0x00000000000004df       0x33 build/usb_desc.o
 .ARM.attributes
                0x0000000000000512       0x33 build/usb_endp.o
 .ARM.attributes
                0x0000000000000545       0x33 build/usb_istr.o
 .ARM.attributes
                0x0000000000000578       0x33 build/usb_prop.o
 .ARM.attributes
                0x00000000000005ab       0x33 build/usb_pwr.o
 .ARM.attributes
                0x00000000000005de       0x21 build/startup_stm32f10x_md.o
 .ARM.attributes
                0x00000000000005ff       0x2d /usr/local/Cellar/gcc-arm-none-eabi/20160926/bin/../lib/gcc/arm-none-eabi/5.4.1/../../../../arm-none-eabi/lib/armv7-m/libc_nano.a(lib_a-impure.o)
 .ARM.attributes
                0x000000000000062c       0x2d /usr/local/Cellar/gcc-arm-none-eabi/20160926/bin/../lib/gcc/arm-none-eabi/5.4.1/../../../../arm-none-eabi/lib/armv7-m/libc_nano.a(lib_a-memcpy-stub.o)
 .ARM.attributes
                0x0000000000000659       0x2d /usr/local/Cellar/gcc-arm-none-eabi/20160926/bin/../lib/gcc/arm-none-eabi/5.4.1/../../../../arm-none-eabi/lib/armv7-m/libc_nano.a(lib_a-memset.o)
 .ARM.attributes
                0x0000000000000686       0x2d /usr/local/Cellar/gcc-arm-none-eabi/20160926/bin/../lib/gcc/arm-none-eabi/5.4.1/../../../../arm-none-eabi/lib/armv7-m/libc_nano.a(lib_a-nano-vfprintf_float.o)
 .ARM.attributes
                0x00000000000006b3       0x2d /usr/local/Cellar/gcc-arm-none-eabi/20160926/bin/../lib/gcc/arm-none-eabi/5.4.1/../../../../arm-none-eabi/lib/armv7-m/libc_nano.a(lib_a-nano-vfprintf_i.o)
 .ARM.attributes
                0x00000000000006e0       0x2d /usr/local/Cellar/gcc-arm-none-eabi/20160926/bin/../lib/gcc/arm-none-eabi/5.4.1/../../../../arm-none-eabi/lib/armv7-m/libc_nano.a(lib_a-nano-vfscanf_float.o)
 .ARM.attributes
                0x000000000000070d       0x2d /usr/local/Cellar/gcc-arm-none-eabi/20160926/bin/../lib/gcc/arm-none-eabi/5.4.1/../../../../arm-none-eabi/lib/armv7-m/libc_nano.a(lib_a-printf.o)
 .ARM.attributes
                0x000000000000073a       0x2d /usr/local/Cellar/gcc-arm-none-eabi/20160926/bin/../lib/gcc/arm-none-eabi/5.4.1/../../../../arm-none-eabi/lib/armv7-m/libc_nano.a(lib_a-puts.o)
 .ARM.attributes
                0x0000000000000767       0x2d /usr/local/Cellar/gcc-arm-none-eabi/20160926/bin/../lib/gcc/arm-none-eabi/5.4.1/../../../../arm-none-eabi/lib/armv7-m/libc_nano.a(lib_a-sf_nan.o)
 .ARM.attributes
                0x0000000000000794       0x2d /usr/local/Cellar/gcc-arm-none-eabi/20160926/bin/../lib/gcc/arm-none-eabi/5.4.1/../../../../arm-none-eabi/lib/armv7-m/libc_nano.a(lib_a-sprintf.o)
 .ARM.attributes
                0x00000000000007c1       0x17 /usr/local/Cellar/gcc-arm-none-eabi/20160926/bin/../lib/gcc/arm-none-eabi/5.4.1/../../../../arm-none-eabi/lib/armv7-m/libc_nano.a(lib_a-strlen.o)
 .ARM.attributes
                0x00000000000007d8       0x2d /usr/local/Cellar/gcc-arm-none-eabi/20160926/bin/../lib/gcc/arm-none-eabi/5.4.1/../../../../arm-none-eabi/lib/armv7-m/libc_nano.a(lib_a-strtod.o)
 .ARM.attributes
                0x0000000000000805       0x2d /usr/local/Cellar/gcc-arm-none-eabi/20160926/bin/../lib/gcc/arm-none-eabi/5.4.1/../../../../arm-none-eabi/lib/armv7-m/libc_nano.a(lib_a-strtol.o)
 .ARM.attributes
                0x0000000000000832       0x2d /usr/local/Cellar/gcc-arm-none-eabi/20160926/bin/../lib/gcc/arm-none-eabi/5.4.1/../../../../arm-none-eabi/lib/armv7-m/libc_nano.a(lib_a-wbuf.o)
 .ARM.attributes
                0x000000000000085f       0x2d /usr/local/Cellar/gcc-arm-none-eabi/20160926/bin/../lib/gcc/arm-none-eabi/5.4.1/../../../../arm-none-eabi/lib/armv7-m/libc_nano.a(lib_a-wsetup.o)
 .ARM.attributes
                0x000000000000088c       0x2d /usr/local/Cellar/gcc-arm-none-eabi/20160926/bin/../lib/gcc/arm-none-eabi/5.4.1/../../../../arm-none-eabi/lib/armv7-m/libc_nano.a(lib_a-dtoa.o)
 .ARM.attributes
                0x00000000000008b9       0x2d /usr/local/Cellar/gcc-arm-none-eabi/20160926/bin/../lib/gcc/arm-none-eabi/5.4.1/../../../../arm-none-eabi/lib/armv7-m/libc_nano.a(lib_a-fflush.o)
 .ARM.attributes
                0x00000000000008e6       0x2d /usr/local/Cellar/gcc-arm-none-eabi/20160926/bin/../lib/gcc/arm-none-eabi/5.4.1/../../../../arm-none-eabi/lib/armv7-m/libc_nano.a(lib_a-findfp.o)
 .ARM.attributes
                0x0000000000000913       0x2d /usr/local/Cellar/gcc-arm-none-eabi/20160926/bin/../lib/gcc/arm-none-eabi/5.4.1/../../../../arm-none-eabi/lib/armv7-m/libc_nano.a(lib_a-fwalk.o)
 .ARM.attributes
                0x0000000000000940       0x2d /usr/local/Cellar/gcc-arm-none-eabi/20160926/bin/../lib/gcc/arm-none-eabi/5.4.1/../../../../arm-none-eabi/lib/armv7-m/libc_nano.a(lib_a-gdtoa-gethex.o)
 .ARM.attributes
                0x000000000000096d       0x2d /usr/local/Cellar/gcc-arm-none-eabi/20160926/bin/../lib/gcc/arm-none-eabi/5.4.1/../../../../arm-none-eabi/lib/armv7-m/libc_nano.a(lib_a-gdtoa-hexnan.o)
 .ARM.attributes
                0x000000000000099a       0x2d /usr/local/Cellar/gcc-arm-none-eabi/20160926/bin/../lib/gcc/arm-none-eabi/5.4.1/../../../../arm-none-eabi/lib/armv7-m/libc_nano.a(lib_a-locale.o)
 .ARM.attributes
                0x00000000000009c7       0x2d /usr/local/Cellar/gcc-arm-none-eabi/20160926/bin/../lib/gcc/arm-none-eabi/5.4.1/../../../../arm-none-eabi/lib/armv7-m/libc_nano.a(lib_a-localeconv.o)
 .ARM.attributes
                0x00000000000009f4       0x2d /usr/local/Cellar/gcc-arm-none-eabi/20160926/bin/../lib/gcc/arm-none-eabi/5.4.1/../../../../arm-none-eabi/lib/armv7-m/libc_nano.a(lib_a-makebuf.o)
 .ARM.attributes
                0x0000000000000a21       0x2d /usr/local/Cellar/gcc-arm-none-eabi/20160926/bin/../lib/gcc/arm-none-eabi/5.4.1/../../../../arm-none-eabi/lib/armv7-m/libc_nano.a(lib_a-malloc.o)
 .ARM.attributes
                0x0000000000000a4e       0x2d /usr/local/Cellar/gcc-arm-none-eabi/20160926/bin/../lib/gcc/arm-none-eabi/5.4.1/../../../../arm-none-eabi/lib/armv7-m/libc_nano.a(lib_a-mbtowc_r.o)
 .ARM.attributes
                0x0000000000000a7b       0x2d /usr/local/Cellar/gcc-arm-none-eabi/20160926/bin/../lib/gcc/arm-none-eabi/5.4.1/../../../../arm-none-eabi/lib/armv7-m/libc_nano.a(lib_a-memchr-stub.o)
 .ARM.attributes
                0x0000000000000aa8       0x2d /usr/local/Cellar/gcc-arm-none-eabi/20160926/bin/../lib/gcc/arm-none-eabi/5.4.1/../../../../arm-none-eabi/lib/armv7-m/libc_nano.a(lib_a-mprec.o)
 .ARM.attributes
                0x0000000000000ad5       0x2d /usr/local/Cellar/gcc-arm-none-eabi/20160926/bin/../lib/gcc/arm-none-eabi/5.4.1/../../../../arm-none-eabi/lib/armv7-m/libc_nano.a(lib_a-nano-callocr.o)
 .ARM.attributes
                0x0000000000000b02       0x2d /usr/local/Cellar/gcc-arm-none-eabi/20160926/bin/../lib/gcc/arm-none-eabi/5.4.1/../../../../arm-none-eabi/lib/armv7-m/libc_nano.a(lib_a-nano-freer.o)
 .ARM.attributes
                0x0000000000000b2f       0x2d /usr/local/Cellar/gcc-arm-none-eabi/20160926/bin/../lib/gcc/arm-none-eabi/5.4.1/../../../../arm-none-eabi/lib/armv7-m/libc_nano.a(lib_a-nano-mallocr.o)
 .ARM.attributes
                0x0000000000000b5c       0x2d /usr/local/Cellar/gcc-arm-none-eabi/20160926/bin/../lib/gcc/arm-none-eabi/5.4.1/../../../../arm-none-eabi/lib/armv7-m/libc_nano.a(lib_a-nano-svfprintf.o)
 .ARM.attributes
                0x0000000000000b89       0x2d /usr/local/Cellar/gcc-arm-none-eabi/20160926/bin/../lib/gcc/arm-none-eabi/5.4.1/../../../../arm-none-eabi/lib/armv7-m/libc_nano.a(lib_a-nano-vfprintf.o)
 .ARM.attributes
                0x0000000000000bb6       0x2d /usr/local/Cellar/gcc-arm-none-eabi/20160926/bin/../lib/gcc/arm-none-eabi/5.4.1/../../../../arm-none-eabi/lib/armv7-m/libc_nano.a(lib_a-sbrkr.o)
 .ARM.attributes
                0x0000000000000be3       0x2d /usr/local/Cellar/gcc-arm-none-eabi/20160926/bin/../lib/gcc/arm-none-eabi/5.4.1/../../../../arm-none-eabi/lib/armv7-m/libc_nano.a(lib_a-stdio.o)
 .ARM.attributes
                0x0000000000000c10       0x2d /usr/local/Cellar/gcc-arm-none-eabi/20160926/bin/../lib/gcc/arm-none-eabi/5.4.1/../../../../arm-none-eabi/lib/armv7-m/libc_nano.a(lib_a-strncmp.o)
 .ARM.attributes
                0x0000000000000c3d       0x2d /usr/local/Cellar/gcc-arm-none-eabi/20160926/bin/../lib/gcc/arm-none-eabi/5.4.1/../../../../arm-none-eabi/lib/armv7-m/libc_nano.a(lib_a-wctomb_r.o)
 .ARM.attributes
                0x0000000000000c6a       0x2d /usr/local/Cellar/gcc-arm-none-eabi/20160926/bin/../lib/gcc/arm-none-eabi/5.4.1/../../../../arm-none-eabi/lib/armv7-m/libc_nano.a(lib_a-writer.o)
 .ARM.attributes
                0x0000000000000c97       0x2d /usr/local/Cellar/gcc-arm-none-eabi/20160926/bin/../lib/gcc/arm-none-eabi/5.4.1/../../../../arm-none-eabi/lib/armv7-m/libc_nano.a(lib_a-closer.o)
 .ARM.attributes
                0x0000000000000cc4       0x2d /usr/local/Cellar/gcc-arm-none-eabi/20160926/bin/../lib/gcc/arm-none-eabi/5.4.1/../../../../arm-none-eabi/lib/armv7-m/libc_nano.a(lib_a-ctype_.o)
 .ARM.attributes
                0x0000000000000cf1       0x2d /usr/local/Cellar/gcc-arm-none-eabi/20160926/bin/../lib/gcc/arm-none-eabi/5.4.1/../../../../arm-none-eabi/lib/armv7-m/libc_nano.a(lib_a-fstatr.o)
 .ARM.attributes
                0x0000000000000d1e       0x2d /usr/local/Cellar/gcc-arm-none-eabi/20160926/bin/../lib/gcc/arm-none-eabi/5.4.1/../../../../arm-none-eabi/lib/armv7-m/libc_nano.a(lib_a-isattyr.o)
 .ARM.attributes
                0x0000000000000d4b       0x2d /usr/local/Cellar/gcc-arm-none-eabi/20160926/bin/../lib/gcc/arm-none-eabi/5.4.1/../../../../arm-none-eabi/lib/armv7-m/libc_nano.a(lib_a-lseekr.o)
 .ARM.attributes
                0x0000000000000d78       0x2d /usr/local/Cellar/gcc-arm-none-eabi/20160926/bin/../lib/gcc/arm-none-eabi/5.4.1/../../../../arm-none-eabi/lib/armv7-m/libc_nano.a(lib_a-memmove.o)
 .ARM.attributes
                0x0000000000000da5       0x2d /usr/local/Cellar/gcc-arm-none-eabi/20160926/bin/../lib/gcc/arm-none-eabi/5.4.1/../../../../arm-none-eabi/lib/armv7-m/libc_nano.a(lib_a-mlock.o)
 .ARM.attributes